Archive member included to satisfy reference by file (symbol)

/usr/lib/gcc/arm-none-eabi/12.2.1/thumb/v6-m/nofp/libgcc.a(_udivsi3.o)
                              build/nanos/obj/sdk/lib_standard_app/base58.o (__aeabi_uidiv)
/usr/lib/gcc/arm-none-eabi/12.2.1/thumb/v6-m/nofp/libgcc.a(_divsi3.o)
                              build/nanos/obj/sdk/lib_standard_app/base58.o (__aeabi_idiv)
/usr/lib/gcc/arm-none-eabi/12.2.1/thumb/v6-m/nofp/libgcc.a(_dvmd_tls.o)
                              /usr/lib/gcc/arm-none-eabi/12.2.1/thumb/v6-m/nofp/libgcc.a(_udivsi3.o) (__aeabi_idiv0)
/usr/lib/gcc/arm-none-eabi/12.2.1/thumb/v6-m/nofp/libgcc.a(_aeabi_ldivmod.o)
                              build/nanos/obj/sdk/lib_standard_app/format.o (__aeabi_ldivmod)
/usr/lib/gcc/arm-none-eabi/12.2.1/thumb/v6-m/nofp/libgcc.a(_aeabi_uldivmod.o)
                              build/nanos/obj/sdk/lib_standard_app/format.o (__aeabi_uldivmod)
/usr/lib/gcc/arm-none-eabi/12.2.1/thumb/v6-m/nofp/libgcc.a(_muldi3.o)
                              build/nanos/obj/sdk/lib_standard_app/format.o (__aeabi_lmul)
/usr/lib/gcc/arm-none-eabi/12.2.1/thumb/v6-m/nofp/libgcc.a(_udivmoddi4.o)
                              /usr/lib/gcc/arm-none-eabi/12.2.1/thumb/v6-m/nofp/libgcc.a(_aeabi_uldivmod.o) (__udivmoddi4)
/usr/lib/gcc/arm-none-eabi/12.2.1/thumb/v6-m/nofp/libgcc.a(bpabi.o)
                              /usr/lib/gcc/arm-none-eabi/12.2.1/thumb/v6-m/nofp/libgcc.a(_aeabi_ldivmod.o) (__gnu_ldivmod_helper)
/usr/lib/gcc/arm-none-eabi/12.2.1/thumb/v6-m/nofp/libgcc.a(_clzdi2.o)
                              /usr/lib/gcc/arm-none-eabi/12.2.1/thumb/v6-m/nofp/libgcc.a(_udivmoddi4.o) (__clzdi2)
/usr/lib/gcc/arm-none-eabi/12.2.1/thumb/v6-m/nofp/libgcc.a(_divdi3.o)
                              /usr/lib/gcc/arm-none-eabi/12.2.1/thumb/v6-m/nofp/libgcc.a(bpabi.o) (__divdi3)
/usr/lib/gcc/arm-none-eabi/12.2.1/thumb/v6-m/nofp/libgcc.a(_clzsi2.o)
                              /usr/lib/gcc/arm-none-eabi/12.2.1/thumb/v6-m/nofp/libgcc.a(_clzdi2.o) (__clzsi2)
/usr/lib/gcc/arm-none-eabi/12.2.1/../../../arm-none-eabi/lib/thumb/v6-m/nofp/libc_nano.a(lib_a-aeabi_memclr.o)
                              build/nanos/obj/sdk/lib_standard_app/bip32.o (__aeabi_memclr)
/usr/lib/gcc/arm-none-eabi/12.2.1/../../../arm-none-eabi/lib/thumb/v6-m/nofp/libc_nano.a(lib_a-aeabi_memcpy.o)
                              build/nanos/obj/sdk/lib_standard_app/base58.o (__aeabi_memcpy)
/usr/lib/gcc/arm-none-eabi/12.2.1/../../../arm-none-eabi/lib/thumb/v6-m/nofp/libc_nano.a(lib_a-aeabi_memmove.o)
                              build/nanos/obj/sdk/lib_standard_app/buffer.o (__aeabi_memmove)
/usr/lib/gcc/arm-none-eabi/12.2.1/../../../arm-none-eabi/lib/thumb/v6-m/nofp/libc_nano.a(lib_a-aeabi_memset.o)
                              build/nanos/obj/sdk/lib_standard_app/base58.o (__aeabi_memset)
/usr/lib/gcc/arm-none-eabi/12.2.1/../../../arm-none-eabi/lib/thumb/v6-m/nofp/libc_nano.a(lib_a-explicit_bzero.o)
                              build/nanos/obj/sdk/lib_standard_app/crypto_helpers.o (explicit_bzero)
/usr/lib/gcc/arm-none-eabi/12.2.1/../../../arm-none-eabi/lib/thumb/v6-m/nofp/libc_nano.a(lib_a-memcmp.o)
                              build/nanos/obj/sdk/src/os.o (memcmp)
/usr/lib/gcc/arm-none-eabi/12.2.1/../../../arm-none-eabi/lib/thumb/v6-m/nofp/libc_nano.a(lib_a-memcpy-stub.o)
                              /usr/lib/gcc/arm-none-eabi/12.2.1/../../../arm-none-eabi/lib/thumb/v6-m/nofp/libc_nano.a(lib_a-aeabi_memcpy.o) (memcpy)
/usr/lib/gcc/arm-none-eabi/12.2.1/../../../arm-none-eabi/lib/thumb/v6-m/nofp/libc_nano.a(lib_a-memmove.o)
                              /usr/lib/gcc/arm-none-eabi/12.2.1/../../../arm-none-eabi/lib/thumb/v6-m/nofp/libc_nano.a(lib_a-aeabi_memmove.o) (memmove)
/usr/lib/gcc/arm-none-eabi/12.2.1/../../../arm-none-eabi/lib/thumb/v6-m/nofp/libc_nano.a(lib_a-memset.o)
                              /usr/lib/gcc/arm-none-eabi/12.2.1/../../../arm-none-eabi/lib/thumb/v6-m/nofp/libc_nano.a(lib_a-aeabi_memset.o) (memset)
/usr/lib/gcc/arm-none-eabi/12.2.1/../../../arm-none-eabi/lib/thumb/v6-m/nofp/libc_nano.a(lib_a-setjmp.o)
                              build/nanos/obj/sdk/lib_standard_app/crypto_helpers.o (setjmp)
/usr/lib/gcc/arm-none-eabi/12.2.1/../../../arm-none-eabi/lib/thumb/v6-m/nofp/libc_nano.a(lib_a-strlen-stub.o)
                              build/nanos/obj/sdk/lib_standard_app/bip32.o (strlen)
/usr/lib/gcc/arm-none-eabi/12.2.1/../../../arm-none-eabi/lib/thumb/v6-m/nofp/libc_nano.a(lib_a-strncpy.o)
                              build/nanos/obj/sdk/lib_standard_app/format.o (strncpy)
/usr/lib/gcc/arm-none-eabi/12.2.1/../../../arm-none-eabi/lib/thumb/v6-m/nofp/libc_nano.a(lib_a-bzero.o)
                              /usr/lib/gcc/arm-none-eabi/12.2.1/../../../arm-none-eabi/lib/thumb/v6-m/nofp/libc_nano.a(lib_a-explicit_bzero.o) (bzero)

Discarded input sections

 .text          0x00000000        0x0 build/nanos/gen_src/glyphs.o
 .rodata.C_icon_back_colors
[...]
Memory Configuration

Name             Origin             Length             Attributes
DISCARD          0xd0000000         0x00100000         xrw
FLASH            0xc0d00000         0x00064000         xr
SRAM             0x20000200         0x00001200         xrw
CXSRAM           0x20001400         0x00000400         xrw
*default*        0x00000000         0xffffffff

Linker script and memory map

LOAD build/nanos/gen_src/glyphs.o
LOAD build/nanos/obj/sdk/lib_bagl/src/bagl.o
LOAD build/nanos/obj/sdk/lib_bagl/src/bagl_fonts.o
LOAD build/nanos/obj/sdk/lib_bagl/src/bagl_glyphs.o
LOAD build/nanos/obj/sdk/lib_standard_app/base58.o
LOAD build/nanos/obj/sdk/lib_standard_app/bip32.o
LOAD build/nanos/obj/sdk/lib_standard_app/buffer.o
LOAD build/nanos/obj/sdk/lib_standard_app/crypto_helpers.o
LOAD build/nanos/obj/sdk/lib_standard_app/format.o
LOAD build/nanos/obj/sdk/lib_standard_app/io.o
LOAD build/nanos/obj/sdk/lib_standard_app/main.o
LOAD build/nanos/obj/sdk/lib_standard_app/parser.o
LOAD build/nanos/obj/sdk/lib_standard_app/read.o
LOAD build/nanos/obj/sdk/lib_standard_app/swap_error_code_helpers.o
LOAD build/nanos/obj/sdk/lib_standard_app/swap_utils.o
LOAD build/nanos/obj/sdk/lib_standard_app/varint.o
LOAD build/nanos/obj/sdk/lib_standard_app/write.o
LOAD build/nanos/obj/sdk/lib_stusb/STM32_USB_Device_Library/Class/CCID/src/usbd_ccid_cmd.o
LOAD build/nanos/obj/sdk/lib_stusb/STM32_USB_Device_Library/Class/CCID/src/usbd_ccid_core.o
LOAD build/nanos/obj/sdk/lib_stusb/STM32_USB_Device_Library/Class/CCID/src/usbd_ccid_if.o
LOAD build/nanos/obj/sdk/lib_stusb/STM32_USB_Device_Library/Class/HID/Src/usbd_hid.o
LOAD build/nanos/obj/sdk/lib_stusb/STM32_USB_Device_Library/Core/Src/usbd_core.o
LOAD build/nanos/obj/sdk/lib_stusb/STM32_USB_Device_Library/Core/Src/usbd_ctlreq.o
LOAD build/nanos/obj/sdk/lib_stusb/STM32_USB_Device_Library/Core/Src/usbd_ioreq.o
LOAD build/nanos/obj/sdk/lib_stusb/usbd_conf.o
LOAD build/nanos/obj/sdk/lib_stusb_impl/u2f_impl.o
LOAD build/nanos/obj/sdk/lib_stusb_impl/u2f_io.o
LOAD build/nanos/obj/sdk/lib_stusb_impl/usbd_impl.o
LOAD build/nanos/obj/sdk/lib_ux/src/ux_flow_engine.o
LOAD build/nanos/obj/sdk/lib_ux/src/ux_layout_bb.o
LOAD build/nanos/obj/sdk/lib_ux/src/ux_layout_bn.o
LOAD build/nanos/obj/sdk/lib_ux/src/ux_layout_bnn.o
LOAD build/nanos/obj/sdk/lib_ux/src/ux_layout_bnnn.o
LOAD build/nanos/obj/sdk/lib_ux/src/ux_layout_nn.o
LOAD build/nanos/obj/sdk/lib_ux/src/ux_layout_nnbnn.o
LOAD build/nanos/obj/sdk/lib_ux/src/ux_layout_nnn.o
LOAD build/nanos/obj/sdk/lib_ux/src/ux_layout_nnnn.o
LOAD build/nanos/obj/sdk/lib_ux/src/ux_layout_paging.o
LOAD build/nanos/obj/sdk/lib_ux/src/ux_layout_paging_compute.o
LOAD build/nanos/obj/sdk/lib_ux/src/ux_layout_pb.o
LOAD build/nanos/obj/sdk/lib_ux/src/ux_layout_pbb.o
LOAD build/nanos/obj/sdk/lib_ux/src/ux_layout_pbn.o
LOAD build/nanos/obj/sdk/lib_ux/src/ux_layout_pn.o
LOAD build/nanos/obj/sdk/lib_ux/src/ux_layout_pnn.o
LOAD build/nanos/obj/sdk/lib_ux/src/ux_layout_utils.o
LOAD build/nanos/obj/sdk/lib_ux/src/ux_legacy.o
LOAD build/nanos/obj/sdk/lib_ux/src/ux_menulist.o
LOAD build/nanos/obj/sdk/lib_ux/src/ux_stack.o
LOAD build/nanos/obj/sdk/src/app_metadata.o
LOAD build/nanos/obj/sdk/src/checks.o
LOAD build/nanos/obj/sdk/src/cx_hash_iovec.o
LOAD build/nanos/obj/sdk/src/cx_stubs.o
LOAD build/nanos/obj/sdk/src/cx_wrappers.o
LOAD build/nanos/obj/sdk/src/ledger_assert.o
LOAD build/nanos/obj/sdk/src/ledger_protocol.o
LOAD build/nanos/obj/sdk/src/os.o
LOAD build/nanos/obj/sdk/src/os_io_seproxyhal.o
LOAD build/nanos/obj/sdk/src/os_io_task.o
LOAD build/nanos/obj/sdk/src/os_io_usb.o
LOAD build/nanos/obj/sdk/src/os_printf.o
LOAD build/nanos/obj/sdk/src/pic.o
LOAD build/nanos/obj/sdk/src/svc_call.o
LOAD build/nanos/obj/sdk/src/svc_cx_call.o
LOAD build/nanos/obj/sdk/src/syscalls.o
LOAD /usr/lib/gcc/arm-none-eabi/12.2.1/../../../arm-none-eabi/lib/thumb/v6-m/nofp/libm.a
LOAD /usr/lib/gcc/arm-none-eabi/12.2.1/thumb/v6-m/nofp/libgcc.a
LOAD /usr/lib/gcc/arm-none-eabi/12.2.1/../../../arm-none-eabi/lib/thumb/v6-m/nofp/libc_nano.a
START GROUP
LOAD /usr/lib/gcc/arm-none-eabi/12.2.1/thumb/v6-m/nofp/libgcc.a
LOAD /usr/lib/gcc/arm-none-eabi/12.2.1/../../../arm-none-eabi/lib/thumb/v6-m/nofp/libc_nano.a
END GROUP
START GROUP
LOAD /usr/lib/gcc/arm-none-eabi/12.2.1/thumb/v6-m/nofp/libgcc.a
LOAD /usr/lib/gcc/arm-none-eabi/12.2.1/../../../arm-none-eabi/lib/thumb/v6-m/nofp/libc_nano.a
END GROUP
                0x00000040                        PAGE_SIZE = 0x40
                0x00000400                        STACK_MIN_SIZE = DEFINED (stack_min_size)?stack_min_size:0x400
                0x20001400                        END_STACK = (ORIGIN (SRAM) + LENGTH (SRAM))

.text           0xc0d00000      0xed1
                0xc0d00000                        _text = .
                0xc0d00000                        _nvram_start = .
 *(.boot*)
 .boot          0xc0d00000       0x16 build/nanos/obj/sdk/lib_standard_app/main.o
                0xc0d00000                main
                0xc0d00016                        _code = .
 *(.text*)
 .text.app_exit
                0xc0d00016        0x6 build/nanos/obj/sdk/lib_standard_app/main.o
                0xc0d00016                app_exit
 .text.common_app_init
                0xc0d0001c       0x24 build/nanos/obj/sdk/lib_standard_app/main.o
                0xc0d0001c                common_app_init
 .text.standalone_app_main
                0xc0d00040       0x50 build/nanos/obj/sdk/lib_standard_app/main.o
                0xc0d00040                standalone_app_main
 .text.USBD_HID_Setup
                0xc0d00090       0x90 build/nanos/obj/sdk/lib_stusb/STM32_USB_Device_Library/Class/HID/Src/usbd_hid.o
                0xc0d00090                USBD_HID_Setup
 .text.USBD_HID_Init
                0xc0d00120       0x2e build/nanos/obj/sdk/lib_stusb/STM32_USB_Device_Library/Class/HID/Src/usbd_hid.o
                0xc0d00120                USBD_HID_Init
 .text.USBD_HID_DeInit
                0xc0d0014e        0x4 build/nanos/obj/sdk/lib_stusb/STM32_USB_Device_Library/Class/HID/Src/usbd_hid.o
                0xc0d0014e                USBD_HID_DeInit
 .text.USBD_Init
                0xc0d00152       0x30 build/nanos/obj/sdk/lib_stusb/STM32_USB_Device_Library/Core/Src/usbd_core.o
                0xc0d00152                USBD_Init
 .text.USBD_DeInit
                0xc0d00182       0x38 build/nanos/obj/sdk/lib_stusb/STM32_USB_Device_Library/Core/Src/usbd_core.o
                0xc0d00182                USBD_DeInit
 .text.USBD_RegisterClassForInterface
                0xc0d001ba       0x1a build/nanos/obj/sdk/lib_stusb/STM32_USB_Device_Library/Core/Src/usbd_core.o
                0xc0d001ba                USBD_RegisterClassForInterface
 .text.USBD_Start
                0xc0d001d4        0xa build/nanos/obj/sdk/lib_stusb/STM32_USB_Device_Library/Core/Src/usbd_core.o
                0xc0d001d4                USBD_Start
 .text.USBD_CtlStall
                0xc0d001de       0x14 build/nanos/obj/sdk/lib_stusb/STM32_USB_Device_Library/Core/Src/usbd_ctlreq.o
                0xc0d001de                USBD_CtlStall
 .text.USBD_CtlSendData
                0xc0d001f2       0x2c build/nanos/obj/sdk/lib_stusb/STM32_USB_Device_Library/Core/Src/usbd_ioreq.o
                0xc0d001f2                USBD_CtlSendData
 .text.USBD_CtlSendStatus
                0xc0d0021e       0x18 build/nanos/obj/sdk/lib_stusb/STM32_USB_Device_Library/Core/Src/usbd_ioreq.o
                0xc0d0021e                USBD_CtlSendStatus
 *fill*         0xc0d00236        0x2 00
 .text.USBD_LL_Init
                0xc0d00238       0x14 build/nanos/obj/sdk/lib_stusb/usbd_conf.o
                0xc0d00238                USBD_LL_Init
 .text.USBD_LL_DeInit
                0xc0d0024c       0x1e build/nanos/obj/sdk/lib_stusb/usbd_conf.o
                0xc0d0024c                USBD_LL_DeInit
 .text.USBD_LL_Start
                0xc0d0026a       0x34 build/nanos/obj/sdk/lib_stusb/usbd_conf.o
                0xc0d0026a                USBD_LL_Start
 .text.USBD_LL_Stop
                0xc0d0029e       0x1e build/nanos/obj/sdk/lib_stusb/usbd_conf.o
                0xc0d0029e                USBD_LL_Stop
 .text.USBD_LL_OpenEP
                0xc0d002bc       0x58 build/nanos/obj/sdk/lib_stusb/usbd_conf.o
                0xc0d002bc                USBD_LL_OpenEP
 .text.USBD_LL_StallEP
                0xc0d00314       0x44 build/nanos/obj/sdk/lib_stusb/usbd_conf.o
                0xc0d00314                USBD_LL_StallEP
 .text.USBD_LL_Transmit
                0xc0d00358       0x2e build/nanos/obj/sdk/lib_stusb/usbd_conf.o
                0xc0d00358                USBD_LL_Transmit
 .text.USBD_LL_PrepareReceive
                0xc0d00386       0x22 build/nanos/obj/sdk/lib_stusb/usbd_conf.o
                0xc0d00386                USBD_LL_PrepareReceive
 .text.USBD_HID_GetHidDescriptor_impl
                0xc0d003a8       0x28 build/nanos/obj/sdk/lib_stusb_impl/usbd_impl.o
                0xc0d003a8                USBD_HID_GetHidDescriptor_impl
 .text.USBD_HID_GetReportDescriptor_impl
                0xc0d003d0       0x28 build/nanos/obj/sdk/lib_stusb_impl/usbd_impl.o
                0xc0d003d0                USBD_HID_GetReportDescriptor_impl
 .text.USBD_HID_DataIn_impl
                0xc0d003f8       0x18 build/nanos/obj/sdk/lib_stusb_impl/usbd_impl.o
                0xc0d003f8                USBD_HID_DataIn_impl
 .text.USBD_HID_DataOut_impl
                0xc0d00410       0x50 build/nanos/obj/sdk/lib_stusb_impl/usbd_impl.o
                0xc0d00410                USBD_HID_DataOut_impl
 .text.USBD_WEBUSB_Init
                0xc0d00460       0x2c build/nanos/obj/sdk/lib_stusb_impl/usbd_impl.o
                0xc0d00460                USBD_WEBUSB_Init
 .text.USBD_WEBUSB_DeInit
                0xc0d0048c        0x4 build/nanos/obj/sdk/lib_stusb_impl/usbd_impl.o
                0xc0d0048c                USBD_WEBUSB_DeInit
 .text.USBD_WEBUSB_Setup
                0xc0d00490        0x4 build/nanos/obj/sdk/lib_stusb_impl/usbd_impl.o
                0xc0d00490                USBD_WEBUSB_Setup
 .text.USBD_WEBUSB_DataIn
                0xc0d00494       0x18 build/nanos/obj/sdk/lib_stusb_impl/usbd_impl.o
                0xc0d00494                USBD_WEBUSB_DataIn
 .text.USBD_WEBUSB_DataOut
                0xc0d004ac       0x50 build/nanos/obj/sdk/lib_stusb_impl/usbd_impl.o
                0xc0d004ac                USBD_WEBUSB_DataOut
 .text.USBD_DeviceDescriptor
                0xc0d004fc       0x10 build/nanos/obj/sdk/lib_stusb_impl/usbd_impl.o
 .text.USBD_LangIDStrDescriptor
                0xc0d0050c       0x10 build/nanos/obj/sdk/lib_stusb_impl/usbd_impl.o
 .text.USBD_ManufacturerStrDescriptor
                0xc0d0051c       0x10 build/nanos/obj/sdk/lib_stusb_impl/usbd_impl.o
 .text.USBD_ProductStrDescriptor
                0xc0d0052c       0x10 build/nanos/obj/sdk/lib_stusb_impl/usbd_impl.o
 .text.USBD_SerialStrDescriptor
                0xc0d0053c       0x10 build/nanos/obj/sdk/lib_stusb_impl/usbd_impl.o
 .text.USBD_ConfigStrDescriptor
                0xc0d0054c       0x10 build/nanos/obj/sdk/lib_stusb_impl/usbd_impl.o
 .text.USBD_InterfaceStrDescriptor
                0xc0d0055c       0x10 build/nanos/obj/sdk/lib_stusb_impl/usbd_impl.o
 .text.USBD_BOSDescriptor
                0xc0d0056c       0x10 build/nanos/obj/sdk/lib_stusb_impl/usbd_impl.o
 .text.USBD_CtlError
                0xc0d0057c       0x84 build/nanos/obj/sdk/lib_stusb_impl/usbd_impl.o
                0xc0d0057c                USBD_CtlError
 .text.USB_power
                0xc0d00600       0x68 build/nanos/obj/sdk/lib_stusb_impl/usbd_impl.o
                0xc0d00600                USB_power
 .text.USBD_GetCfgDesc_impl
                0xc0d00668       0x10 build/nanos/obj/sdk/lib_stusb_impl/usbd_impl.o
 .text.USBD_GetDeviceQualifierDesc_impl
                0xc0d00678       0x10 build/nanos/obj/sdk/lib_stusb_impl/usbd_impl.o
 .text.cx_rng_no_throw
                0xc0d00688        0xc build/nanos/obj/sdk/src/cx_stubs.o
                0xc0d00688                cx_rng_no_throw
 .text.cx_x448  0xc0d00694       0x14 build/nanos/obj/sdk/src/cx_stubs.o
                0xc0d00694                cx_x448
 .text.os_boot  0xc0d006a8        0xa build/nanos/obj/sdk/src/os.o
                0xc0d006a8                os_boot
 .text.os_longjmp
                0xc0d006b2        0xc build/nanos/obj/sdk/src/os.o
                0xc0d006b2                os_longjmp
 .text.io_usb_send_apdu_data_ep0x83
                0xc0d006be       0x10 build/nanos/obj/sdk/src/os_io_seproxyhal.o
                0xc0d006be                io_usb_send_apdu_data_ep0x83
 *fill*         0xc0d006ce        0x2 00
 .text.io_seproxyhal_init
                0xc0d006d0       0x20 build/nanos/obj/sdk/src/os_io_seproxyhal.o
                0xc0d006d0                io_seproxyhal_init
 .text.io_seproxyhal_get_ep_rx_size
                0xc0d006f0       0x18 build/nanos/obj/sdk/src/os_io_usb.o
                0xc0d006f0                io_seproxyhal_get_ep_rx_size
 .text.io_usb_send_ep
                0xc0d00708       0x48 build/nanos/obj/sdk/src/os_io_usb.o
                0xc0d00708                io_usb_send_ep
 .text.io_usb_send_apdu_data
                0xc0d00750        0xe build/nanos/obj/sdk/src/os_io_usb.o
                0xc0d00750                io_usb_send_apdu_data
 *fill*         0xc0d0075e        0x2 00
 .text.io_usb_hid_receive
                0xc0d00760      0x148 build/nanos/obj/sdk/src/os_io_usb.o
                0xc0d00760                io_usb_hid_receive
 .text.io_usb_hid_init
                0xc0d008a8       0x1c build/nanos/obj/sdk/src/os_io_usb.o
                0xc0d008a8                io_usb_hid_init
 .text.io_usb_hid_sent
                0xc0d008c4       0xb8 build/nanos/obj/sdk/src/os_io_usb.o
                0xc0d008c4                io_usb_hid_sent
 .text.pic_internal
                0xc0d0097c       0x10 build/nanos/obj/sdk/src/pic.o
                0xc0d0097c                pic_internal
 .text.pic      0xc0d0098c       0x1c build/nanos/obj/sdk/src/pic.o
                0xc0d0098c                pic
 .text          0xc0d009a8        0xe build/nanos/obj/sdk/src/svc_call.o
                0xc0d009a8                SVC_Call
 *fill*         0xc0d009b6        0x2 00
 .text.os_sched_exit
                0xc0d009b8       0x18 build/nanos/obj/sdk/src/syscalls.o
                0xc0d009b8                os_sched_exit
 .text.io_seph_send
                0xc0d009d0       0x14 build/nanos/obj/sdk/src/syscalls.o
                0xc0d009d0                io_seph_send
 .text.try_context_get
                0xc0d009e4       0x14 build/nanos/obj/sdk/src/syscalls.o
                0xc0d009e4                try_context_get
 .text.try_context_set
                0xc0d009f8       0x18 build/nanos/obj/sdk/src/syscalls.o
                0xc0d009f8                try_context_set
 .text          0xc0d00a10        0xc /usr/lib/gcc/arm-none-eabi/12.2.1/../../../arm-none-eabi/lib/thumb/v6-m/nofp/libc_nano.a(lib_a-aeabi_memclr.o)
                0xc0d00a10                __aeabi_memclr8
                0xc0d00a10                __aeabi_memclr
                0xc0d00a10                __aeabi_memclr4
 .text          0xc0d00a1c        0x8 /usr/lib/gcc/arm-none-eabi/12.2.1/../../../arm-none-eabi/lib/thumb/v6-m/nofp/libc_nano.a(lib_a-aeabi_memmove.o)
                0xc0d00a1c                __aeabi_memmove8
                0xc0d00a1c                __aeabi_memmove
                0xc0d00a1c                __aeabi_memmove4
 .text          0xc0d00a24       0x10 /usr/lib/gcc/arm-none-eabi/12.2.1/../../../arm-none-eabi/lib/thumb/v6-m/nofp/libc_nano.a(lib_a-aeabi_memset.o)
                0xc0d00a24                __aeabi_memset
                0xc0d00a24                __aeabi_memset8
                0xc0d00a24                __aeabi_memset4
 .text          0xc0d00a34       0xb0 /usr/lib/gcc/arm-none-eabi/12.2.1/../../../arm-none-eabi/lib/thumb/v6-m/nofp/libc_nano.a(lib_a-memmove.o)
                0xc0d00a34                memmove
 .text          0xc0d00ae4       0xa8 /usr/lib/gcc/arm-none-eabi/12.2.1/../../../arm-none-eabi/lib/thumb/v6-m/nofp/libc_nano.a(lib_a-memset.o)
                0xc0d00ae4                memset
 .text          0xc0d00b8c       0x34 /usr/lib/gcc/arm-none-eabi/12.2.1/../../../arm-none-eabi/lib/thumb/v6-m/nofp/libc_nano.a(lib_a-setjmp.o)
                0xc0d00b8c                setjmp
                0xc0d00ba4                longjmp
                0xc0d00bc0                        _ecode = .
 *(.rodata)
 *(.rodata.[^N]*)
 .rodata.USBD_HID_Desc
                0xc0d00bc0        0x9 build/nanos/obj/sdk/lib_stusb_impl/usbd_impl.o
                0xc0d00bc0                USBD_HID_Desc
 .rodata.HID_ReportDesc
                0xc0d00bc9       0x22 build/nanos/obj/sdk/lib_stusb_impl/usbd_impl.o
 .rodata.C_usb_bos
                0xc0d00beb       0x39 build/nanos/obj/sdk/lib_stusb_impl/usbd_impl.o
                0xc0d00beb                C_usb_bos
 .rodata.HID_Desc
                0xc0d00c24       0x20 build/nanos/obj/sdk/lib_stusb_impl/usbd_impl.o
                0xc0d00c24                HID_Desc
 .rodata.C_winusb_string_descriptor
                0xc0d00c44       0x12 build/nanos/obj/sdk/lib_stusb_impl/usbd_impl.o
 .rodata.C_winusb_guid
                0xc0d00c56       0x92 build/nanos/obj/sdk/lib_stusb_impl/usbd_impl.o
 .rodata.C_winusb_request_descriptor
                0xc0d00ce8       0xb2 build/nanos/obj/sdk/lib_stusb_impl/usbd_impl.o
 *fill*         0xc0d00d9a        0x2 00
 .rodata.USBD_HID
                0xc0d00d9c       0x38 build/nanos/obj/sdk/lib_stusb_impl/usbd_impl.o
 .rodata.USBD_WEBUSB
                0xc0d00dd4       0x38 build/nanos/obj/sdk/lib_stusb_impl/usbd_impl.o
 .rodata.USBD_DeviceDesc
                0xc0d00e0c       0x12 build/nanos/obj/sdk/lib_stusb_impl/usbd_impl.o
 .rodata.USBD_LangIDDesc
                0xc0d00e1e        0x4 build/nanos/obj/sdk/lib_stusb_impl/usbd_impl.o
 .rodata.USBD_MANUFACTURER_STRING
                0xc0d00e22        0xe build/nanos/obj/sdk/lib_stusb_impl/usbd_impl.o
 .rodata.USBD_PRODUCT_FS_STRING
                0xc0d00e30        0xe build/nanos/obj/sdk/lib_stusb_impl/usbd_impl.o
 .rodata.USB_SERIAL_STRING
                0xc0d00e3e        0xa build/nanos/obj/sdk/lib_stusb_impl/usbd_impl.o
 .rodata.C_winusb_wcid
                0xc0d00e48       0x28 build/nanos/obj/sdk/lib_stusb_impl/usbd_impl.o
 .rodata.USBD_CfgDesc
                0xc0d00e70       0x40 build/nanos/obj/sdk/lib_stusb_impl/usbd_impl.o
 .rodata.USBD_DeviceQualifierDesc
                0xc0d00eb0        0xa build/nanos/obj/sdk/lib_stusb_impl/usbd_impl.o
 *(.rodata.N[^_]*)
                0xc0d00ebc                        . = ALIGN (0x4)
 *fill*         0xc0d00eba        0x2 00
                0xc0d00ebc                        _etext = .
                0xc0d00ec0                        . = ALIGN (PAGE_SIZE)
 *fill*         0xc0d00ebc        0x4 00
                0xc0d00ec0                        _nvram_data = .
 *(.bss.N_* .rodata.N_*)
                0xc0d00ec0                        . = ALIGN (PAGE_SIZE)
                0xc0d00ec0                        _envram_data = .
                0xc0d00ec0                        _install_parameters = .
 *(.install_parameters)
 .install_parameters
                0xc0d00ec0       0x11 build/nanos/obj/sdk/src/app_metadata.o
                0xc0d00ec0                install_parameters
 *(.install_parameters)
                0xc0d00ed1                        _einstall_parameters = .
                0xc0d00ed1                        _nvram_end = .

.glue_7         0xc0d00ed4        0x0
 .glue_7        0xc0d00ed4        0x0 linker stubs

.glue_7t        0xc0d00ed4        0x0
 .glue_7t       0xc0d00ed4        0x0 linker stubs

.vfp11_veneer   0xc0d00ed4        0x0
 .vfp11_veneer  0xc0d00ed4        0x0 linker stubs

.v4_bx          0xc0d00ed4        0x0
 .v4_bx         0xc0d00ed4        0x0 linker stubs

.iplt           0xc0d00ed4        0x0
 .iplt          0xc0d00ed4        0x0 build/nanos/obj/sdk/lib_standard_app/main.o

.data           0xd0000000        0x0
                0xd0000000                        . = ALIGN (0x4)
                0xd0000000                        _data = .
 *(vtable)
 *(.data*)
                0xd0000000                        _edata = .
                0x00000001                        ASSERT (((_edata - _data) <= 0x0), .data section must be empty)

.igot.plt       0xd0000000        0x0
 .igot.plt      0xd0000000        0x0 build/nanos/obj/sdk/lib_standard_app/main.o

.cx_ram         0x20001400      0x400
                0x20001400                        _cxram = .
                0x00000000                        . = (_cxram + ORIGIN (CXSRAM))
 *(.bss.G_cx)
                0x20001800                        . = (_cxram + LENGTH (CXSRAM))
 *fill*         0x20001400      0x400 00

.bss            0x20000200      0x360
                0x20000200                        _bss = .
 *(.bss*)
 .bss.G_ux      0x20000200      0x108 build/nanos/obj/sdk/lib_standard_app/main.o
                0x20000200                G_ux
 .bss.USBD_Device
                0x20000308       0xd4 build/nanos/obj/sdk/lib_stusb/STM32_USB_Device_Library/Core/Src/usbd_core.o
                0x20000308                USBD_Device
 .bss.ep_in_stall
                0x200003dc        0x4 build/nanos/obj/sdk/lib_stusb/usbd_conf.o
                0x200003dc                ep_in_stall
 .bss.ep_out_stall
                0x200003e0        0x4 build/nanos/obj/sdk/lib_stusb/usbd_conf.o
                0x200003e0                ep_out_stall
 .bss.G_io_apdu_buffer
                0x200003e4      0x104 build/nanos/obj/sdk/src/os.o
                0x200003e4                G_io_apdu_buffer
 .bss.G_io_app  0x200004e8       0x18 build/nanos/obj/sdk/src/os_io_seproxyhal.o
                0x200004e8                G_io_app
 .bss.G_ux_os   0x20000500        0x8 build/nanos/obj/sdk/src/os_io_seproxyhal.o
                0x20000500                G_ux_os
 .bss.G_io_usb_ep_buffer
                0x20000508       0x40 build/nanos/obj/sdk/src/os_io_usb.o
                0x20000508                G_io_usb_ep_buffer
 .bss.G_io_usb_hid_sequence_number
                0x20000548        0x4 build/nanos/obj/sdk/src/os_io_usb.o
                0x20000548                G_io_usb_hid_sequence_number
 .bss.G_io_usb_hid_total_length
                0x2000054c        0x4 build/nanos/obj/sdk/src/os_io_usb.o
                0x2000054c                G_io_usb_hid_total_length
 .bss.G_io_usb_hid_remaining_length
                0x20000550        0x4 build/nanos/obj/sdk/src/os_io_usb.o
                0x20000550                G_io_usb_hid_remaining_length
 .bss.G_io_usb_hid_current_buffer
                0x20000554        0x4 build/nanos/obj/sdk/src/os_io_usb.o
                0x20000554                G_io_usb_hid_current_buffer
 .bss.G_io_usb_hid_channel
                0x20000558        0x4 build/nanos/obj/sdk/src/os_io_usb.o
                0x20000558                G_io_usb_hid_channel
                0x2000055c                        _ebss = .
                0x2000055c                        . = ALIGN (0x4)
                0x2000055c                        app_stack_canary = .
                [!provide]                        PROVIDE (app_stack_canary = .)
                0x20000560                        . = (. + 0x4)
 *fill*         0x2000055c        0x4 00
                0x20000560                        _stack = .
                [!provide]                        PROVIDE (_stack = .)
                0x20001400                        _estack = ABSOLUTE (END_STACK)
                [!provide]                        PROVIDE (_estack = ABSOLUTE (END_STACK))
                0x00000001                        ASSERT (((_estack - _stack) >= STACK_MIN_SIZE), stack section too small)

DEBUG           0xd0000000        0x8
 libc.a(*)
 libm.a(*)
 libgcc.a(*)
 *(.ARM.exidx* .gnu.linkonce.armexidx.*)
 .ARM.exidx.text.app_exit
                0xd0000000        0x0 build/nanos/obj/sdk/lib_standard_app/main.o
                                  0x8 (size before relaxing)
 .ARM.exidx.text.common_app_init
                0xd0000000        0x0 build/nanos/obj/sdk/lib_standard_app/main.o
                                  0x8 (size before relaxing)
 .ARM.exidx.text.standalone_app_main
                0xd0000000        0x0 build/nanos/obj/sdk/lib_standard_app/main.o
                                  0x8 (size before relaxing)
 .ARM.exidx.boot
                0xd0000000        0x8 build/nanos/obj/sdk/lib_standard_app/main.o
 .ARM.exidx.text.USBD_HID_Setup
                0xd0000008        0x0 build/nanos/obj/sdk/lib_stusb/STM32_USB_Device_Library/Class/HID/Src/usbd_hid.o
                                  0x8 (size before relaxing)
 .ARM.exidx.text.USBD_HID_Init
                0xd0000008        0x0 build/nanos/obj/sdk/lib_stusb/STM32_USB_Device_Library/Class/HID/Src/usbd_hid.o
                                  0x8 (size before relaxing)
 .ARM.exidx.text.USBD_HID_DeInit
                0xd0000008        0x0 build/nanos/obj/sdk/lib_stusb/STM32_USB_Device_Library/Class/HID/Src/usbd_hid.o
                                  0x8 (size before relaxing)
 .ARM.exidx.text.USBD_Init
                0xd0000008        0x0 build/nanos/obj/sdk/lib_stusb/STM32_USB_Device_Library/Core/Src/usbd_core.o
                                  0x8 (size before relaxing)
 .ARM.exidx.text.USBD_DeInit
                0xd0000008        0x0 build/nanos/obj/sdk/lib_stusb/STM32_USB_Device_Library/Core/Src/usbd_core.o
                                  0x8 (size before relaxing)
 .ARM.exidx.text.USBD_RegisterClassForInterface
                0xd0000008        0x0 build/nanos/obj/sdk/lib_stusb/STM32_USB_Device_Library/Core/Src/usbd_core.o
                                  0x8 (size before relaxing)
 .ARM.exidx.text.USBD_Start
                0xd0000008        0x0 build/nanos/obj/sdk/lib_stusb/STM32_USB_Device_Library/Core/Src/usbd_core.o
                                  0x8 (size before relaxing)
 .ARM.exidx.text.USBD_CtlStall
                0xd0000008        0x0 build/nanos/obj/sdk/lib_stusb/STM32_USB_Device_Library/Core/Src/usbd_ctlreq.o
                                  0x8 (size before relaxing)
 .ARM.exidx.text.USBD_CtlSendData
                0xd0000008        0x0 build/nanos/obj/sdk/lib_stusb/STM32_USB_Device_Library/Core/Src/usbd_ioreq.o
                                  0x8 (size before relaxing)
 .ARM.exidx.text.USBD_CtlSendStatus
                0xd0000008        0x0 build/nanos/obj/sdk/lib_stusb/STM32_USB_Device_Library/Core/Src/usbd_ioreq.o
                                  0x8 (size before relaxing)
 .ARM.exidx.text.USBD_LL_Init
                0xd0000008        0x0 build/nanos/obj/sdk/lib_stusb/usbd_conf.o
                                  0x8 (size before relaxing)
 .ARM.exidx.text.USBD_LL_DeInit
                0xd0000008        0x0 build/nanos/obj/sdk/lib_stusb/usbd_conf.o
                                  0x8 (size before relaxing)
 .ARM.exidx.text.USBD_LL_Start
                0xd0000008        0x0 build/nanos/obj/sdk/lib_stusb/usbd_conf.o
                                  0x8 (size before relaxing)
 .ARM.exidx.text.USBD_LL_Stop
                0xd0000008        0x0 build/nanos/obj/sdk/lib_stusb/usbd_conf.o
                                  0x8 (size before relaxing)
 .ARM.exidx.text.USBD_LL_OpenEP
                0xd0000008        0x0 build/nanos/obj/sdk/lib_stusb/usbd_conf.o
                                  0x8 (size before relaxing)
 .ARM.exidx.text.USBD_LL_StallEP
                0xd0000008        0x0 build/nanos/obj/sdk/lib_stusb/usbd_conf.o
                                  0x8 (size before relaxing)
 .ARM.exidx.text.USBD_LL_Transmit
                0xd0000008        0x0 build/nanos/obj/sdk/lib_stusb/usbd_conf.o
                                  0x8 (size before relaxing)
 .ARM.exidx.text.USBD_LL_PrepareReceive
                0xd0000008        0x0 build/nanos/obj/sdk/lib_stusb/usbd_conf.o
                                  0x8 (size before relaxing)
 .ARM.exidx.text.USBD_HID_GetHidDescriptor_impl
                0xd0000008        0x0 build/nanos/obj/sdk/lib_stusb_impl/usbd_impl.o
                                  0x8 (size before relaxing)
 .ARM.exidx.text.USBD_HID_GetReportDescriptor_impl
                0xd0000008        0x0 build/nanos/obj/sdk/lib_stusb_impl/usbd_impl.o
                                  0x8 (size before relaxing)
 .ARM.exidx.text.USBD_HID_DataIn_impl
                0xd0000008        0x0 build/nanos/obj/sdk/lib_stusb_impl/usbd_impl.o
                                  0x8 (size before relaxing)
 .ARM.exidx.text.USBD_HID_DataOut_impl
                0xd0000008        0x0 build/nanos/obj/sdk/lib_stusb_impl/usbd_impl.o
                                  0x8 (size before relaxing)
 .ARM.exidx.text.USBD_WEBUSB_Init
                0xd0000008        0x0 build/nanos/obj/sdk/lib_stusb_impl/usbd_impl.o
                                  0x8 (size before relaxing)
 .ARM.exidx.text.USBD_WEBUSB_DeInit
                0xd0000008        0x0 build/nanos/obj/sdk/lib_stusb_impl/usbd_impl.o
                                  0x8 (size before relaxing)
 .ARM.exidx.text.USBD_WEBUSB_Setup
                0xd0000008        0x0 build/nanos/obj/sdk/lib_stusb_impl/usbd_impl.o
                                  0x8 (size before relaxing)
 .ARM.exidx.text.USBD_WEBUSB_DataIn
                0xd0000008        0x0 build/nanos/obj/sdk/lib_stusb_impl/usbd_impl.o
                                  0x8 (size before relaxing)
 .ARM.exidx.text.USBD_WEBUSB_DataOut
                0xd0000008        0x0 build/nanos/obj/sdk/lib_stusb_impl/usbd_impl.o
                                  0x8 (size before relaxing)
 .ARM.exidx.text.USBD_DeviceDescriptor
                0xd0000008        0x0 build/nanos/obj/sdk/lib_stusb_impl/usbd_impl.o
                                  0x8 (size before relaxing)
 .ARM.exidx.text.USBD_LangIDStrDescriptor
                0xd0000008        0x0 build/nanos/obj/sdk/lib_stusb_impl/usbd_impl.o
                                  0x8 (size before relaxing)
 .ARM.exidx.text.USBD_ManufacturerStrDescriptor
                0xd0000008        0x0 build/nanos/obj/sdk/lib_stusb_impl/usbd_impl.o
                                  0x8 (size before relaxing)
 .ARM.exidx.text.USBD_ProductStrDescriptor
                0xd0000008        0x0 build/nanos/obj/sdk/lib_stusb_impl/usbd_impl.o
                                  0x8 (size before relaxing)
 .ARM.exidx.text.USBD_SerialStrDescriptor
                0xd0000008        0x0 build/nanos/obj/sdk/lib_stusb_impl/usbd_impl.o
                                  0x8 (size before relaxing)
 .ARM.exidx.text.USBD_ConfigStrDescriptor
                0xd0000008        0x0 build/nanos/obj/sdk/lib_stusb_impl/usbd_impl.o
                                  0x8 (size before relaxing)
 .ARM.exidx.text.USBD_InterfaceStrDescriptor
                0xd0000008        0x0 build/nanos/obj/sdk/lib_stusb_impl/usbd_impl.o
                                  0x8 (size before relaxing)
 .ARM.exidx.text.USBD_BOSDescriptor
                0xd0000008        0x0 build/nanos/obj/sdk/lib_stusb_impl/usbd_impl.o
                                  0x8 (size before relaxing)
 .ARM.exidx.text.USBD_CtlError
                0xd0000008        0x0 build/nanos/obj/sdk/lib_stusb_impl/usbd_impl.o
                                  0x8 (size before relaxing)
 .ARM.exidx.text.USB_power
                0xd0000008        0x0 build/nanos/obj/sdk/lib_stusb_impl/usbd_impl.o
                                  0x8 (size before relaxing)
 .ARM.exidx.text.USBD_GetCfgDesc_impl
                0xd0000008        0x0 build/nanos/obj/sdk/lib_stusb_impl/usbd_impl.o
                                  0x8 (size before relaxing)
 .ARM.exidx.text.USBD_GetDeviceQualifierDesc_impl
                0xd0000008        0x0 build/nanos/obj/sdk/lib_stusb_impl/usbd_impl.o
                                  0x8 (size before relaxing)
 .ARM.exidx.text.os_boot
                0xd0000008        0x0 build/nanos/obj/sdk/src/os.o
                                  0x8 (size before relaxing)
 .ARM.exidx.text.os_longjmp
                0xd0000008        0x0 build/nanos/obj/sdk/src/os.o
                                  0x8 (size before relaxing)
 .ARM.exidx.text.io_usb_send_apdu_data_ep0x83
                0xd0000008        0x0 build/nanos/obj/sdk/src/os_io_seproxyhal.o
                                  0x8 (size before relaxing)
 .ARM.exidx.text.io_seproxyhal_init
                0xd0000008        0x0 build/nanos/obj/sdk/src/os_io_seproxyhal.o
                                  0x8 (size before relaxing)
 .ARM.exidx.text.io_seproxyhal_get_ep_rx_size
                0xd0000008        0x0 build/nanos/obj/sdk/src/os_io_usb.o
                                  0x8 (size before relaxing)
 .ARM.exidx.text.io_usb_send_ep
                0xd0000008        0x0 build/nanos/obj/sdk/src/os_io_usb.o
                                  0x8 (size before relaxing)
 .ARM.exidx.text.io_usb_send_apdu_data
                0xd0000008        0x0 build/nanos/obj/sdk/src/os_io_usb.o
                                  0x8 (size before relaxing)
 .ARM.exidx.text.io_usb_hid_receive
                0xd0000008        0x0 build/nanos/obj/sdk/src/os_io_usb.o
                                  0x8 (size before relaxing)
 .ARM.exidx.text.io_usb_hid_init
                0xd0000008        0x0 build/nanos/obj/sdk/src/os_io_usb.o
                                  0x8 (size before relaxing)
 .ARM.exidx.text.io_usb_hid_sent
                0xd0000008        0x0 build/nanos/obj/sdk/src/os_io_usb.o
                                  0x8 (size before relaxing)
 .ARM.exidx.text.pic_internal
                0xd0000008        0x0 build/nanos/obj/sdk/src/pic.o
                                  0x8 (size before relaxing)
 .ARM.exidx.text.pic
                0xd0000008        0x0 build/nanos/obj/sdk/src/pic.o
                                  0x8 (size before relaxing)
 .ARM.exidx.text.os_sched_exit
                0xd0000008        0x0 build/nanos/obj/sdk/src/syscalls.o
                                  0x8 (size before relaxing)
 .ARM.exidx.text.io_seph_send
                0xd0000008        0x0 build/nanos/obj/sdk/src/syscalls.o
                                  0x8 (size before relaxing)
 .ARM.exidx.text.try_context_get
                0xd0000008        0x0 build/nanos/obj/sdk/src/syscalls.o
                                  0x8 (size before relaxing)
 .ARM.exidx.text.try_context_set
                0xd0000008        0x0 build/nanos/obj/sdk/src/syscalls.o
                                  0x8 (size before relaxing)

.rel.dyn        0xd0000008        0x0
 .rel.iplt      0xd0000008        0x0 build/nanos/obj/sdk/lib_standard_app/main.o

/DISCARD/
 *(.ARM.extab)
 *(.gnu.hash)
 *(.hash)
 *(.dynsym)
 *(.dynstr)

.stab
 *(.stab)

.stabstr
 *(.stabstr)

.stab.excl
 *(.stab.excl)

.stab.exclstr
 *(.stab.exclstr)

.stab.index
 *(.stab.index)

.stab.indexstr
 *(.stab.indexstr)

.comment        0x00000000       0x42
 *(.comment)
 .comment       0x00000000       0x1c build/nanos/obj/sdk/lib_standard_app/main.o
                                 0x1d (size before relaxing)
 .comment       0x0000001c       0x1d build/nanos/obj/sdk/lib_stusb/STM32_USB_Device_Library/Class/HID/Src/usbd_hid.o
 .comment       0x0000001c       0x1d build/nanos/obj/sdk/lib_stusb/STM32_USB_Device_Library/Core/Src/usbd_core.o
 .comment       0x0000001c       0x1d build/nanos/obj/sdk/lib_stusb/STM32_USB_Device_Library/Core/Src/usbd_ctlreq.o
 .comment       0x0000001c       0x1d build/nanos/obj/sdk/lib_stusb/STM32_USB_Device_Library/Core/Src/usbd_ioreq.o
 .comment       0x0000001c       0x1d build/nanos/obj/sdk/lib_stusb/usbd_conf.o
 .comment       0x0000001c       0x1d build/nanos/obj/sdk/lib_stusb_impl/usbd_impl.o
 .comment       0x0000001c       0x1d build/nanos/obj/sdk/src/app_metadata.o
 .comment       0x0000001c       0x1d build/nanos/obj/sdk/src/os.o
 .comment       0x0000001c       0x1d build/nanos/obj/sdk/src/os_io_seproxyhal.o
 .comment       0x0000001c       0x1d build/nanos/obj/sdk/src/os_io_usb.o
 .comment       0x0000001c       0x1d build/nanos/obj/sdk/src/pic.o
 .comment       0x0000001c       0x1d build/nanos/obj/sdk/src/syscalls.o
 .comment       0x0000001c       0x26 /usr/lib/gcc/arm-none-eabi/12.2.1/../../../arm-none-eabi/lib/thumb/v6-m/nofp/libc_nano.a(lib_a-aeabi_memclr.o)
                                 0x27 (size before relaxing)
 .comment       0x00000042       0x27 /usr/lib/gcc/arm-none-eabi/12.2.1/../../../arm-none-eabi/lib/thumb/v6-m/nofp/libc_nano.a(lib_a-aeabi_memmove.o)
 .comment       0x00000042       0x27 /usr/lib/gcc/arm-none-eabi/12.2.1/../../../arm-none-eabi/lib/thumb/v6-m/nofp/libc_nano.a(lib_a-aeabi_memset.o)
 .comment       0x00000042       0x27 /usr/lib/gcc/arm-none-eabi/12.2.1/../../../arm-none-eabi/lib/thumb/v6-m/nofp/libc_nano.a(lib_a-memmove.o)
 .comment       0x00000042       0x27 /usr/lib/gcc/arm-none-eabi/12.2.1/../../../arm-none-eabi/lib/thumb/v6-m/nofp/libc_nano.a(lib_a-memset.o)

.note.GNU-stack
                0x00000000        0x0
 .note.GNU-stack
                0x00000000        0x0 build/nanos/obj/sdk/lib_standard_app/main.o
 .note.GNU-stack
                0x00000000        0x0 build/nanos/obj/sdk/lib_stusb/STM32_USB_Device_Library/Class/HID/Src/usbd_hid.o
 .note.GNU-stack
                0x00000000        0x0 build/nanos/obj/sdk/lib_stusb/STM32_USB_Device_Library/Core/Src/usbd_core.o
 .note.GNU-stack
                0x00000000        0x0 build/nanos/obj/sdk/lib_stusb/STM32_USB_Device_Library/Core/Src/usbd_ctlreq.o
 .note.GNU-stack
                0x00000000        0x0 build/nanos/obj/sdk/lib_stusb/STM32_USB_Device_Library/Core/Src/usbd_ioreq.o
 .note.GNU-stack
                0x00000000        0x0 build/nanos/obj/sdk/lib_stusb/usbd_conf.o
 .note.GNU-stack
                0x00000000        0x0 build/nanos/obj/sdk/lib_stusb_impl/usbd_impl.o
 .note.GNU-stack
                0x00000000        0x0 build/nanos/obj/sdk/src/app_metadata.o
 .note.GNU-stack
                0x00000000        0x0 build/nanos/obj/sdk/src/os.o
 .note.GNU-stack
                0x00000000        0x0 build/nanos/obj/sdk/src/os_io_seproxyhal.o
 .note.GNU-stack
                0x00000000        0x0 build/nanos/obj/sdk/src/os_io_usb.o
 .note.GNU-stack
                0x00000000        0x0 build/nanos/obj/sdk/src/pic.o
 .note.GNU-stack
                0x00000000        0x0 build/nanos/obj/sdk/src/syscalls.o

.ARM.attributes
                0x00000000       0x35
 .ARM.attributes
                0x00000000       0x47 build/nanos/obj/sdk/lib_standard_app/main.o
 .ARM.attributes
                0x00000047       0x47 build/nanos/obj/sdk/lib_stusb/STM32_USB_Device_Library/Class/HID/Src/usbd_hid.o
 .ARM.attributes
                0x0000008e       0x47 build/nanos/obj/sdk/lib_stusb/STM32_USB_Device_Library/Core/Src/usbd_core.o
 .ARM.attributes
                0x000000d5       0x47 build/nanos/obj/sdk/lib_stusb/STM32_USB_Device_Library/Core/Src/usbd_ctlreq.o
 .ARM.attributes
                0x0000011c       0x47 build/nanos/obj/sdk/lib_stusb/STM32_USB_Device_Library/Core/Src/usbd_ioreq.o
 .ARM.attributes
                0x00000163       0x47 build/nanos/obj/sdk/lib_stusb/usbd_conf.o
 .ARM.attributes
                0x000001aa       0x47 build/nanos/obj/sdk/lib_stusb_impl/usbd_impl.o
 .ARM.attributes
                0x000001f1       0x45 build/nanos/obj/sdk/src/app_metadata.o
 .ARM.attributes
                0x00000236       0x1c build/nanos/obj/sdk/src/cx_stubs.o
 .ARM.attributes
                0x00000252       0x47 build/nanos/obj/sdk/src/os.o
 .ARM.attributes
                0x00000299       0x47 build/nanos/obj/sdk/src/os_io_seproxyhal.o
 .ARM.attributes
                0x000002e0       0x47 build/nanos/obj/sdk/src/os_io_usb.o
 .ARM.attributes
                0x00000327       0x47 build/nanos/obj/sdk/src/pic.o
 .ARM.attributes
                0x0000036e       0x1c build/nanos/obj/sdk/src/svc_call.o
 .ARM.attributes
                0x0000038a       0x47 build/nanos/obj/sdk/src/syscalls.o
 .ARM.attributes
                0x000003d1       0x2c /usr/lib/gcc/arm-none-eabi/12.2.1/../../../arm-none-eabi/lib/thumb/v6-m/nofp/libc_nano.a(lib_a-aeabi_memclr.o)
 .ARM.attributes
                0x000003fd       0x2c /usr/lib/gcc/arm-none-eabi/12.2.1/../../../arm-none-eabi/lib/thumb/v6-m/nofp/libc_nano.a(lib_a-aeabi_memmove.o)
 .ARM.attributes
                0x00000429       0x2c /usr/lib/gcc/arm-none-eabi/12.2.1/../../../arm-none-eabi/lib/thumb/v6-m/nofp/libc_nano.a(lib_a-aeabi_memset.o)
 .ARM.attributes
                0x00000455       0x2c /usr/lib/gcc/arm-none-eabi/12.2.1/../../../arm-none-eabi/lib/thumb/v6-m/nofp/libc_nano.a(lib_a-memmove.o)
 .ARM.attributes
                0x00000481       0x2c /usr/lib/gcc/arm-none-eabi/12.2.1/../../../arm-none-eabi/lib/thumb/v6-m/nofp/libc_nano.a(lib_a-memset.o)
 .ARM.attributes
                0x000004ad       0x1c /usr/lib/gcc/arm-none-eabi/12.2.1/../../../arm-none-eabi/lib/thumb/v6-m/nofp/libc_nano.a(lib_a-setjmp.o)

.debug
 *(.debug)

.line
 *(.line)

.debug_srcinfo
 *(.debug_srcinfo)

.debug_sfnames
 *(.debug_sfnames)

.debug_aranges  0x00000000       0xc0
 *(.debug_aranges)
 .debug_aranges
                0x00000000       0x20 /usr/lib/gcc/arm-none-eabi/12.2.1/../../../arm-none-eabi/lib/thumb/v6-m/nofp/libc_nano.a(lib_a-aeabi_memclr.o)
 .debug_aranges
                0x00000020       0x20 /usr/lib/gcc/arm-none-eabi/12.2.1/../../../arm-none-eabi/lib/thumb/v6-m/nofp/libc_nano.a(lib_a-aeabi_memmove.o)
 .debug_aranges
                0x00000040       0x20 /usr/lib/gcc/arm-none-eabi/12.2.1/../../../arm-none-eabi/lib/thumb/v6-m/nofp/libc_nano.a(lib_a-aeabi_memset.o)
 .debug_aranges
                0x00000060       0x20 /usr/lib/gcc/arm-none-eabi/12.2.1/../../../arm-none-eabi/lib/thumb/v6-m/nofp/libc_nano.a(lib_a-memmove.o)
 .debug_aranges
                0x00000080       0x20 /usr/lib/gcc/arm-none-eabi/12.2.1/../../../arm-none-eabi/lib/thumb/v6-m/nofp/libc_nano.a(lib_a-memset.o)
 .debug_aranges
                0x000000a0       0x20 /usr/lib/gcc/arm-none-eabi/12.2.1/../../../arm-none-eabi/lib/thumb/v6-m/nofp/libc_nano.a(lib_a-setjmp.o)

.debug_pubnames
 *(.debug_pubnames)

.debug_info     0x00000000      0x555
 *(.debug_info .gnu.linkonce.wi.*)
 .debug_info    0x00000000       0xd9 /usr/lib/gcc/arm-none-eabi/12.2.1/../../../arm-none-eabi/lib/thumb/v6-m/nofp/libc_nano.a(lib_a-aeabi_memclr.o)
 .debug_info    0x000000d9       0xf2 /usr/lib/gcc/arm-none-eabi/12.2.1/../../../arm-none-eabi/lib/thumb/v6-m/nofp/libc_nano.a(lib_a-aeabi_memmove.o)
 .debug_info    0x000001cb       0xe9 /usr/lib/gcc/arm-none-eabi/12.2.1/../../../arm-none-eabi/lib/thumb/v6-m/nofp/libc_nano.a(lib_a-aeabi_memset.o)
 .debug_info    0x000002b4      0x148 /usr/lib/gcc/arm-none-eabi/12.2.1/../../../arm-none-eabi/lib/thumb/v6-m/nofp/libc_nano.a(lib_a-memmove.o)
 .debug_info    0x000003fc      0x135 /usr/lib/gcc/arm-none-eabi/12.2.1/../../../arm-none-eabi/lib/thumb/v6-m/nofp/libc_nano.a(lib_a-memset.o)
 .debug_info    0x00000531       0x24 /usr/lib/gcc/arm-none-eabi/12.2.1/../../../arm-none-eabi/lib/thumb/v6-m/nofp/libc_nano.a(lib_a-setjmp.o)

.debug_abbrev   0x00000000      0x3b6
 *(.debug_abbrev)
 .debug_abbrev  0x00000000       0xb2 /usr/lib/gcc/arm-none-eabi/12.2.1/../../../arm-none-eabi/lib/thumb/v6-m/nofp/libc_nano.a(lib_a-aeabi_memclr.o)
 .debug_abbrev  0x000000b2       0xc2 /usr/lib/gcc/arm-none-eabi/12.2.1/../../../arm-none-eabi/lib/thumb/v6-m/nofp/libc_nano.a(lib_a-aeabi_memmove.o)
 .debug_abbrev  0x00000174       0xb4 /usr/lib/gcc/arm-none-eabi/12.2.1/../../../arm-none-eabi/lib/thumb/v6-m/nofp/libc_nano.a(lib_a-aeabi_memset.o)
 .debug_abbrev  0x00000228       0xc3 /usr/lib/gcc/arm-none-eabi/12.2.1/../../../arm-none-eabi/lib/thumb/v6-m/nofp/libc_nano.a(lib_a-memmove.o)
 .debug_abbrev  0x000002eb       0xb7 /usr/lib/gcc/arm-none-eabi/12.2.1/../../../arm-none-eabi/lib/thumb/v6-m/nofp/libc_nano.a(lib_a-memset.o)
 .debug_abbrev  0x000003a2       0x14 /usr/lib/gcc/arm-none-eabi/12.2.1/../../../arm-none-eabi/lib/thumb/v6-m/nofp/libc_nano.a(lib_a-setjmp.o)

.debug_line     0x00000000      0x630
 *(.debug_line)
 .debug_line    0x00000000       0xbd /usr/lib/gcc/arm-none-eabi/12.2.1/../../../arm-none-eabi/lib/thumb/v6-m/nofp/libc_nano.a(lib_a-aeabi_memclr.o)
 .debug_line    0x000000bd       0xb8 /usr/lib/gcc/arm-none-eabi/12.2.1/../../../arm-none-eabi/lib/thumb/v6-m/nofp/libc_nano.a(lib_a-aeabi_memmove.o)
 .debug_line    0x00000175       0xba /usr/lib/gcc/arm-none-eabi/12.2.1/../../../arm-none-eabi/lib/thumb/v6-m/nofp/libc_nano.a(lib_a-aeabi_memset.o)
 .debug_line    0x0000022f      0x1db /usr/lib/gcc/arm-none-eabi/12.2.1/../../../arm-none-eabi/lib/thumb/v6-m/nofp/libc_nano.a(lib_a-memmove.o)
 .debug_line    0x0000040a      0x1c3 /usr/lib/gcc/arm-none-eabi/12.2.1/../../../arm-none-eabi/lib/thumb/v6-m/nofp/libc_nano.a(lib_a-memset.o)
 .debug_line    0x000005cd       0x63 /usr/lib/gcc/arm-none-eabi/12.2.1/../../../arm-none-eabi/lib/thumb/v6-m/nofp/libc_nano.a(lib_a-setjmp.o)

.debug_frame    0x00000000       0xd8
 *(.debug_frame)
 .debug_frame   0x00000000       0x28 /usr/lib/gcc/arm-none-eabi/12.2.1/../../../arm-none-eabi/lib/thumb/v6-m/nofp/libc_nano.a(lib_a-aeabi_memclr.o)
 .debug_frame   0x00000028       0x28 /usr/lib/gcc/arm-none-eabi/12.2.1/../../../arm-none-eabi/lib/thumb/v6-m/nofp/libc_nano.a(lib_a-aeabi_memmove.o)
 .debug_frame   0x00000050       0x28 /usr/lib/gcc/arm-none-eabi/12.2.1/../../../arm-none-eabi/lib/thumb/v6-m/nofp/libc_nano.a(lib_a-aeabi_memset.o)
 .debug_frame   0x00000078       0x30 /usr/lib/gcc/arm-none-eabi/12.2.1/../../../arm-none-eabi/lib/thumb/v6-m/nofp/libc_nano.a(lib_a-memmove.o)
 .debug_frame   0x000000a8       0x30 /usr/lib/gcc/arm-none-eabi/12.2.1/../../../arm-none-eabi/lib/thumb/v6-m/nofp/libc_nano.a(lib_a-memset.o)

.debug_str      0x00000000      0x375
 *(.debug_str)
 .debug_str     0x00000000      0x149 /usr/lib/gcc/arm-none-eabi/12.2.1/../../../arm-none-eabi/lib/thumb/v6-m/nofp/libc_nano.a(lib_a-aeabi_memclr.o)
                                0x156 (size before relaxing)
 .debug_str     0x00000149       0x5a /usr/lib/gcc/arm-none-eabi/12.2.1/../../../arm-none-eabi/lib/thumb/v6-m/nofp/libc_nano.a(lib_a-aeabi_memmove.o)
                                0x158 (size before relaxing)
 .debug_str     0x000001a3       0x42 /usr/lib/gcc/arm-none-eabi/12.2.1/../../../arm-none-eabi/lib/thumb/v6-m/nofp/libc_nano.a(lib_a-aeabi_memset.o)
                                0x14e (size before relaxing)
 .debug_str     0x000001e5      0x100 /usr/lib/gcc/arm-none-eabi/12.2.1/../../../arm-none-eabi/lib/thumb/v6-m/nofp/libc_nano.a(lib_a-memmove.o)
                                0x1c8 (size before relaxing)
 .debug_str     0x000002e5       0x48 /usr/lib/gcc/arm-none-eabi/12.2.1/../../../arm-none-eabi/lib/thumb/v6-m/nofp/libc_nano.a(lib_a-memset.o)
                                0x1a9 (size before relaxing)
 .debug_str     0x0000032d       0x48 /usr/lib/gcc/arm-none-eabi/12.2.1/../../../arm-none-eabi/lib/thumb/v6-m/nofp/libc_nano.a(lib_a-setjmp.o)
                                 0xa5 (size before relaxing)

.debug_loc
 *(.debug_loc)

.debug_macinfo
 *(.debug_macinfo)

.debug_weaknames
 *(.debug_weaknames)

.debug_funcnames
 *(.debug_funcnames)

.debug_typenames
 *(.debug_typenames)

.debug_varnames
 *(.debug_varnames)

ledger.target   0xd0000008        0x5
 *(ledger.target)
 ledger.target  0xd0000008        0x5 build/nanos/obj/sdk/src/app_metadata.o
                0xd0000008                target

ledger.target_name
                0xd000000d        0xc
 *(ledger.target_name)
 ledger.target_name
                0xd000000d        0xc build/nanos/obj/sdk/src/app_metadata.o
                0xd000000d                target_name

ledger.target_id
                0xd0000019        0xa
 *(ledger.target_id)
 ledger.target_id
                0xd0000019        0xa build/nanos/obj/sdk/src/app_metadata.o
                0xd0000019                target_id

ledger.target_version
                0xd0000023        0x5
 *(ledger.target_version)
 ledger.target_version
                0xd0000023        0x5 build/nanos/obj/sdk/src/app_metadata.o
                0xd0000023                target_version

ledger.app_name
                0xd0000028        0x5
 *(ledger.app_name)
 ledger.app_name
                0xd0000028        0x5 build/nanos/obj/sdk/src/app_metadata.o
                0xd0000028                app_name

ledger.app_version
                0xd000002d        0x5
 *(ledger.app_version)
 ledger.app_version
                0xd000002d        0x5 build/nanos/obj/sdk/src/app_metadata.o
                0xd000002d                app_version

ledger.api_level
 *(ledger.api_level)

ledger.sdk_name
                0xd0000032       0x10
 *(ledger.sdk_name)
 ledger.sdk_name
                0xd0000032       0x10 build/nanos/obj/sdk/src/app_metadata.o
                0xd0000032                sdk_name

ledger.sdk_version
                0xd0000042        0x4
 *(ledger.sdk_version)
 ledger.sdk_version
                0xd0000042        0x4 build/nanos/obj/sdk/src/app_metadata.o
                0xd0000042                sdk_version

ledger.sdk_hash
                0xd0000046       0x28
 *(ledger.sdk_hash)
 ledger.sdk_hash
                0xd0000046       0x28 build/nanos/obj/sdk/src/app_metadata.o
                0xd0000046                sdk_hash

ledger.sdk_graphics
                0xd000006e        0x4
 *(ledger.sdk_graphics)
 ledger.sdk_graphics
                0xd000006e        0x4 build/nanos/obj/sdk/src/app_metadata.o
                0xd000006e                sdk_graphics
                0xc0d00000                        PROVIDE (_nvram = ABSOLUTE (_nvram_start))
                0xc0d00ed1                        PROVIDE (_envram = ABSOLUTE (_nvram_end))
OUTPUT(build/nanos/bin/app.elf elf32-littlearm)
LOAD linker stubs
LOAD /usr/lib/gcc/arm-none-eabi/12.2.1/../../../arm-none-eabi/lib/thumb/v6-m/nofp/libc.a
LOAD /usr/lib/gcc/arm-none-eabi/12.2.1/../../../arm-none-eabi/lib/thumb/v6-m/nofp/libm.a
LOAD /usr/lib/gcc/arm-none-eabi/12.2.1/thumb/v6-m/nofp/libgcc.a

.debug_loclists
                0x00000000      0x5db
 .debug_loclists
                0x00000000       0x30 /usr/lib/gcc/arm-none-eabi/12.2.1/../../../arm-none-eabi/lib/thumb/v6-m/nofp/libc_nano.a(lib_a-aeabi_memclr.o)
 .debug_loclists
                0x00000030       0x42 /usr/lib/gcc/arm-none-eabi/12.2.1/../../../arm-none-eabi/lib/thumb/v6-m/nofp/libc_nano.a(lib_a-aeabi_memmove.o)
 .debug_loclists
                0x00000072       0x50 /usr/lib/gcc/arm-none-eabi/12.2.1/../../../arm-none-eabi/lib/thumb/v6-m/nofp/libc_nano.a(lib_a-aeabi_memset.o)
 .debug_loclists
                0x000000c2      0x35f /usr/lib/gcc/arm-none-eabi/12.2.1/../../../arm-none-eabi/lib/thumb/v6-m/nofp/libc_nano.a(lib_a-memmove.o)
 .debug_loclists
                0x00000421      0x1ba /usr/lib/gcc/arm-none-eabi/12.2.1/../../../arm-none-eabi/lib/thumb/v6-m/nofp/libc_nano.a(lib_a-memset.o)

.debug_line_str
                0x00000000       0x99
 .debug_line_str
                0x00000000       0x99 /usr/lib/gcc/arm-none-eabi/12.2.1/../../../arm-none-eabi/lib/thumb/v6-m/nofp/libc_nano.a(lib_a-setjmp.o)
