Archive member included to satisfy reference by file (symbol)

/usr/lib/gcc/arm-none-eabi/12.2.1/thumb/v6-m/nofp/libgcc.a(_udivsi3.o)
                              build/nanos/obj/app/src/main.o (__aeabi_uidiv)
/usr/lib/gcc/arm-none-eabi/12.2.1/thumb/v6-m/nofp/libgcc.a(_divsi3.o)
                              build/nanos/obj/app/src/main.o (__aeabi_idiv)
/usr/lib/gcc/arm-none-eabi/12.2.1/thumb/v6-m/nofp/libgcc.a(_dvmd_tls.o)
                              /usr/lib/gcc/arm-none-eabi/12.2.1/thumb/v6-m/nofp/libgcc.a(_udivsi3.o) (__aeabi_idiv0)
/usr/lib/gcc/arm-none-eabi/12.2.1/thumb/v6-m/nofp/libgcc.a(_aeabi_ldivmod.o)
                              build/nanos/obj/sdk/lib_standard_app/format.o (__aeabi_ldivmod)
/usr/lib/gcc/arm-none-eabi/12.2.1/thumb/v6-m/nofp/libgcc.a(_aeabi_uldivmod.o)
                              build/nanos/obj/sdk/lib_standard_app/format.o (__aeabi_uldivmod)
/usr/lib/gcc/arm-none-eabi/12.2.1/thumb/v6-m/nofp/libgcc.a(_muldi3.o)
                              build/nanos/obj/sdk/lib_standard_app/format.o (__aeabi_lmul)
/usr/lib/gcc/arm-none-eabi/12.2.1/thumb/v6-m/nofp/libgcc.a(_udivmoddi4.o)
                              /usr/lib/gcc/arm-none-eabi/12.2.1/thumb/v6-m/nofp/libgcc.a(_aeabi_uldivmod.o) (__udivmoddi4)
/usr/lib/gcc/arm-none-eabi/12.2.1/thumb/v6-m/nofp/libgcc.a(bpabi.o)
                              /usr/lib/gcc/arm-none-eabi/12.2.1/thumb/v6-m/nofp/libgcc.a(_aeabi_ldivmod.o) (__gnu_ldivmod_helper)
/usr/lib/gcc/arm-none-eabi/12.2.1/thumb/v6-m/nofp/libgcc.a(_clzdi2.o)
                              /usr/lib/gcc/arm-none-eabi/12.2.1/thumb/v6-m/nofp/libgcc.a(_udivmoddi4.o) (__clzdi2)
/usr/lib/gcc/arm-none-eabi/12.2.1/thumb/v6-m/nofp/libgcc.a(_divdi3.o)
                              /usr/lib/gcc/arm-none-eabi/12.2.1/thumb/v6-m/nofp/libgcc.a(bpabi.o) (__divdi3)
/usr/lib/gcc/arm-none-eabi/12.2.1/thumb/v6-m/nofp/libgcc.a(_clzsi2.o)
                              /usr/lib/gcc/arm-none-eabi/12.2.1/thumb/v6-m/nofp/libgcc.a(_clzdi2.o) (__clzsi2)
/usr/lib/gcc/arm-none-eabi/12.2.1/../../../arm-none-eabi/lib/thumb/v6-m/nofp/libc_nano.a(lib_a-aeabi_memclr.o)
                              build/nanos/obj/sdk/lib_standard_app/bip32.o (__aeabi_memclr)
/usr/lib/gcc/arm-none-eabi/12.2.1/../../../arm-none-eabi/lib/thumb/v6-m/nofp/libc_nano.a(lib_a-aeabi_memcpy.o)
                              build/nanos/obj/app/src/main.o (__aeabi_memcpy)
/usr/lib/gcc/arm-none-eabi/12.2.1/../../../arm-none-eabi/lib/thumb/v6-m/nofp/libc_nano.a(lib_a-aeabi_memmove.o)
                              build/nanos/obj/sdk/lib_standard_app/buffer.o (__aeabi_memmove)
/usr/lib/gcc/arm-none-eabi/12.2.1/../../../arm-none-eabi/lib/thumb/v6-m/nofp/libc_nano.a(lib_a-aeabi_memset.o)
                              build/nanos/obj/sdk/lib_standard_app/base58.o (__aeabi_memset)
/usr/lib/gcc/arm-none-eabi/12.2.1/../../../arm-none-eabi/lib/thumb/v6-m/nofp/libc_nano.a(lib_a-explicit_bzero.o)
                              build/nanos/obj/app/src/main.o (explicit_bzero)
/usr/lib/gcc/arm-none-eabi/12.2.1/../../../arm-none-eabi/lib/thumb/v6-m/nofp/libc_nano.a(lib_a-memcmp.o)
                              build/nanos/obj/sdk/src/os.o (memcmp)
/usr/lib/gcc/arm-none-eabi/12.2.1/../../../arm-none-eabi/lib/thumb/v6-m/nofp/libc_nano.a(lib_a-memcpy-stub.o)
                              /usr/lib/gcc/arm-none-eabi/12.2.1/../../../arm-none-eabi/lib/thumb/v6-m/nofp/libc_nano.a(lib_a-aeabi_memcpy.o) (memcpy)
/usr/lib/gcc/arm-none-eabi/12.2.1/../../../arm-none-eabi/lib/thumb/v6-m/nofp/libc_nano.a(lib_a-memmove.o)
                              /usr/lib/gcc/arm-none-eabi/12.2.1/../../../arm-none-eabi/lib/thumb/v6-m/nofp/libc_nano.a(lib_a-aeabi_memmove.o) (memmove)
/usr/lib/gcc/arm-none-eabi/12.2.1/../../../arm-none-eabi/lib/thumb/v6-m/nofp/libc_nano.a(lib_a-memset.o)
                              /usr/lib/gcc/arm-none-eabi/12.2.1/../../../arm-none-eabi/lib/thumb/v6-m/nofp/libc_nano.a(lib_a-aeabi_memset.o) (memset)
/usr/lib/gcc/arm-none-eabi/12.2.1/../../../arm-none-eabi/lib/thumb/v6-m/nofp/libc_nano.a(lib_a-setjmp.o)
                              build/nanos/obj/app/src/main.o (setjmp)
/usr/lib/gcc/arm-none-eabi/12.2.1/../../../arm-none-eabi/lib/thumb/v6-m/nofp/libc_nano.a(lib_a-strlen-stub.o)
                              build/nanos/obj/app/src/main.o (strlen)
/usr/lib/gcc/arm-none-eabi/12.2.1/../../../arm-none-eabi/lib/thumb/v6-m/nofp/libc_nano.a(lib_a-strncpy.o)
                              build/nanos/obj/sdk/lib_standard_app/format.o (strncpy)
/usr/lib/gcc/arm-none-eabi/12.2.1/../../../arm-none-eabi/lib/thumb/v6-m/nofp/libc_nano.a(lib_a-bzero.o)
                              /usr/lib/gcc/arm-none-eabi/12.2.1/../../../arm-none-eabi/lib/thumb/v6-m/nofp/libc_nano.a(lib_a-explicit_bzero.o) (bzero)

Discarded input sections

 .text          0x00000000        0x0 build/nanos/gen_src/glyphs.o
 .rodata.C_icon_back_colors
                0x00000000        0x8 build/nanos/gen_src/glyphs.o
 .rodata.C_icon_back_bitmap
[...]
Memory Configuration

Name             Origin             Length             Attributes
DISCARD          0xd0000000         0x00100000         xrw
FLASH            0xc0d00000         0x00064000         xr
SRAM             0x20000200         0x00001200         xrw
CXSRAM           0x20001400         0x00000400         xrw
*default*        0x00000000         0xffffffff

Linker script and memory map

LOAD build/nanos/gen_src/glyphs.o
LOAD build/nanos/obj/app/src/main.o
LOAD build/nanos/obj/sdk/lib_bagl/src/bagl.o
LOAD build/nanos/obj/sdk/lib_bagl/src/bagl_fonts.o
LOAD build/nanos/obj/sdk/lib_bagl/src/bagl_glyphs.o
LOAD build/nanos/obj/sdk/lib_standard_app/base58.o
LOAD build/nanos/obj/sdk/lib_standard_app/bip32.o
LOAD build/nanos/obj/sdk/lib_standard_app/buffer.o
LOAD build/nanos/obj/sdk/lib_standard_app/crypto_helpers.o
LOAD build/nanos/obj/sdk/lib_standard_app/format.o
LOAD build/nanos/obj/sdk/lib_standard_app/io.o
LOAD build/nanos/obj/sdk/lib_standard_app/main.o
LOAD build/nanos/obj/sdk/lib_standard_app/parser.o
LOAD build/nanos/obj/sdk/lib_standard_app/read.o
LOAD build/nanos/obj/sdk/lib_standard_app/swap_error_code_helpers.o
LOAD build/nanos/obj/sdk/lib_standard_app/swap_utils.o
LOAD build/nanos/obj/sdk/lib_standard_app/varint.o
LOAD build/nanos/obj/sdk/lib_standard_app/write.o
LOAD build/nanos/obj/sdk/lib_stusb/STM32_USB_Device_Library/Class/CCID/src/usbd_ccid_cmd.o
LOAD build/nanos/obj/sdk/lib_stusb/STM32_USB_Device_Library/Class/CCID/src/usbd_ccid_core.o
LOAD build/nanos/obj/sdk/lib_stusb/STM32_USB_Device_Library/Class/CCID/src/usbd_ccid_if.o
LOAD build/nanos/obj/sdk/lib_stusb/STM32_USB_Device_Library/Class/HID/Src/usbd_hid.o
LOAD build/nanos/obj/sdk/lib_stusb/STM32_USB_Device_Library/Core/Src/usbd_core.o
LOAD build/nanos/obj/sdk/lib_stusb/STM32_USB_Device_Library/Core/Src/usbd_ctlreq.o
LOAD build/nanos/obj/sdk/lib_stusb/STM32_USB_Device_Library/Core/Src/usbd_ioreq.o
LOAD build/nanos/obj/sdk/lib_stusb/usbd_conf.o
LOAD build/nanos/obj/sdk/lib_stusb_impl/u2f_impl.o
LOAD build/nanos/obj/sdk/lib_stusb_impl/u2f_io.o
LOAD build/nanos/obj/sdk/lib_stusb_impl/usbd_impl.o
LOAD build/nanos/obj/sdk/lib_ux/src/ux_flow_engine.o
LOAD build/nanos/obj/sdk/lib_ux/src/ux_layout_bb.o
LOAD build/nanos/obj/sdk/lib_ux/src/ux_layout_bn.o
LOAD build/nanos/obj/sdk/lib_ux/src/ux_layout_bnn.o
LOAD build/nanos/obj/sdk/lib_ux/src/ux_layout_bnnn.o
LOAD build/nanos/obj/sdk/lib_ux/src/ux_layout_nn.o
LOAD build/nanos/obj/sdk/lib_ux/src/ux_layout_nnbnn.o
LOAD build/nanos/obj/sdk/lib_ux/src/ux_layout_nnn.o
LOAD build/nanos/obj/sdk/lib_ux/src/ux_layout_nnnn.o
LOAD build/nanos/obj/sdk/lib_ux/src/ux_layout_paging.o
LOAD build/nanos/obj/sdk/lib_ux/src/ux_layout_paging_compute.o
LOAD build/nanos/obj/sdk/lib_ux/src/ux_layout_pb.o
LOAD build/nanos/obj/sdk/lib_ux/src/ux_layout_pbb.o
LOAD build/nanos/obj/sdk/lib_ux/src/ux_layout_pbn.o
LOAD build/nanos/obj/sdk/lib_ux/src/ux_layout_pn.o
LOAD build/nanos/obj/sdk/lib_ux/src/ux_layout_pnn.o
LOAD build/nanos/obj/sdk/lib_ux/src/ux_layout_utils.o
LOAD build/nanos/obj/sdk/lib_ux/src/ux_legacy.o
LOAD build/nanos/obj/sdk/lib_ux/src/ux_menulist.o
LOAD build/nanos/obj/sdk/lib_ux/src/ux_stack.o
LOAD build/nanos/obj/sdk/src/app_metadata.o
LOAD build/nanos/obj/sdk/src/checks.o
LOAD build/nanos/obj/sdk/src/cx_hash_iovec.o
LOAD build/nanos/obj/sdk/src/cx_stubs.o
LOAD build/nanos/obj/sdk/src/cx_wrappers.o
LOAD build/nanos/obj/sdk/src/ledger_assert.o
LOAD build/nanos/obj/sdk/src/ledger_protocol.o
LOAD build/nanos/obj/sdk/src/os.o
LOAD build/nanos/obj/sdk/src/os_io_seproxyhal.o
LOAD build/nanos/obj/sdk/src/os_io_task.o
LOAD build/nanos/obj/sdk/src/os_io_usb.o
LOAD build/nanos/obj/sdk/src/os_printf.o
LOAD build/nanos/obj/sdk/src/pic.o
LOAD build/nanos/obj/sdk/src/svc_call.o
LOAD build/nanos/obj/sdk/src/svc_cx_call.o
LOAD build/nanos/obj/sdk/src/syscalls.o
LOAD /usr/lib/gcc/arm-none-eabi/12.2.1/../../../arm-none-eabi/lib/thumb/v6-m/nofp/libm.a
LOAD /usr/lib/gcc/arm-none-eabi/12.2.1/thumb/v6-m/nofp/libgcc.a
LOAD /usr/lib/gcc/arm-none-eabi/12.2.1/../../../arm-none-eabi/lib/thumb/v6-m/nofp/libc_nano.a
START GROUP
LOAD /usr/lib/gcc/arm-none-eabi/12.2.1/thumb/v6-m/nofp/libgcc.a
LOAD /usr/lib/gcc/arm-none-eabi/12.2.1/../../../arm-none-eabi/lib/thumb/v6-m/nofp/libc_nano.a
END GROUP
START GROUP
LOAD /usr/lib/gcc/arm-none-eabi/12.2.1/thumb/v6-m/nofp/libgcc.a
LOAD /usr/lib/gcc/arm-none-eabi/12.2.1/../../../arm-none-eabi/lib/thumb/v6-m/nofp/libc_nano.a
END GROUP
                0x00000040                        PAGE_SIZE = 0x40
                0x00000400                        STACK_MIN_SIZE = DEFINED (stack_min_size)?stack_min_size:0x400
                0x20001400                        END_STACK = (ORIGIN (SRAM) + LENGTH (SRAM))

.text           0xc0d00000     0x2e11
                0xc0d00000                        _text = .
                0xc0d00000                        _nvram_start = .
 *(.boot*)
 .boot          0xc0d00000       0x30 build/nanos/obj/app/src/main.o
                0xc0d00000                app_main
 .boot          0xc0d00030       0x16 build/nanos/obj/sdk/lib_standard_app/main.o
                0xc0d00030                main
                0xc0d00046                        _code = .
 *(.text*)
 .text.app_exit
                0xc0d00046        0x6 build/nanos/obj/app/src/main.o
                0xc0d00046                app_exit
 .text.app_main_impl
                0xc0d0004c      0x3c0 build/nanos/obj/app/src/main.o
 .text.read_u32_be
                0xc0d0040c       0x18 build/nanos/obj/app/src/main.o
 .text.derive_keypair
                0xc0d00424       0x66 build/nanos/obj/app/src/main.o
 *fill*         0xc0d0048a        0x2 00
 .text.get_address
                0xc0d0048c      0x12c build/nanos/obj/app/src/main.o
 .text.os_derive_bip32_with_seed_no_throw
                0xc0d005b8       0x70 build/nanos/obj/app/src/main.o
 .text.sha256_hash
                0xc0d00628       0x32 build/nanos/obj/app/src/main.o
 .text.io_seproxyhal_display
                0xc0d0065a        0x8 build/nanos/obj/sdk/lib_standard_app/io.o
                0xc0d0065a                io_seproxyhal_display
 .text.app_ticker_event_callback
                0xc0d00662        0x2 build/nanos/obj/sdk/lib_standard_app/io.o
                0xc0d00662                app_ticker_event_callback
 .text.io_event
                0xc0d00664      0x4ec build/nanos/obj/sdk/lib_standard_app/io.o
                0xc0d00664                io_event
 .text.io_exchange_al
                0xc0d00b50       0x44 build/nanos/obj/sdk/lib_standard_app/io.o
                0xc0d00b50                io_exchange_al
 .text.common_app_init
                0xc0d00b94       0x24 build/nanos/obj/sdk/lib_standard_app/main.o
                0xc0d00b94                common_app_init
 .text.standalone_app_main
                0xc0d00bb8       0x50 build/nanos/obj/sdk/lib_standard_app/main.o
                0xc0d00bb8                standalone_app_main
 .text.USBD_HID_Setup
                0xc0d00c08       0x90 build/nanos/obj/sdk/lib_stusb/STM32_USB_Device_Library/Class/HID/Src/usbd_hid.o
                0xc0d00c08                USBD_HID_Setup
 .text.USBD_HID_Init
                0xc0d00c98       0x2e build/nanos/obj/sdk/lib_stusb/STM32_USB_Device_Library/Class/HID/Src/usbd_hid.o
                0xc0d00c98                USBD_HID_Init
 .text.USBD_HID_DeInit
                0xc0d00cc6        0x4 build/nanos/obj/sdk/lib_stusb/STM32_USB_Device_Library/Class/HID/Src/usbd_hid.o
                0xc0d00cc6                USBD_HID_DeInit
 .text.USBD_Init
                0xc0d00cca       0x30 build/nanos/obj/sdk/lib_stusb/STM32_USB_Device_Library/Core/Src/usbd_core.o
                0xc0d00cca                USBD_Init
 .text.USBD_DeInit
                0xc0d00cfa       0x38 build/nanos/obj/sdk/lib_stusb/STM32_USB_Device_Library/Core/Src/usbd_core.o
                0xc0d00cfa                USBD_DeInit
 .text.USBD_RegisterClassForInterface
                0xc0d00d32       0x1a build/nanos/obj/sdk/lib_stusb/STM32_USB_Device_Library/Core/Src/usbd_core.o
                0xc0d00d32                USBD_RegisterClassForInterface
 .text.USBD_Start
                0xc0d00d4c        0xa build/nanos/obj/sdk/lib_stusb/STM32_USB_Device_Library/Core/Src/usbd_core.o
                0xc0d00d4c                USBD_Start
 .text.USBD_SetClassConfig
                0xc0d00d56       0x36 build/nanos/obj/sdk/lib_stusb/STM32_USB_Device_Library/Core/Src/usbd_core.o
                0xc0d00d56                USBD_SetClassConfig
 .text.USBD_ClrClassConfig
                0xc0d00d8c       0x36 build/nanos/obj/sdk/lib_stusb/STM32_USB_Device_Library/Core/Src/usbd_core.o
                0xc0d00d8c                USBD_ClrClassConfig
 .text.USBD_LL_SetupStage
                0xc0d00dc2       0x5c build/nanos/obj/sdk/lib_stusb/STM32_USB_Device_Library/Core/Src/usbd_core.o
                0xc0d00dc2                USBD_LL_SetupStage
 .text.USBD_LL_DataOutStage
                0xc0d00e1e       0xb6 build/nanos/obj/sdk/lib_stusb/STM32_USB_Device_Library/Core/Src/usbd_core.o
                0xc0d00e1e                USBD_LL_DataOutStage
 .text.USBD_LL_DataInStage
                0xc0d00ed4       0xe2 build/nanos/obj/sdk/lib_stusb/STM32_USB_Device_Library/Core/Src/usbd_core.o
                0xc0d00ed4                USBD_LL_DataInStage
 .text.USBD_LL_Reset
                0xc0d00fb6       0x40 build/nanos/obj/sdk/lib_stusb/STM32_USB_Device_Library/Core/Src/usbd_core.o
                0xc0d00fb6                USBD_LL_Reset
 .text.USBD_LL_SetSpeed
                0xc0d00ff6        0x6 build/nanos/obj/sdk/lib_stusb/STM32_USB_Device_Library/Core/Src/usbd_core.o
                0xc0d00ff6                USBD_LL_SetSpeed
 .text.USBD_LL_Suspend
                0xc0d00ffc        0x4 build/nanos/obj/sdk/lib_stusb/STM32_USB_Device_Library/Core/Src/usbd_core.o
                0xc0d00ffc                USBD_LL_Suspend
 .text.USBD_LL_Resume
                0xc0d01000        0x4 build/nanos/obj/sdk/lib_stusb/STM32_USB_Device_Library/Core/Src/usbd_core.o
                0xc0d01000                USBD_LL_Resume
 .text.USBD_LL_SOF
                0xc0d01004       0x3e build/nanos/obj/sdk/lib_stusb/STM32_USB_Device_Library/Core/Src/usbd_core.o
                0xc0d01004                USBD_LL_SOF
 .text.usbd_is_valid_intf
                0xc0d01042       0x16 build/nanos/obj/sdk/lib_stusb/STM32_USB_Device_Library/Core/Src/usbd_ctlreq.o
                0xc0d01042                usbd_is_valid_intf
 .text.USBD_StdDevReq
                0xc0d01058       0x52 build/nanos/obj/sdk/lib_stusb/STM32_USB_Device_Library/Core/Src/usbd_ctlreq.o
                0xc0d01058                USBD_StdDevReq
 .text.USBD_GetDescriptor
                0xc0d010aa       0xee build/nanos/obj/sdk/lib_stusb/STM32_USB_Device_Library/Core/Src/usbd_ctlreq.o
                0xc0d010aa                USBD_GetDescriptor
 .text.USBD_SetAddress
                0xc0d01198       0x46 build/nanos/obj/sdk/lib_stusb/STM32_USB_Device_Library/Core/Src/usbd_ctlreq.o
                0xc0d01198                USBD_SetAddress
 .text.USBD_SetConfig
                0xc0d011de       0x72 build/nanos/obj/sdk/lib_stusb/STM32_USB_Device_Library/Core/Src/usbd_ctlreq.o
                0xc0d011de                USBD_SetConfig
 .text.USBD_GetConfig
                0xc0d01250       0x2e build/nanos/obj/sdk/lib_stusb/STM32_USB_Device_Library/Core/Src/usbd_ctlreq.o
                0xc0d01250                USBD_GetConfig
 .text.USBD_GetStatus
                0xc0d0127e       0x48 build/nanos/obj/sdk/lib_stusb/STM32_USB_Device_Library/Core/Src/usbd_ctlreq.o
                0xc0d0127e                USBD_GetStatus
 .text.USBD_SetFeature
                0xc0d012c6       0x3a build/nanos/obj/sdk/lib_stusb/STM32_USB_Device_Library/Core/Src/usbd_ctlreq.o
                0xc0d012c6                USBD_SetFeature
 .text.USBD_ClrFeature
                0xc0d01300       0x52 build/nanos/obj/sdk/lib_stusb/STM32_USB_Device_Library/Core/Src/usbd_ctlreq.o
                0xc0d01300                USBD_ClrFeature
 .text.USBD_StdItfReq
                0xc0d01352       0x48 build/nanos/obj/sdk/lib_stusb/STM32_USB_Device_Library/Core/Src/usbd_ctlreq.o
                0xc0d01352                USBD_StdItfReq
 .text.USBD_StdEPReq
                0xc0d0139a       0xf8 build/nanos/obj/sdk/lib_stusb/STM32_USB_Device_Library/Core/Src/usbd_ctlreq.o
                0xc0d0139a                USBD_StdEPReq
 .text.USBD_ParseSetupRequest
                0xc0d01492       0x28 build/nanos/obj/sdk/lib_stusb/STM32_USB_Device_Library/Core/Src/usbd_ctlreq.o
                0xc0d01492                USBD_ParseSetupRequest
 .text.USBD_CtlStall
                0xc0d014ba       0x14 build/nanos/obj/sdk/lib_stusb/STM32_USB_Device_Library/Core/Src/usbd_ctlreq.o
                0xc0d014ba                USBD_CtlStall
 .text.USBD_CtlSendData
                0xc0d014ce       0x2c build/nanos/obj/sdk/lib_stusb/STM32_USB_Device_Library/Core/Src/usbd_ioreq.o
                0xc0d014ce                USBD_CtlSendData
 .text.USBD_CtlContinueSendData
                0xc0d014fa       0x1c build/nanos/obj/sdk/lib_stusb/STM32_USB_Device_Library/Core/Src/usbd_ioreq.o
                0xc0d014fa                USBD_CtlContinueSendData
 .text.USBD_CtlContinueRx
                0xc0d01516        0xe build/nanos/obj/sdk/lib_stusb/STM32_USB_Device_Library/Core/Src/usbd_ioreq.o
                0xc0d01516                USBD_CtlContinueRx
 .text.USBD_CtlSendStatus
                0xc0d01524       0x18 build/nanos/obj/sdk/lib_stusb/STM32_USB_Device_Library/Core/Src/usbd_ioreq.o
                0xc0d01524                USBD_CtlSendStatus
 .text.USBD_CtlReceiveStatus
                0xc0d0153c       0x16 build/nanos/obj/sdk/lib_stusb/STM32_USB_Device_Library/Core/Src/usbd_ioreq.o
                0xc0d0153c                USBD_CtlReceiveStatus
 *fill*         0xc0d01552        0x2 00
 .text.USBD_LL_Init
                0xc0d01554       0x14 build/nanos/obj/sdk/lib_stusb/usbd_conf.o
                0xc0d01554                USBD_LL_Init
 .text.USBD_LL_DeInit
                0xc0d01568       0x1e build/nanos/obj/sdk/lib_stusb/usbd_conf.o
                0xc0d01568                USBD_LL_DeInit
 .text.USBD_LL_Start
                0xc0d01586       0x34 build/nanos/obj/sdk/lib_stusb/usbd_conf.o
                0xc0d01586                USBD_LL_Start
 .text.USBD_LL_Stop
                0xc0d015ba       0x1e build/nanos/obj/sdk/lib_stusb/usbd_conf.o
                0xc0d015ba                USBD_LL_Stop
 .text.USBD_LL_OpenEP
                0xc0d015d8       0x58 build/nanos/obj/sdk/lib_stusb/usbd_conf.o
                0xc0d015d8                USBD_LL_OpenEP
 .text.USBD_LL_StallEP
                0xc0d01630       0x44 build/nanos/obj/sdk/lib_stusb/usbd_conf.o
                0xc0d01630                USBD_LL_StallEP
 .text.USBD_LL_ClearStallEP
                0xc0d01674       0x44 build/nanos/obj/sdk/lib_stusb/usbd_conf.o
                0xc0d01674                USBD_LL_ClearStallEP
 .text.USBD_LL_IsStallEP
                0xc0d016b8       0x20 build/nanos/obj/sdk/lib_stusb/usbd_conf.o
                0xc0d016b8                USBD_LL_IsStallEP
 .text.USBD_LL_SetUSBAddress
                0xc0d016d8       0x20 build/nanos/obj/sdk/lib_stusb/usbd_conf.o
                0xc0d016d8                USBD_LL_SetUSBAddress
 .text.USBD_LL_Transmit
                0xc0d016f8       0x2e build/nanos/obj/sdk/lib_stusb/usbd_conf.o
                0xc0d016f8                USBD_LL_Transmit
 .text.USBD_LL_PrepareReceive
                0xc0d01726       0x22 build/nanos/obj/sdk/lib_stusb/usbd_conf.o
                0xc0d01726                USBD_LL_PrepareReceive
 .text.USBD_HID_GetHidDescriptor_impl
                0xc0d01748       0x28 build/nanos/obj/sdk/lib_stusb_impl/usbd_impl.o
                0xc0d01748                USBD_HID_GetHidDescriptor_impl
 .text.USBD_HID_GetReportDescriptor_impl
                0xc0d01770       0x28 build/nanos/obj/sdk/lib_stusb_impl/usbd_impl.o
                0xc0d01770                USBD_HID_GetReportDescriptor_impl
 .text.USBD_HID_DataIn_impl
                0xc0d01798       0x18 build/nanos/obj/sdk/lib_stusb_impl/usbd_impl.o
                0xc0d01798                USBD_HID_DataIn_impl
 .text.USBD_HID_DataOut_impl
                0xc0d017b0       0x50 build/nanos/obj/sdk/lib_stusb_impl/usbd_impl.o
                0xc0d017b0                USBD_HID_DataOut_impl
 .text.USBD_WEBUSB_Init
                0xc0d01800       0x2c build/nanos/obj/sdk/lib_stusb_impl/usbd_impl.o
                0xc0d01800                USBD_WEBUSB_Init
 .text.USBD_WEBUSB_DeInit
                0xc0d0182c        0x4 build/nanos/obj/sdk/lib_stusb_impl/usbd_impl.o
                0xc0d0182c                USBD_WEBUSB_DeInit
 .text.USBD_WEBUSB_Setup
                0xc0d01830        0x4 build/nanos/obj/sdk/lib_stusb_impl/usbd_impl.o
                0xc0d01830                USBD_WEBUSB_Setup
 .text.USBD_WEBUSB_DataIn
                0xc0d01834       0x18 build/nanos/obj/sdk/lib_stusb_impl/usbd_impl.o
                0xc0d01834                USBD_WEBUSB_DataIn
 .text.USBD_WEBUSB_DataOut
                0xc0d0184c       0x50 build/nanos/obj/sdk/lib_stusb_impl/usbd_impl.o
                0xc0d0184c                USBD_WEBUSB_DataOut
 .text.USBD_DeviceDescriptor
                0xc0d0189c       0x10 build/nanos/obj/sdk/lib_stusb_impl/usbd_impl.o
 .text.USBD_LangIDStrDescriptor
                0xc0d018ac       0x10 build/nanos/obj/sdk/lib_stusb_impl/usbd_impl.o
 .text.USBD_ManufacturerStrDescriptor
                0xc0d018bc       0x10 build/nanos/obj/sdk/lib_stusb_impl/usbd_impl.o
 .text.USBD_ProductStrDescriptor
                0xc0d018cc       0x10 build/nanos/obj/sdk/lib_stusb_impl/usbd_impl.o
 .text.USBD_SerialStrDescriptor
                0xc0d018dc       0x10 build/nanos/obj/sdk/lib_stusb_impl/usbd_impl.o
 .text.USBD_ConfigStrDescriptor
                0xc0d018ec       0x10 build/nanos/obj/sdk/lib_stusb_impl/usbd_impl.o
 .text.USBD_InterfaceStrDescriptor
                0xc0d018fc       0x10 build/nanos/obj/sdk/lib_stusb_impl/usbd_impl.o
 .text.USBD_BOSDescriptor
                0xc0d0190c       0x10 build/nanos/obj/sdk/lib_stusb_impl/usbd_impl.o
 .text.USBD_CtlError
                0xc0d0191c       0x84 build/nanos/obj/sdk/lib_stusb_impl/usbd_impl.o
                0xc0d0191c                USBD_CtlError
 .text.USB_power
                0xc0d019a0       0x68 build/nanos/obj/sdk/lib_stusb_impl/usbd_impl.o
                0xc0d019a0                USB_power
 .text.USBD_GetCfgDesc_impl
                0xc0d01a08       0x10 build/nanos/obj/sdk/lib_stusb_impl/usbd_impl.o
 .text.USBD_GetDeviceQualifierDesc_impl
                0xc0d01a18       0x10 build/nanos/obj/sdk/lib_stusb_impl/usbd_impl.o
 .text.cx_ecfp_generate_pair_no_throw
                0xc0d01a28        0xc build/nanos/obj/sdk/src/cx_stubs.o
                0xc0d01a28                cx_ecfp_generate_pair_no_throw
 .text.cx_ecfp_init_private_key_no_throw
                0xc0d01a34        0xc build/nanos/obj/sdk/src/cx_stubs.o
                0xc0d01a34                cx_ecfp_init_private_key_no_throw
 .text.cx_eddsa_sign_no_throw
                0xc0d01a40        0xc build/nanos/obj/sdk/src/cx_stubs.o
                0xc0d01a40                cx_eddsa_sign_no_throw
 .text.cx_hash_no_throw
                0xc0d01a4c        0xc build/nanos/obj/sdk/src/cx_stubs.o
                0xc0d01a4c                cx_hash_no_throw
 .text.cx_rng_no_throw
                0xc0d01a58        0xc build/nanos/obj/sdk/src/cx_stubs.o
                0xc0d01a58                cx_rng_no_throw
 .text.cx_sha256_init_no_throw
                0xc0d01a64        0xc build/nanos/obj/sdk/src/cx_stubs.o
                0xc0d01a64                cx_sha256_init_no_throw
 .text.cx_x448  0xc0d01a70       0x14 build/nanos/obj/sdk/src/cx_stubs.o
                0xc0d01a70                cx_x448
 .text.os_boot  0xc0d01a84        0xa build/nanos/obj/sdk/src/os.o
                0xc0d01a84                os_boot
 .text.os_longjmp
                0xc0d01a8e        0xc build/nanos/obj/sdk/src/os.o
                0xc0d01a8e                os_longjmp
 *fill*         0xc0d01a9a        0x2 00
 .text.io_seproxyhal_general_status
                0xc0d01a9c       0x14 build/nanos/obj/sdk/src/os_io_seproxyhal.o
                0xc0d01a9c                io_seproxyhal_general_status
 .text.io_seproxyhal_handle_usb_event
                0xc0d01ab0       0x64 build/nanos/obj/sdk/src/os_io_seproxyhal.o
                0xc0d01ab0                io_seproxyhal_handle_usb_event
 .text.io_seproxyhal_handle_usb_ep_xfer_event
                0xc0d01b14       0x64 build/nanos/obj/sdk/src/os_io_seproxyhal.o
                0xc0d01b14                io_seproxyhal_handle_usb_ep_xfer_event
 .text.io_usb_send_apdu_data_ep0x83
                0xc0d01b78       0x10 build/nanos/obj/sdk/src/os_io_seproxyhal.o
                0xc0d01b78                io_usb_send_apdu_data_ep0x83
 .text.io_seproxyhal_handle_capdu_event
                0xc0d01b88       0x3c build/nanos/obj/sdk/src/os_io_seproxyhal.o
                0xc0d01b88                io_seproxyhal_handle_capdu_event
 .text.io_seproxyhal_handle_event
                0xc0d01bc4       0x80 build/nanos/obj/sdk/src/os_io_seproxyhal.o
                0xc0d01bc4                io_seproxyhal_handle_event
 .text.io_seproxyhal_init
                0xc0d01c44       0x20 build/nanos/obj/sdk/src/os_io_seproxyhal.o
                0xc0d01c44                io_seproxyhal_init
 .text.io_seproxyhal_init_ux
                0xc0d01c64        0x2 build/nanos/obj/sdk/src/os_io_seproxyhal.o
                0xc0d01c64                io_seproxyhal_init_ux
 *fill*         0xc0d01c66        0x2 00
 .text.io_seproxyhal_init_button
                0xc0d01c68       0x10 build/nanos/obj/sdk/src/os_io_seproxyhal.o
                0xc0d01c68                io_seproxyhal_init_button
 .text.io_seproxyhal_display_icon
                0xc0d01c78       0x9c build/nanos/obj/sdk/src/os_io_seproxyhal.o
                0xc0d01c78                io_seproxyhal_display_icon
 .text.io_seproxyhal_display_default
                0xc0d01d14       0x98 build/nanos/obj/sdk/src/os_io_seproxyhal.o
                0xc0d01d14                io_seproxyhal_display_default
 .text.io_seproxyhal_button_push
                0xc0d01dac       0x60 build/nanos/obj/sdk/src/os_io_seproxyhal.o
                0xc0d01dac                io_seproxyhal_button_push
 .text.os_io_seproxyhal_get_app_name_and_version
                0xc0d01e0c       0x44 build/nanos/obj/sdk/src/os_io_seproxyhal.o
                0xc0d01e0c                os_io_seproxyhal_get_app_name_and_version
 .text.io_exchange
                0xc0d01e50      0x204 build/nanos/obj/sdk/src/os_io_seproxyhal.o
                0xc0d01e50                io_exchange
 .text.os_io_seph_recv_and_process
                0xc0d02054       0x40 build/nanos/obj/sdk/src/os_io_seproxyhal.o
                0xc0d02054                os_io_seph_recv_and_process
 .text.io_seproxyhal_get_ep_rx_size
                0xc0d02094       0x18 build/nanos/obj/sdk/src/os_io_usb.o
                0xc0d02094                io_seproxyhal_get_ep_rx_size
 .text.io_usb_send_ep
                0xc0d020ac       0x48 build/nanos/obj/sdk/src/os_io_usb.o
                0xc0d020ac                io_usb_send_ep
 .text.io_usb_send_apdu_data
                0xc0d020f4        0xe build/nanos/obj/sdk/src/os_io_usb.o
                0xc0d020f4                io_usb_send_apdu_data
 *fill*         0xc0d02102        0x2 00
 .text.io_usb_hid_receive
                0xc0d02104      0x148 build/nanos/obj/sdk/src/os_io_usb.o
                0xc0d02104                io_usb_hid_receive
 .text.io_usb_hid_init
                0xc0d0224c       0x1c build/nanos/obj/sdk/src/os_io_usb.o
                0xc0d0224c                io_usb_hid_init
 .text.io_usb_hid_sent
                0xc0d02268       0xb8 build/nanos/obj/sdk/src/os_io_usb.o
                0xc0d02268                io_usb_hid_sent
 .text.io_usb_hid_send
                0xc0d02320       0x30 build/nanos/obj/sdk/src/os_io_usb.o
                0xc0d02320                io_usb_hid_send
 .text.pic_internal
                0xc0d02350       0x10 build/nanos/obj/sdk/src/pic.o
                0xc0d02350                pic_internal
 .text.pic      0xc0d02360       0x1c build/nanos/obj/sdk/src/pic.o
                0xc0d02360                pic
 .text          0xc0d0237c        0xe build/nanos/obj/sdk/src/svc_call.o
                0xc0d0237c                SVC_Call
 *fill*         0xc0d0238a        0x2 00
 .text.halt     0xc0d0238c       0x14 build/nanos/obj/sdk/src/syscalls.o
                0xc0d0238c                halt
 .text.os_perso_isonboarded
                0xc0d023a0       0x18 build/nanos/obj/sdk/src/syscalls.o
                0xc0d023a0                os_perso_isonboarded
 .text.os_perso_derive_node_with_seed_key
                0xc0d023b8       0x2c build/nanos/obj/sdk/src/syscalls.o
                0xc0d023b8                os_perso_derive_node_with_seed_key
 .text.os_global_pin_is_validated
                0xc0d023e4       0x18 build/nanos/obj/sdk/src/syscalls.o
                0xc0d023e4                os_global_pin_is_validated
 .text.os_ux    0xc0d023fc       0x18 build/nanos/obj/sdk/src/syscalls.o
                0xc0d023fc                os_ux
 .text.os_flags
                0xc0d02414       0x14 build/nanos/obj/sdk/src/syscalls.o
                0xc0d02414                os_flags
 .text.os_registry_get_current_app_tag
                0xc0d02428       0x18 build/nanos/obj/sdk/src/syscalls.o
                0xc0d02428                os_registry_get_current_app_tag
 .text.os_sched_exit
                0xc0d02440       0x18 build/nanos/obj/sdk/src/syscalls.o
                0xc0d02440                os_sched_exit
 .text.io_seph_send
                0xc0d02458       0x14 build/nanos/obj/sdk/src/syscalls.o
                0xc0d02458                io_seph_send
 .text.io_seph_is_status_sent
                0xc0d0246c       0x14 build/nanos/obj/sdk/src/syscalls.o
                0xc0d0246c                io_seph_is_status_sent
 .text.io_seph_recv
                0xc0d02480       0x18 build/nanos/obj/sdk/src/syscalls.o
                0xc0d02480                io_seph_recv
 .text.try_context_get
                0xc0d02498       0x14 build/nanos/obj/sdk/src/syscalls.o
                0xc0d02498                try_context_get
 .text.try_context_set
                0xc0d024ac       0x18 build/nanos/obj/sdk/src/syscalls.o
                0xc0d024ac                try_context_set
 .text.os_sched_last_status
                0xc0d024c4       0x1c build/nanos/obj/sdk/src/syscalls.o
                0xc0d024c4                os_sched_last_status
 .text          0xc0d024e0      0x114 /usr/lib/gcc/arm-none-eabi/12.2.1/thumb/v6-m/nofp/libgcc.a(_udivsi3.o)
                0xc0d024e0                __udivsi3
                0xc0d024e0                __aeabi_uidiv
                0xc0d025ec                __aeabi_uidivmod
 .text          0xc0d025f4      0x1d4 /usr/lib/gcc/arm-none-eabi/12.2.1/thumb/v6-m/nofp/libgcc.a(_divsi3.o)
                0xc0d025f4                __aeabi_idiv
                0xc0d025f4                __divsi3
                0xc0d027c0                __aeabi_idivmod
 .text          0xc0d027c8        0x4 /usr/lib/gcc/arm-none-eabi/12.2.1/thumb/v6-m/nofp/libgcc.a(_dvmd_tls.o)
                0xc0d027c8                __aeabi_ldiv0
                0xc0d027c8                __aeabi_idiv0
 .text          0xc0d027cc        0xc /usr/lib/gcc/arm-none-eabi/12.2.1/../../../arm-none-eabi/lib/thumb/v6-m/nofp/libc_nano.a(lib_a-aeabi_memclr.o)
                0xc0d027cc                __aeabi_memclr8
                0xc0d027cc                __aeabi_memclr
                0xc0d027cc                __aeabi_memclr4
 .text          0xc0d027d8        0x8 /usr/lib/gcc/arm-none-eabi/12.2.1/../../../arm-none-eabi/lib/thumb/v6-m/nofp/libc_nano.a(lib_a-aeabi_memcpy.o)
                0xc0d027d8                __aeabi_memcpy
                0xc0d027d8                __aeabi_memcpy4
                0xc0d027d8                __aeabi_memcpy8
 .text          0xc0d027e0        0x8 /usr/lib/gcc/arm-none-eabi/12.2.1/../../../arm-none-eabi/lib/thumb/v6-m/nofp/libc_nano.a(lib_a-aeabi_memmove.o)
                0xc0d027e0                __aeabi_memmove8
                0xc0d027e0                __aeabi_memmove
                0xc0d027e0                __aeabi_memmove4
 .text          0xc0d027e8       0x10 /usr/lib/gcc/arm-none-eabi/12.2.1/../../../arm-none-eabi/lib/thumb/v6-m/nofp/libc_nano.a(lib_a-aeabi_memset.o)
                0xc0d027e8                __aeabi_memset
                0xc0d027e8                __aeabi_memset8
                0xc0d027e8                __aeabi_memset4
 .text          0xc0d027f8        0x8 /usr/lib/gcc/arm-none-eabi/12.2.1/../../../arm-none-eabi/lib/thumb/v6-m/nofp/libc_nano.a(lib_a-explicit_bzero.o)
                0xc0d027f8                explicit_bzero
 .text          0xc0d02800       0x90 /usr/lib/gcc/arm-none-eabi/12.2.1/../../../arm-none-eabi/lib/thumb/v6-m/nofp/libc_nano.a(lib_a-memcpy-stub.o)
                0xc0d02800                memcpy
 .text          0xc0d02890       0xb0 /usr/lib/gcc/arm-none-eabi/12.2.1/../../../arm-none-eabi/lib/thumb/v6-m/nofp/libc_nano.a(lib_a-memmove.o)
                0xc0d02890                memmove
 .text          0xc0d02940       0xa8 /usr/lib/gcc/arm-none-eabi/12.2.1/../../../arm-none-eabi/lib/thumb/v6-m/nofp/libc_nano.a(lib_a-memset.o)
                0xc0d02940                memset
 .text          0xc0d029e8       0x34 /usr/lib/gcc/arm-none-eabi/12.2.1/../../../arm-none-eabi/lib/thumb/v6-m/nofp/libc_nano.a(lib_a-setjmp.o)
                0xc0d029e8                setjmp
                0xc0d02a00                longjmp
 .text          0xc0d02a1c       0x5c /usr/lib/gcc/arm-none-eabi/12.2.1/../../../arm-none-eabi/lib/thumb/v6-m/nofp/libc_nano.a(lib_a-strlen-stub.o)
                0xc0d02a1c                strlen
 .text          0xc0d02a78        0xc /usr/lib/gcc/arm-none-eabi/12.2.1/../../../arm-none-eabi/lib/thumb/v6-m/nofp/libc_nano.a(lib_a-bzero.o)
                0xc0d02a78                bzero
                0xc0d02a84                        _ecode = .
 *(.rodata)
 *(.rodata.[^N]*)
 .rodata.str1.1
                0xc0d02a84       0x3b build/nanos/obj/app/src/main.o
 *fill*         0xc0d02abf        0x1 00
 .rodata..L__const.handle_sign_msg.defpath
                0xc0d02ac0       0x14 build/nanos/obj/app/src/main.o
 .rodata.USBD_HID_Desc
                0xc0d02ad4        0x9 build/nanos/obj/sdk/lib_stusb_impl/usbd_impl.o
                0xc0d02ad4                USBD_HID_Desc
 .rodata.HID_ReportDesc
                0xc0d02add       0x22 build/nanos/obj/sdk/lib_stusb_impl/usbd_impl.o
 .rodata.C_usb_bos
                0xc0d02aff       0x39 build/nanos/obj/sdk/lib_stusb_impl/usbd_impl.o
                0xc0d02aff                C_usb_bos
 .rodata.HID_Desc
                0xc0d02b38       0x20 build/nanos/obj/sdk/lib_stusb_impl/usbd_impl.o
                0xc0d02b38                HID_Desc
 .rodata.C_winusb_string_descriptor
                0xc0d02b58       0x12 build/nanos/obj/sdk/lib_stusb_impl/usbd_impl.o
 .rodata.C_winusb_guid
                0xc0d02b6a       0x92 build/nanos/obj/sdk/lib_stusb_impl/usbd_impl.o
 .rodata.C_winusb_request_descriptor
                0xc0d02bfc       0xb2 build/nanos/obj/sdk/lib_stusb_impl/usbd_impl.o
 *fill*         0xc0d02cae        0x2 00
 .rodata.USBD_HID
                0xc0d02cb0       0x38 build/nanos/obj/sdk/lib_stusb_impl/usbd_impl.o
 .rodata.USBD_WEBUSB
                0xc0d02ce8       0x38 build/nanos/obj/sdk/lib_stusb_impl/usbd_impl.o
 .rodata.USBD_DeviceDesc
                0xc0d02d20       0x12 build/nanos/obj/sdk/lib_stusb_impl/usbd_impl.o
 .rodata.USBD_LangIDDesc
                0xc0d02d32        0x4 build/nanos/obj/sdk/lib_stusb_impl/usbd_impl.o
 .rodata.USBD_MANUFACTURER_STRING
                0xc0d02d36        0xe build/nanos/obj/sdk/lib_stusb_impl/usbd_impl.o
 .rodata.USBD_PRODUCT_FS_STRING
                0xc0d02d44        0xe build/nanos/obj/sdk/lib_stusb_impl/usbd_impl.o
 .rodata.USB_SERIAL_STRING
                0xc0d02d52        0xa build/nanos/obj/sdk/lib_stusb_impl/usbd_impl.o
 .rodata.C_winusb_wcid
                0xc0d02d5c       0x28 build/nanos/obj/sdk/lib_stusb_impl/usbd_impl.o
 .rodata.USBD_CfgDesc
                0xc0d02d84       0x40 build/nanos/obj/sdk/lib_stusb_impl/usbd_impl.o
 .rodata.USBD_DeviceQualifierDesc
                0xc0d02dc4        0xa build/nanos/obj/sdk/lib_stusb_impl/usbd_impl.o
 .rodata.seph_io_general_status
                0xc0d02dce        0x5 build/nanos/obj/sdk/src/os_io_seproxyhal.o
 *(.rodata.N[^_]*)
                0xc0d02dd4                        . = ALIGN (0x4)
 *fill*         0xc0d02dd3        0x1 00
                0xc0d02dd4                        _etext = .
                0xc0d02e00                        . = ALIGN (PAGE_SIZE)
 *fill*         0xc0d02dd4       0x2c 00
                0xc0d02e00                        _nvram_data = .
 *(.bss.N_* .rodata.N_*)
                0xc0d02e00                        . = ALIGN (PAGE_SIZE)
                0xc0d02e00                        _envram_data = .
                0xc0d02e00                        _install_parameters = .
 *(.install_parameters)
 .install_parameters
                0xc0d02e00       0x11 build/nanos/obj/sdk/src/app_metadata.o
                0xc0d02e00                install_parameters
 *(.install_parameters)
                0xc0d02e11                        _einstall_parameters = .
                0xc0d02e11                        _nvram_end = .

.glue_7         0xc0d02e14        0x0
 .glue_7        0xc0d02e14        0x0 linker stubs

.glue_7t        0xc0d02e14        0x0
 .glue_7t       0xc0d02e14        0x0 linker stubs

.vfp11_veneer   0xc0d02e14        0x0
 .vfp11_veneer  0xc0d02e14        0x0 linker stubs

.v4_bx          0xc0d02e14        0x0
 .v4_bx         0xc0d02e14        0x0 linker stubs

.iplt           0xc0d02e14        0x0
 .iplt          0xc0d02e14        0x0 build/nanos/obj/app/src/main.o

.data           0xd0000000        0x0
                0xd0000000                        . = ALIGN (0x4)
                0xd0000000                        _data = .
 *(vtable)
 *(.data*)
                0xd0000000                        _edata = .
                0x00000001                        ASSERT (((_edata - _data) <= 0x0), .data section must be empty)

.igot.plt       0xd0000000        0x0
 .igot.plt      0xd0000000        0x0 build/nanos/obj/app/src/main.o

.cx_ram         0x20001400      0x400
                0x20001400                        _cxram = .
                0x00000000                        . = (_cxram + ORIGIN (CXSRAM))
 *(.bss.G_cx)
                0x20001800                        . = (_cxram + LENGTH (CXSRAM))
 *fill*         0x20001400      0x400 00

.bss            0x20000200      0x464
                0x20000200                        _bss = .
 *(.bss*)
 .bss.G_app_state
                0x20000200       0x7c build/nanos/obj/app/src/main.o
 .bss.G_io_seproxyhal_spi_buffer
                0x2000027c       0x80 build/nanos/obj/sdk/lib_standard_app/io.o
                0x2000027c                G_io_seproxyhal_spi_buffer
 .bss.G_ux      0x200002fc      0x108 build/nanos/obj/sdk/lib_standard_app/main.o
                0x200002fc                G_ux
 .bss.G_ux_params
                0x20000404        0x8 build/nanos/obj/sdk/lib_standard_app/main.o
                0x20000404                G_ux_params
 .bss.USBD_Device
                0x2000040c       0xd4 build/nanos/obj/sdk/lib_stusb/STM32_USB_Device_Library/Core/Src/usbd_core.o
                0x2000040c                USBD_Device
 .bss.ep_in_stall
                0x200004e0        0x4 build/nanos/obj/sdk/lib_stusb/usbd_conf.o
                0x200004e0                ep_in_stall
 .bss.ep_out_stall
                0x200004e4        0x4 build/nanos/obj/sdk/lib_stusb/usbd_conf.o
                0x200004e4                ep_out_stall
 .bss.G_io_apdu_buffer
                0x200004e8      0x104 build/nanos/obj/sdk/src/os.o
                0x200004e8                G_io_apdu_buffer
 .bss.G_io_app  0x200005ec       0x18 build/nanos/obj/sdk/src/os_io_seproxyhal.o
                0x200005ec                G_io_app
 .bss.G_ux_os   0x20000604        0x8 build/nanos/obj/sdk/src/os_io_seproxyhal.o
                0x20000604                G_ux_os
 .bss.G_io_usb_ep_buffer
                0x2000060c       0x40 build/nanos/obj/sdk/src/os_io_usb.o
                0x2000060c                G_io_usb_ep_buffer
 .bss.G_io_usb_hid_sequence_number
                0x2000064c        0x4 build/nanos/obj/sdk/src/os_io_usb.o
                0x2000064c                G_io_usb_hid_sequence_number
 .bss.G_io_usb_hid_total_length
                0x20000650        0x4 build/nanos/obj/sdk/src/os_io_usb.o
                0x20000650                G_io_usb_hid_total_length
 .bss.G_io_usb_hid_remaining_length
                0x20000654        0x4 build/nanos/obj/sdk/src/os_io_usb.o
                0x20000654                G_io_usb_hid_remaining_length
 .bss.G_io_usb_hid_current_buffer
                0x20000658        0x4 build/nanos/obj/sdk/src/os_io_usb.o
                0x20000658                G_io_usb_hid_current_buffer
 .bss.G_io_usb_hid_channel
                0x2000065c        0x4 build/nanos/obj/sdk/src/os_io_usb.o
                0x2000065c                G_io_usb_hid_channel
                0x20000660                        _ebss = .
                0x20000660                        . = ALIGN (0x4)
                0x20000660                        app_stack_canary = .
                [!provide]                        PROVIDE (app_stack_canary = .)
                0x20000664                        . = (. + 0x4)
 *fill*         0x20000660        0x4 00
                0x20000664                        _stack = .
                [!provide]                        PROVIDE (_stack = .)
                0x20001400                        _estack = ABSOLUTE (END_STACK)
                [!provide]                        PROVIDE (_estack = ABSOLUTE (END_STACK))
                0x00000001                        ASSERT (((_estack - _stack) >= STACK_MIN_SIZE), stack section too small)

DEBUG           0xd0000000        0x8
 libc.a(*)
 libm.a(*)
 libgcc.a(*)
 *(.ARM.exidx* .gnu.linkonce.armexidx.*)
 .ARM.exidx.text.app_exit
                0xd0000000        0x0 build/nanos/obj/app/src/main.o
                                  0x8 (size before relaxing)
 .ARM.exidx.boot
                0xd0000000        0x8 build/nanos/obj/app/src/main.o
 .ARM.exidx.text.app_main_impl
                0xd0000008        0x0 build/nanos/obj/app/src/main.o
                                  0x8 (size before relaxing)
 .ARM.exidx.text.read_u32_be
                0xd0000008        0x0 build/nanos/obj/app/src/main.o
                                  0x8 (size before relaxing)
 .ARM.exidx.text.derive_keypair
                0xd0000008        0x0 build/nanos/obj/app/src/main.o
                                  0x8 (size before relaxing)
 .ARM.exidx.text.get_address
                0xd0000008        0x0 build/nanos/obj/app/src/main.o
                                  0x8 (size before relaxing)
 .ARM.exidx.text.os_derive_bip32_with_seed_no_throw
                0xd0000008        0x0 build/nanos/obj/app/src/main.o
                                  0x8 (size before relaxing)
 .ARM.exidx.text.sha256_hash
                0xd0000008        0x0 build/nanos/obj/app/src/main.o
                                  0x8 (size before relaxing)
 .ARM.exidx.text.io_seproxyhal_display
                0xd0000008        0x0 build/nanos/obj/sdk/lib_standard_app/io.o
                                  0x8 (size before relaxing)
 .ARM.exidx.text.app_ticker_event_callback
                0xd0000008        0x0 build/nanos/obj/sdk/lib_standard_app/io.o
                                  0x8 (size before relaxing)
 .ARM.exidx.text.io_event
                0xd0000008        0x0 build/nanos/obj/sdk/lib_standard_app/io.o
                                  0x8 (size before relaxing)
 .ARM.exidx.text.io_exchange_al
                0xd0000008        0x0 build/nanos/obj/sdk/lib_standard_app/io.o
                                  0x8 (size before relaxing)
 .ARM.exidx.text.common_app_init
                0xd0000008        0x0 build/nanos/obj/sdk/lib_standard_app/main.o
                                  0x8 (size before relaxing)
 .ARM.exidx.text.standalone_app_main
                0xd0000008        0x0 build/nanos/obj/sdk/lib_standard_app/main.o
                                  0x8 (size before relaxing)
 .ARM.exidx.boot
                0xd0000008        0x0 build/nanos/obj/sdk/lib_standard_app/main.o
                                  0x8 (size before relaxing)
 .ARM.exidx.text.USBD_HID_Setup
                0xd0000008        0x0 build/nanos/obj/sdk/lib_stusb/STM32_USB_Device_Library/Class/HID/Src/usbd_hid.o
                                  0x8 (size before relaxing)
 .ARM.exidx.text.USBD_HID_Init
                0xd0000008        0x0 build/nanos/obj/sdk/lib_stusb/STM32_USB_Device_Library/Class/HID/Src/usbd_hid.o
                                  0x8 (size before relaxing)
 .ARM.exidx.text.USBD_HID_DeInit
                0xd0000008        0x0 build/nanos/obj/sdk/lib_stusb/STM32_USB_Device_Library/Class/HID/Src/usbd_hid.o
                                  0x8 (size before relaxing)
 .ARM.exidx.text.USBD_Init
                0xd0000008        0x0 build/nanos/obj/sdk/lib_stusb/STM32_USB_Device_Library/Core/Src/usbd_core.o
                                  0x8 (size before relaxing)
 .ARM.exidx.text.USBD_DeInit
                0xd0000008        0x0 build/nanos/obj/sdk/lib_stusb/STM32_USB_Device_Library/Core/Src/usbd_core.o
                                  0x8 (size before relaxing)
 .ARM.exidx.text.USBD_RegisterClassForInterface
                0xd0000008        0x0 build/nanos/obj/sdk/lib_stusb/STM32_USB_Device_Library/Core/Src/usbd_core.o
                                  0x8 (size before relaxing)
 .ARM.exidx.text.USBD_Start
                0xd0000008        0x0 build/nanos/obj/sdk/lib_stusb/STM32_USB_Device_Library/Core/Src/usbd_core.o
                                  0x8 (size before relaxing)
 .ARM.exidx.text.USBD_SetClassConfig
                0xd0000008        0x0 build/nanos/obj/sdk/lib_stusb/STM32_USB_Device_Library/Core/Src/usbd_core.o
                                  0x8 (size before relaxing)
 .ARM.exidx.text.USBD_ClrClassConfig
                0xd0000008        0x0 build/nanos/obj/sdk/lib_stusb/STM32_USB_Device_Library/Core/Src/usbd_core.o
                                  0x8 (size before relaxing)
 .ARM.exidx.text.USBD_LL_SetupStage
                0xd0000008        0x0 build/nanos/obj/sdk/lib_stusb/STM32_USB_Device_Library/Core/Src/usbd_core.o
                                  0x8 (size before relaxing)
 .ARM.exidx.text.USBD_LL_DataOutStage
                0xd0000008        0x0 build/nanos/obj/sdk/lib_stusb/STM32_USB_Device_Library/Core/Src/usbd_core.o
                                  0x8 (size before relaxing)
 .ARM.exidx.text.USBD_LL_DataInStage
                0xd0000008        0x0 build/nanos/obj/sdk/lib_stusb/STM32_USB_Device_Library/Core/Src/usbd_core.o
                                  0x8 (size before relaxing)
 .ARM.exidx.text.USBD_LL_Reset
                0xd0000008        0x0 build/nanos/obj/sdk/lib_stusb/STM32_USB_Device_Library/Core/Src/usbd_core.o
                                  0x8 (size before relaxing)
 .ARM.exidx.text.USBD_LL_SetSpeed
                0xd0000008        0x0 build/nanos/obj/sdk/lib_stusb/STM32_USB_Device_Library/Core/Src/usbd_core.o
                                  0x8 (size before relaxing)
 .ARM.exidx.text.USBD_LL_Suspend
                0xd0000008        0x0 build/nanos/obj/sdk/lib_stusb/STM32_USB_Device_Library/Core/Src/usbd_core.o
                                  0x8 (size before relaxing)
 .ARM.exidx.text.USBD_LL_Resume
                0xd0000008        0x0 build/nanos/obj/sdk/lib_stusb/STM32_USB_Device_Library/Core/Src/usbd_core.o
                                  0x8 (size before relaxing)
 .ARM.exidx.text.USBD_LL_SOF
                0xd0000008        0x0 build/nanos/obj/sdk/lib_stusb/STM32_USB_Device_Library/Core/Src/usbd_core.o
                                  0x8 (size before relaxing)
 .ARM.exidx.text.usbd_is_valid_intf
                0xd0000008        0x0 build/nanos/obj/sdk/lib_stusb/STM32_USB_Device_Library/Core/Src/usbd_ctlreq.o
                                  0x8 (size before relaxing)
 .ARM.exidx.text.USBD_StdDevReq
                0xd0000008        0x0 build/nanos/obj/sdk/lib_stusb/STM32_USB_Device_Library/Core/Src/usbd_ctlreq.o
                                  0x8 (size before relaxing)
 .ARM.exidx.text.USBD_GetDescriptor
                0xd0000008        0x0 build/nanos/obj/sdk/lib_stusb/STM32_USB_Device_Library/Core/Src/usbd_ctlreq.o
                                  0x8 (size before relaxing)
 .ARM.exidx.text.USBD_SetAddress
                0xd0000008        0x0 build/nanos/obj/sdk/lib_stusb/STM32_USB_Device_Library/Core/Src/usbd_ctlreq.o
                                  0x8 (size before relaxing)
 .ARM.exidx.text.USBD_SetConfig
                0xd0000008        0x0 build/nanos/obj/sdk/lib_stusb/STM32_USB_Device_Library/Core/Src/usbd_ctlreq.o
                                  0x8 (size before relaxing)
 .ARM.exidx.text.USBD_GetConfig
                0xd0000008        0x0 build/nanos/obj/sdk/lib_stusb/STM32_USB_Device_Library/Core/Src/usbd_ctlreq.o
                                  0x8 (size before relaxing)
 .ARM.exidx.text.USBD_GetStatus
                0xd0000008        0x0 build/nanos/obj/sdk/lib_stusb/STM32_USB_Device_Library/Core/Src/usbd_ctlreq.o
                                  0x8 (size before relaxing)
 .ARM.exidx.text.USBD_SetFeature
                0xd0000008        0x0 build/nanos/obj/sdk/lib_stusb/STM32_USB_Device_Library/Core/Src/usbd_ctlreq.o
                                  0x8 (size before relaxing)
 .ARM.exidx.text.USBD_ClrFeature
                0xd0000008        0x0 build/nanos/obj/sdk/lib_stusb/STM32_USB_Device_Library/Core/Src/usbd_ctlreq.o
                                  0x8 (size before relaxing)
 .ARM.exidx.text.USBD_StdItfReq
                0xd0000008        0x0 build/nanos/obj/sdk/lib_stusb/STM32_USB_Device_Library/Core/Src/usbd_ctlreq.o
                                  0x8 (size before relaxing)
 .ARM.exidx.text.USBD_StdEPReq
                0xd0000008        0x0 build/nanos/obj/sdk/lib_stusb/STM32_USB_Device_Library/Core/Src/usbd_ctlreq.o
                                  0x8 (size before relaxing)
 .ARM.exidx.text.USBD_ParseSetupRequest
                0xd0000008        0x0 build/nanos/obj/sdk/lib_stusb/STM32_USB_Device_Library/Core/Src/usbd_ctlreq.o
                                  0x8 (size before relaxing)
 .ARM.exidx.text.USBD_CtlStall
                0xd0000008        0x0 build/nanos/obj/sdk/lib_stusb/STM32_USB_Device_Library/Core/Src/usbd_ctlreq.o
                                  0x8 (size before relaxing)
 .ARM.exidx.text.USBD_CtlSendData
                0xd0000008        0x0 build/nanos/obj/sdk/lib_stusb/STM32_USB_Device_Library/Core/Src/usbd_ioreq.o
                                  0x8 (size before relaxing)
 .ARM.exidx.text.USBD_CtlContinueSendData
                0xd0000008        0x0 build/nanos/obj/sdk/lib_stusb/STM32_USB_Device_Library/Core/Src/usbd_ioreq.o
                                  0x8 (size before relaxing)
 .ARM.exidx.text.USBD_CtlContinueRx
                0xd0000008        0x0 build/nanos/obj/sdk/lib_stusb/STM32_USB_Device_Library/Core/Src/usbd_ioreq.o
                                  0x8 (size before relaxing)
 .ARM.exidx.text.USBD_CtlSendStatus
                0xd0000008        0x0 build/nanos/obj/sdk/lib_stusb/STM32_USB_Device_Library/Core/Src/usbd_ioreq.o
                                  0x8 (size before relaxing)
 .ARM.exidx.text.USBD_CtlReceiveStatus
                0xd0000008        0x0 build/nanos/obj/sdk/lib_stusb/STM32_USB_Device_Library/Core/Src/usbd_ioreq.o
                                  0x8 (size before relaxing)
 .ARM.exidx.text.USBD_LL_Init
                0xd0000008        0x0 build/nanos/obj/sdk/lib_stusb/usbd_conf.o
                                  0x8 (size before relaxing)
 .ARM.exidx.text.USBD_LL_DeInit
                0xd0000008        0x0 build/nanos/obj/sdk/lib_stusb/usbd_conf.o
                                  0x8 (size before relaxing)
 .ARM.exidx.text.USBD_LL_Start
                0xd0000008        0x0 build/nanos/obj/sdk/lib_stusb/usbd_conf.o
                                  0x8 (size before relaxing)
 .ARM.exidx.text.USBD_LL_Stop
                0xd0000008        0x0 build/nanos/obj/sdk/lib_stusb/usbd_conf.o
                                  0x8 (size before relaxing)
 .ARM.exidx.text.USBD_LL_OpenEP
                0xd0000008        0x0 build/nanos/obj/sdk/lib_stusb/usbd_conf.o
                                  0x8 (size before relaxing)
 .ARM.exidx.text.USBD_LL_StallEP
                0xd0000008        0x0 build/nanos/obj/sdk/lib_stusb/usbd_conf.o
                                  0x8 (size before relaxing)
 .ARM.exidx.text.USBD_LL_ClearStallEP
                0xd0000008        0x0 build/nanos/obj/sdk/lib_stusb/usbd_conf.o
                                  0x8 (size before relaxing)
 .ARM.exidx.text.USBD_LL_IsStallEP
                0xd0000008        0x0 build/nanos/obj/sdk/lib_stusb/usbd_conf.o
                                  0x8 (size before relaxing)
 .ARM.exidx.text.USBD_LL_SetUSBAddress
                0xd0000008        0x0 build/nanos/obj/sdk/lib_stusb/usbd_conf.o
                                  0x8 (size before relaxing)
 .ARM.exidx.text.USBD_LL_Transmit
                0xd0000008        0x0 build/nanos/obj/sdk/lib_stusb/usbd_conf.o
                                  0x8 (size before relaxing)
 .ARM.exidx.text.USBD_LL_PrepareReceive
                0xd0000008        0x0 build/nanos/obj/sdk/lib_stusb/usbd_conf.o
                                  0x8 (size before relaxing)
 .ARM.exidx.text.USBD_HID_GetHidDescriptor_impl
                0xd0000008        0x0 build/nanos/obj/sdk/lib_stusb_impl/usbd_impl.o
                                  0x8 (size before relaxing)
 .ARM.exidx.text.USBD_HID_GetReportDescriptor_impl
                0xd0000008        0x0 build/nanos/obj/sdk/lib_stusb_impl/usbd_impl.o
                                  0x8 (size before relaxing)
 .ARM.exidx.text.USBD_HID_DataIn_impl
                0xd0000008        0x0 build/nanos/obj/sdk/lib_stusb_impl/usbd_impl.o
                                  0x8 (size before relaxing)
 .ARM.exidx.text.USBD_HID_DataOut_impl
                0xd0000008        0x0 build/nanos/obj/sdk/lib_stusb_impl/usbd_impl.o
                                  0x8 (size before relaxing)
 .ARM.exidx.text.USBD_WEBUSB_Init
                0xd0000008        0x0 build/nanos/obj/sdk/lib_stusb_impl/usbd_impl.o
                                  0x8 (size before relaxing)
 .ARM.exidx.text.USBD_WEBUSB_DeInit
                0xd0000008        0x0 build/nanos/obj/sdk/lib_stusb_impl/usbd_impl.o
                                  0x8 (size before relaxing)
 .ARM.exidx.text.USBD_WEBUSB_Setup
                0xd0000008        0x0 build/nanos/obj/sdk/lib_stusb_impl/usbd_impl.o
                                  0x8 (size before relaxing)
 .ARM.exidx.text.USBD_WEBUSB_DataIn
                0xd0000008        0x0 build/nanos/obj/sdk/lib_stusb_impl/usbd_impl.o
                                  0x8 (size before relaxing)
 .ARM.exidx.text.USBD_WEBUSB_DataOut
                0xd0000008        0x0 build/nanos/obj/sdk/lib_stusb_impl/usbd_impl.o
                                  0x8 (size before relaxing)
 .ARM.exidx.text.USBD_DeviceDescriptor
                0xd0000008        0x0 build/nanos/obj/sdk/lib_stusb_impl/usbd_impl.o
                                  0x8 (size before relaxing)
 .ARM.exidx.text.USBD_LangIDStrDescriptor
                0xd0000008        0x0 build/nanos/obj/sdk/lib_stusb_impl/usbd_impl.o
                                  0x8 (size before relaxing)
 .ARM.exidx.text.USBD_ManufacturerStrDescriptor
                0xd0000008        0x0 build/nanos/obj/sdk/lib_stusb_impl/usbd_impl.o
                                  0x8 (size before relaxing)
 .ARM.exidx.text.USBD_ProductStrDescriptor
                0xd0000008        0x0 build/nanos/obj/sdk/lib_stusb_impl/usbd_impl.o
                                  0x8 (size before relaxing)
 .ARM.exidx.text.USBD_SerialStrDescriptor
                0xd0000008        0x0 build/nanos/obj/sdk/lib_stusb_impl/usbd_impl.o
                                  0x8 (size before relaxing)
 .ARM.exidx.text.USBD_ConfigStrDescriptor
                0xd0000008        0x0 build/nanos/obj/sdk/lib_stusb_impl/usbd_impl.o
                                  0x8 (size before relaxing)
 .ARM.exidx.text.USBD_InterfaceStrDescriptor
                0xd0000008        0x0 build/nanos/obj/sdk/lib_stusb_impl/usbd_impl.o
                                  0x8 (size before relaxing)
 .ARM.exidx.text.USBD_BOSDescriptor
                0xd0000008        0x0 build/nanos/obj/sdk/lib_stusb_impl/usbd_impl.o
                                  0x8 (size before relaxing)
 .ARM.exidx.text.USBD_CtlError
                0xd0000008        0x0 build/nanos/obj/sdk/lib_stusb_impl/usbd_impl.o
                                  0x8 (size before relaxing)
 .ARM.exidx.text.USB_power
                0xd0000008        0x0 build/nanos/obj/sdk/lib_stusb_impl/usbd_impl.o
                                  0x8 (size before relaxing)
 .ARM.exidx.text.USBD_GetCfgDesc_impl
                0xd0000008        0x0 build/nanos/obj/sdk/lib_stusb_impl/usbd_impl.o
                                  0x8 (size before relaxing)
 .ARM.exidx.text.USBD_GetDeviceQualifierDesc_impl
                0xd0000008        0x0 build/nanos/obj/sdk/lib_stusb_impl/usbd_impl.o
                                  0x8 (size before relaxing)
 .ARM.exidx.text.os_boot
                0xd0000008        0x0 build/nanos/obj/sdk/src/os.o
                                  0x8 (size before relaxing)
 .ARM.exidx.text.os_longjmp
                0xd0000008        0x0 build/nanos/obj/sdk/src/os.o
                                  0x8 (size before relaxing)
 .ARM.exidx.text.io_seproxyhal_general_status
                0xd0000008        0x0 build/nanos/obj/sdk/src/os_io_seproxyhal.o
                                  0x8 (size before relaxing)
 .ARM.exidx.text.io_seproxyhal_handle_usb_event
                0xd0000008        0x0 build/nanos/obj/sdk/src/os_io_seproxyhal.o
                                  0x8 (size before relaxing)
 .ARM.exidx.text.io_seproxyhal_handle_usb_ep_xfer_event
                0xd0000008        0x0 build/nanos/obj/sdk/src/os_io_seproxyhal.o
                                  0x8 (size before relaxing)
 .ARM.exidx.text.io_usb_send_apdu_data_ep0x83
                0xd0000008        0x0 build/nanos/obj/sdk/src/os_io_seproxyhal.o
                                  0x8 (size before relaxing)
 .ARM.exidx.text.io_seproxyhal_handle_capdu_event
                0xd0000008        0x0 build/nanos/obj/sdk/src/os_io_seproxyhal.o
                                  0x8 (size before relaxing)
 .ARM.exidx.text.io_seproxyhal_handle_event
                0xd0000008        0x0 build/nanos/obj/sdk/src/os_io_seproxyhal.o
                                  0x8 (size before relaxing)
 .ARM.exidx.text.io_seproxyhal_init
                0xd0000008        0x0 build/nanos/obj/sdk/src/os_io_seproxyhal.o
                                  0x8 (size before relaxing)
 .ARM.exidx.text.io_seproxyhal_init_ux
                0xd0000008        0x0 build/nanos/obj/sdk/src/os_io_seproxyhal.o
                                  0x8 (size before relaxing)
 .ARM.exidx.text.io_seproxyhal_init_button
                0xd0000008        0x0 build/nanos/obj/sdk/src/os_io_seproxyhal.o
                                  0x8 (size before relaxing)
 .ARM.exidx.text.io_seproxyhal_display_icon
                0xd0000008        0x0 build/nanos/obj/sdk/src/os_io_seproxyhal.o
                                  0x8 (size before relaxing)
 .ARM.exidx.text.io_seproxyhal_display_default
                0xd0000008        0x0 build/nanos/obj/sdk/src/os_io_seproxyhal.o
                                  0x8 (size before relaxing)
 .ARM.exidx.text.io_seproxyhal_button_push
                0xd0000008        0x0 build/nanos/obj/sdk/src/os_io_seproxyhal.o
                                  0x8 (size before relaxing)
 .ARM.exidx.text.os_io_seproxyhal_get_app_name_and_version
                0xd0000008        0x0 build/nanos/obj/sdk/src/os_io_seproxyhal.o
                                  0x8 (size before relaxing)
 .ARM.exidx.text.io_exchange
                0xd0000008        0x0 build/nanos/obj/sdk/src/os_io_seproxyhal.o
                                  0x8 (size before relaxing)
 .ARM.exidx.text.os_io_seph_recv_and_process
                0xd0000008        0x0 build/nanos/obj/sdk/src/os_io_seproxyhal.o
                                  0x8 (size before relaxing)
 .ARM.exidx.text.io_seproxyhal_get_ep_rx_size
                0xd0000008        0x0 build/nanos/obj/sdk/src/os_io_usb.o
                                  0x8 (size before relaxing)
 .ARM.exidx.text.io_usb_send_ep
                0xd0000008        0x0 build/nanos/obj/sdk/src/os_io_usb.o
                                  0x8 (size before relaxing)
 .ARM.exidx.text.io_usb_send_apdu_data
                0xd0000008        0x0 build/nanos/obj/sdk/src/os_io_usb.o
                                  0x8 (size before relaxing)
 .ARM.exidx.text.io_usb_hid_receive
                0xd0000008        0x0 build/nanos/obj/sdk/src/os_io_usb.o
                                  0x8 (size before relaxing)
 .ARM.exidx.text.io_usb_hid_init
                0xd0000008        0x0 build/nanos/obj/sdk/src/os_io_usb.o
                                  0x8 (size before relaxing)
 .ARM.exidx.text.io_usb_hid_sent
                0xd0000008        0x0 build/nanos/obj/sdk/src/os_io_usb.o
                                  0x8 (size before relaxing)
 .ARM.exidx.text.io_usb_hid_send
                0xd0000008        0x0 build/nanos/obj/sdk/src/os_io_usb.o
                                  0x8 (size before relaxing)
 .ARM.exidx.text.pic_internal
                0xd0000008        0x0 build/nanos/obj/sdk/src/pic.o
                                  0x8 (size before relaxing)
 .ARM.exidx.text.pic
                0xd0000008        0x0 build/nanos/obj/sdk/src/pic.o
                                  0x8 (size before relaxing)
 .ARM.exidx.text.halt
                0xd0000008        0x0 build/nanos/obj/sdk/src/syscalls.o
                                  0x8 (size before relaxing)
 .ARM.exidx.text.os_perso_isonboarded
                0xd0000008        0x0 build/nanos/obj/sdk/src/syscalls.o
                                  0x8 (size before relaxing)
 .ARM.exidx.text.os_perso_derive_node_with_seed_key
                0xd0000008        0x0 build/nanos/obj/sdk/src/syscalls.o
                                  0x8 (size before relaxing)
 .ARM.exidx.text.os_global_pin_is_validated
                0xd0000008        0x0 build/nanos/obj/sdk/src/syscalls.o
                                  0x8 (size before relaxing)
 .ARM.exidx.text.os_ux
                0xd0000008        0x0 build/nanos/obj/sdk/src/syscalls.o
                                  0x8 (size before relaxing)
 .ARM.exidx.text.os_flags
                0xd0000008        0x0 build/nanos/obj/sdk/src/syscalls.o
                                  0x8 (size before relaxing)
 .ARM.exidx.text.os_registry_get_current_app_tag
                0xd0000008        0x0 build/nanos/obj/sdk/src/syscalls.o
                                  0x8 (size before relaxing)
 .ARM.exidx.text.os_sched_exit
                0xd0000008        0x0 build/nanos/obj/sdk/src/syscalls.o
                                  0x8 (size before relaxing)
 .ARM.exidx.text.io_seph_send
                0xd0000008        0x0 build/nanos/obj/sdk/src/syscalls.o
                                  0x8 (size before relaxing)
 .ARM.exidx.text.io_seph_is_status_sent
                0xd0000008        0x0 build/nanos/obj/sdk/src/syscalls.o
                                  0x8 (size before relaxing)
 .ARM.exidx.text.io_seph_recv
                0xd0000008        0x0 build/nanos/obj/sdk/src/syscalls.o
                                  0x8 (size before relaxing)
 .ARM.exidx.text.try_context_get
                0xd0000008        0x0 build/nanos/obj/sdk/src/syscalls.o
                                  0x8 (size before relaxing)
 .ARM.exidx.text.try_context_set
                0xd0000008        0x0 build/nanos/obj/sdk/src/syscalls.o
                                  0x8 (size before relaxing)
 .ARM.exidx.text.os_sched_last_status
                0xd0000008        0x0 build/nanos/obj/sdk/src/syscalls.o
                                  0x8 (size before relaxing)

.rel.dyn        0xd0000008        0x0
 .rel.iplt      0xd0000008        0x0 build/nanos/obj/app/src/main.o

/DISCARD/
 *(.ARM.extab)
 *(.gnu.hash)
 *(.hash)
 *(.dynsym)
 *(.dynstr)

.stab
 *(.stab)

.stabstr
 *(.stabstr)

.stab.excl
 *(.stab.excl)

.stab.exclstr
 *(.stab.exclstr)

.stab.index
 *(.stab.index)

.stab.indexstr
 *(.stab.indexstr)

.comment        0x00000000       0x42
 *(.comment)
 .comment       0x00000000       0x1c build/nanos/obj/app/src/main.o
                                 0x1d (size before relaxing)
 .comment       0x0000001c       0x1d build/nanos/obj/sdk/lib_standard_app/io.o
 .comment       0x0000001c       0x1d build/nanos/obj/sdk/lib_standard_app/main.o
 .comment       0x0000001c       0x1d build/nanos/obj/sdk/lib_stusb/STM32_USB_Device_Library/Class/HID/Src/usbd_hid.o
 .comment       0x0000001c       0x1d build/nanos/obj/sdk/lib_stusb/STM32_USB_Device_Library/Core/Src/usbd_core.o
 .comment       0x0000001c       0x1d build/nanos/obj/sdk/lib_stusb/STM32_USB_Device_Library/Core/Src/usbd_ctlreq.o
 .comment       0x0000001c       0x1d build/nanos/obj/sdk/lib_stusb/STM32_USB_Device_Library/Core/Src/usbd_ioreq.o
 .comment       0x0000001c       0x1d build/nanos/obj/sdk/lib_stusb/usbd_conf.o
 .comment       0x0000001c       0x1d build/nanos/obj/sdk/lib_stusb_impl/usbd_impl.o
 .comment       0x0000001c       0x1d build/nanos/obj/sdk/src/app_metadata.o
 .comment       0x0000001c       0x1d build/nanos/obj/sdk/src/os.o
 .comment       0x0000001c       0x1d build/nanos/obj/sdk/src/os_io_seproxyhal.o
 .comment       0x0000001c       0x1d build/nanos/obj/sdk/src/os_io_usb.o
 .comment       0x0000001c       0x1d build/nanos/obj/sdk/src/pic.o
 .comment       0x0000001c       0x1d build/nanos/obj/sdk/src/syscalls.o
 .comment       0x0000001c       0x26 /usr/lib/gcc/arm-none-eabi/12.2.1/../../../arm-none-eabi/lib/thumb/v6-m/nofp/libc_nano.a(lib_a-aeabi_memclr.o)
                                 0x27 (size before relaxing)
 .comment       0x00000042       0x27 /usr/lib/gcc/arm-none-eabi/12.2.1/../../../arm-none-eabi/lib/thumb/v6-m/nofp/libc_nano.a(lib_a-aeabi_memcpy.o)
 .comment       0x00000042       0x27 /usr/lib/gcc/arm-none-eabi/12.2.1/../../../arm-none-eabi/lib/thumb/v6-m/nofp/libc_nano.a(lib_a-aeabi_memmove.o)
 .comment       0x00000042       0x27 /usr/lib/gcc/arm-none-eabi/12.2.1/../../../arm-none-eabi/lib/thumb/v6-m/nofp/libc_nano.a(lib_a-aeabi_memset.o)
 .comment       0x00000042       0x27 /usr/lib/gcc/arm-none-eabi/12.2.1/../../../arm-none-eabi/lib/thumb/v6-m/nofp/libc_nano.a(lib_a-explicit_bzero.o)
 .comment       0x00000042       0x27 /usr/lib/gcc/arm-none-eabi/12.2.1/../../../arm-none-eabi/lib/thumb/v6-m/nofp/libc_nano.a(lib_a-memcpy-stub.o)
 .comment       0x00000042       0x27 /usr/lib/gcc/arm-none-eabi/12.2.1/../../../arm-none-eabi/lib/thumb/v6-m/nofp/libc_nano.a(lib_a-memmove.o)
 .comment       0x00000042       0x27 /usr/lib/gcc/arm-none-eabi/12.2.1/../../../arm-none-eabi/lib/thumb/v6-m/nofp/libc_nano.a(lib_a-memset.o)
 .comment       0x00000042       0x27 /usr/lib/gcc/arm-none-eabi/12.2.1/../../../arm-none-eabi/lib/thumb/v6-m/nofp/libc_nano.a(lib_a-strlen-stub.o)
 .comment       0x00000042       0x27 /usr/lib/gcc/arm-none-eabi/12.2.1/../../../arm-none-eabi/lib/thumb/v6-m/nofp/libc_nano.a(lib_a-bzero.o)

.note.GNU-stack
                0x00000000        0x0
 .note.GNU-stack
                0x00000000        0x0 build/nanos/obj/app/src/main.o
 .note.GNU-stack
                0x00000000        0x0 build/nanos/obj/sdk/lib_standard_app/io.o
 .note.GNU-stack
                0x00000000        0x0 build/nanos/obj/sdk/lib_standard_app/main.o
 .note.GNU-stack
                0x00000000        0x0 build/nanos/obj/sdk/lib_stusb/STM32_USB_Device_Library/Class/HID/Src/usbd_hid.o
 .note.GNU-stack
                0x00000000        0x0 build/nanos/obj/sdk/lib_stusb/STM32_USB_Device_Library/Core/Src/usbd_core.o
 .note.GNU-stack
                0x00000000        0x0 build/nanos/obj/sdk/lib_stusb/STM32_USB_Device_Library/Core/Src/usbd_ctlreq.o
 .note.GNU-stack
                0x00000000        0x0 build/nanos/obj/sdk/lib_stusb/STM32_USB_Device_Library/Core/Src/usbd_ioreq.o
 .note.GNU-stack
                0x00000000        0x0 build/nanos/obj/sdk/lib_stusb/usbd_conf.o
 .note.GNU-stack
                0x00000000        0x0 build/nanos/obj/sdk/lib_stusb_impl/usbd_impl.o
 .note.GNU-stack
                0x00000000        0x0 build/nanos/obj/sdk/src/app_metadata.o
 .note.GNU-stack
                0x00000000        0x0 build/nanos/obj/sdk/src/os.o
 .note.GNU-stack
                0x00000000        0x0 build/nanos/obj/sdk/src/os_io_seproxyhal.o
 .note.GNU-stack
                0x00000000        0x0 build/nanos/obj/sdk/src/os_io_usb.o
 .note.GNU-stack
                0x00000000        0x0 build/nanos/obj/sdk/src/pic.o
 .note.GNU-stack
                0x00000000        0x0 build/nanos/obj/sdk/src/syscalls.o

.ARM.attributes
                0x00000000       0x35
 .ARM.attributes
                0x00000000       0x47 build/nanos/obj/app/src/main.o
 .ARM.attributes
                0x00000047       0x47 build/nanos/obj/sdk/lib_standard_app/io.o
 .ARM.attributes
                0x0000008e       0x47 build/nanos/obj/sdk/lib_standard_app/main.o
 .ARM.attributes
                0x000000d5       0x47 build/nanos/obj/sdk/lib_stusb/STM32_USB_Device_Library/Class/HID/Src/usbd_hid.o
 .ARM.attributes
                0x0000011c       0x47 build/nanos/obj/sdk/lib_stusb/STM32_USB_Device_Library/Core/Src/usbd_core.o
 .ARM.attributes
                0x00000163       0x47 build/nanos/obj/sdk/lib_stusb/STM32_USB_Device_Library/Core/Src/usbd_ctlreq.o
 .ARM.attributes
                0x000001aa       0x47 build/nanos/obj/sdk/lib_stusb/STM32_USB_Device_Library/Core/Src/usbd_ioreq.o
 .ARM.attributes
                0x000001f1       0x47 build/nanos/obj/sdk/lib_stusb/usbd_conf.o
 .ARM.attributes
                0x00000238       0x47 build/nanos/obj/sdk/lib_stusb_impl/usbd_impl.o
 .ARM.attributes
                0x0000027f       0x45 build/nanos/obj/sdk/src/app_metadata.o
 .ARM.attributes
                0x000002c4       0x1c build/nanos/obj/sdk/src/cx_stubs.o
 .ARM.attributes
                0x000002e0       0x47 build/nanos/obj/sdk/src/os.o
 .ARM.attributes
                0x00000327       0x47 build/nanos/obj/sdk/src/os_io_seproxyhal.o
 .ARM.attributes
                0x0000036e       0x47 build/nanos/obj/sdk/src/os_io_usb.o
 .ARM.attributes
                0x000003b5       0x47 build/nanos/obj/sdk/src/pic.o
 .ARM.attributes
                0x000003fc       0x1c build/nanos/obj/sdk/src/svc_call.o
 .ARM.attributes
                0x00000418       0x47 build/nanos/obj/sdk/src/syscalls.o
 .ARM.attributes
                0x0000045f       0x1e /usr/lib/gcc/arm-none-eabi/12.2.1/thumb/v6-m/nofp/libgcc.a(_udivsi3.o)
 .ARM.attributes
                0x0000047d       0x1e /usr/lib/gcc/arm-none-eabi/12.2.1/thumb/v6-m/nofp/libgcc.a(_divsi3.o)
 .ARM.attributes
                0x0000049b       0x1e /usr/lib/gcc/arm-none-eabi/12.2.1/thumb/v6-m/nofp/libgcc.a(_dvmd_tls.o)
 .ARM.attributes
                0x000004b9       0x2c /usr/lib/gcc/arm-none-eabi/12.2.1/../../../arm-none-eabi/lib/thumb/v6-m/nofp/libc_nano.a(lib_a-aeabi_memclr.o)
 .ARM.attributes
                0x000004e5       0x2c /usr/lib/gcc/arm-none-eabi/12.2.1/../../../arm-none-eabi/lib/thumb/v6-m/nofp/libc_nano.a(lib_a-aeabi_memcpy.o)
 .ARM.attributes
                0x00000511       0x2c /usr/lib/gcc/arm-none-eabi/12.2.1/../../../arm-none-eabi/lib/thumb/v6-m/nofp/libc_nano.a(lib_a-aeabi_memmove.o)
 .ARM.attributes
                0x0000053d       0x2c /usr/lib/gcc/arm-none-eabi/12.2.1/../../../arm-none-eabi/lib/thumb/v6-m/nofp/libc_nano.a(lib_a-aeabi_memset.o)
 .ARM.attributes
                0x00000569       0x2c /usr/lib/gcc/arm-none-eabi/12.2.1/../../../arm-none-eabi/lib/thumb/v6-m/nofp/libc_nano.a(lib_a-explicit_bzero.o)
 .ARM.attributes
                0x00000595       0x2c /usr/lib/gcc/arm-none-eabi/12.2.1/../../../arm-none-eabi/lib/thumb/v6-m/nofp/libc_nano.a(lib_a-memcpy-stub.o)
 .ARM.attributes
                0x000005c1       0x2c /usr/lib/gcc/arm-none-eabi/12.2.1/../../../arm-none-eabi/lib/thumb/v6-m/nofp/libc_nano.a(lib_a-memmove.o)
 .ARM.attributes
                0x000005ed       0x2c /usr/lib/gcc/arm-none-eabi/12.2.1/../../../arm-none-eabi/lib/thumb/v6-m/nofp/libc_nano.a(lib_a-memset.o)
 .ARM.attributes
                0x00000619       0x1c /usr/lib/gcc/arm-none-eabi/12.2.1/../../../arm-none-eabi/lib/thumb/v6-m/nofp/libc_nano.a(lib_a-setjmp.o)
 .ARM.attributes
                0x00000635       0x2c /usr/lib/gcc/arm-none-eabi/12.2.1/../../../arm-none-eabi/lib/thumb/v6-m/nofp/libc_nano.a(lib_a-strlen-stub.o)
 .ARM.attributes
                0x00000661       0x2c /usr/lib/gcc/arm-none-eabi/12.2.1/../../../arm-none-eabi/lib/thumb/v6-m/nofp/libc_nano.a(lib_a-bzero.o)

.debug
 *(.debug)

.line
 *(.line)

.debug_srcinfo
 *(.debug_srcinfo)

.debug_sfnames
 *(.debug_sfnames)

.debug_aranges  0x00000000      0x1c0
 *(.debug_aranges)
 .debug_aranges
                0x00000000       0x20 /usr/lib/gcc/arm-none-eabi/12.2.1/thumb/v6-m/nofp/libgcc.a(_udivsi3.o)
 .debug_aranges
                0x00000020       0x20 /usr/lib/gcc/arm-none-eabi/12.2.1/thumb/v6-m/nofp/libgcc.a(_divsi3.o)
 .debug_aranges
                0x00000040       0x20 /usr/lib/gcc/arm-none-eabi/12.2.1/thumb/v6-m/nofp/libgcc.a(_dvmd_tls.o)
 .debug_aranges
                0x00000060       0x20 /usr/lib/gcc/arm-none-eabi/12.2.1/../../../arm-none-eabi/lib/thumb/v6-m/nofp/libc_nano.a(lib_a-aeabi_memclr.o)
 .debug_aranges
                0x00000080       0x20 /usr/lib/gcc/arm-none-eabi/12.2.1/../../../arm-none-eabi/lib/thumb/v6-m/nofp/libc_nano.a(lib_a-aeabi_memcpy.o)
 .debug_aranges
                0x000000a0       0x20 /usr/lib/gcc/arm-none-eabi/12.2.1/../../../arm-none-eabi/lib/thumb/v6-m/nofp/libc_nano.a(lib_a-aeabi_memmove.o)
 .debug_aranges
                0x000000c0       0x20 /usr/lib/gcc/arm-none-eabi/12.2.1/../../../arm-none-eabi/lib/thumb/v6-m/nofp/libc_nano.a(lib_a-aeabi_memset.o)
 .debug_aranges
                0x000000e0       0x20 /usr/lib/gcc/arm-none-eabi/12.2.1/../../../arm-none-eabi/lib/thumb/v6-m/nofp/libc_nano.a(lib_a-explicit_bzero.o)
 .debug_aranges
                0x00000100       0x20 /usr/lib/gcc/arm-none-eabi/12.2.1/../../../arm-none-eabi/lib/thumb/v6-m/nofp/libc_nano.a(lib_a-memcpy-stub.o)
 .debug_aranges
                0x00000120       0x20 /usr/lib/gcc/arm-none-eabi/12.2.1/../../../arm-none-eabi/lib/thumb/v6-m/nofp/libc_nano.a(lib_a-memmove.o)
 .debug_aranges
                0x00000140       0x20 /usr/lib/gcc/arm-none-eabi/12.2.1/../../../arm-none-eabi/lib/thumb/v6-m/nofp/libc_nano.a(lib_a-memset.o)
 .debug_aranges
                0x00000160       0x20 /usr/lib/gcc/arm-none-eabi/12.2.1/../../../arm-none-eabi/lib/thumb/v6-m/nofp/libc_nano.a(lib_a-setjmp.o)
 .debug_aranges
                0x00000180       0x20 /usr/lib/gcc/arm-none-eabi/12.2.1/../../../arm-none-eabi/lib/thumb/v6-m/nofp/libc_nano.a(lib_a-strlen-stub.o)
 .debug_aranges
                0x000001a0       0x20 /usr/lib/gcc/arm-none-eabi/12.2.1/../../../arm-none-eabi/lib/thumb/v6-m/nofp/libc_nano.a(lib_a-bzero.o)

.debug_pubnames
 *(.debug_pubnames)

.debug_info     0x00000000      0xb1d
 *(.debug_info .gnu.linkonce.wi.*)
 .debug_info    0x00000000       0x3b /usr/lib/gcc/arm-none-eabi/12.2.1/thumb/v6-m/nofp/libgcc.a(_udivsi3.o)
 .debug_info    0x0000003b       0x3b /usr/lib/gcc/arm-none-eabi/12.2.1/thumb/v6-m/nofp/libgcc.a(_divsi3.o)
 .debug_info    0x00000076       0x39 /usr/lib/gcc/arm-none-eabi/12.2.1/thumb/v6-m/nofp/libgcc.a(_dvmd_tls.o)
 .debug_info    0x000000af       0xd9 /usr/lib/gcc/arm-none-eabi/12.2.1/../../../arm-none-eabi/lib/thumb/v6-m/nofp/libc_nano.a(lib_a-aeabi_memclr.o)
 .debug_info    0x00000188       0xf2 /usr/lib/gcc/arm-none-eabi/12.2.1/../../../arm-none-eabi/lib/thumb/v6-m/nofp/libc_nano.a(lib_a-aeabi_memcpy.o)
 .debug_info    0x0000027a       0xf2 /usr/lib/gcc/arm-none-eabi/12.2.1/../../../arm-none-eabi/lib/thumb/v6-m/nofp/libc_nano.a(lib_a-aeabi_memmove.o)
 .debug_info    0x0000036c       0xe9 /usr/lib/gcc/arm-none-eabi/12.2.1/../../../arm-none-eabi/lib/thumb/v6-m/nofp/libc_nano.a(lib_a-aeabi_memset.o)
 .debug_info    0x00000455       0xeb /usr/lib/gcc/arm-none-eabi/12.2.1/../../../arm-none-eabi/lib/thumb/v6-m/nofp/libc_nano.a(lib_a-explicit_bzero.o)
 .debug_info    0x00000540      0x152 /usr/lib/gcc/arm-none-eabi/12.2.1/../../../arm-none-eabi/lib/thumb/v6-m/nofp/libc_nano.a(lib_a-memcpy-stub.o)
 .debug_info    0x00000692      0x148 /usr/lib/gcc/arm-none-eabi/12.2.1/../../../arm-none-eabi/lib/thumb/v6-m/nofp/libc_nano.a(lib_a-memmove.o)
 .debug_info    0x000007da      0x135 /usr/lib/gcc/arm-none-eabi/12.2.1/../../../arm-none-eabi/lib/thumb/v6-m/nofp/libc_nano.a(lib_a-memset.o)
 .debug_info    0x0000090f       0x24 /usr/lib/gcc/arm-none-eabi/12.2.1/../../../arm-none-eabi/lib/thumb/v6-m/nofp/libc_nano.a(lib_a-setjmp.o)
 .debug_info    0x00000933       0xeb /usr/lib/gcc/arm-none-eabi/12.2.1/../../../arm-none-eabi/lib/thumb/v6-m/nofp/libc_nano.a(lib_a-strlen-stub.o)
 .debug_info    0x00000a1e       0xff /usr/lib/gcc/arm-none-eabi/12.2.1/../../../arm-none-eabi/lib/thumb/v6-m/nofp/libc_nano.a(lib_a-bzero.o)

.debug_abbrev   0x00000000      0x781
 *(.debug_abbrev)
 .debug_abbrev  0x00000000       0x21 /usr/lib/gcc/arm-none-eabi/12.2.1/thumb/v6-m/nofp/libgcc.a(_udivsi3.o)
 .debug_abbrev  0x00000021       0x21 /usr/lib/gcc/arm-none-eabi/12.2.1/thumb/v6-m/nofp/libgcc.a(_divsi3.o)
 .debug_abbrev  0x00000042       0x1f /usr/lib/gcc/arm-none-eabi/12.2.1/thumb/v6-m/nofp/libgcc.a(_dvmd_tls.o)
 .debug_abbrev  0x00000061       0xb2 /usr/lib/gcc/arm-none-eabi/12.2.1/../../../arm-none-eabi/lib/thumb/v6-m/nofp/libc_nano.a(lib_a-aeabi_memclr.o)
 .debug_abbrev  0x00000113       0xc2 /usr/lib/gcc/arm-none-eabi/12.2.1/../../../arm-none-eabi/lib/thumb/v6-m/nofp/libc_nano.a(lib_a-aeabi_memcpy.o)
 .debug_abbrev  0x000001d5       0xc2 /usr/lib/gcc/arm-none-eabi/12.2.1/../../../arm-none-eabi/lib/thumb/v6-m/nofp/libc_nano.a(lib_a-aeabi_memmove.o)
 .debug_abbrev  0x00000297       0xb4 /usr/lib/gcc/arm-none-eabi/12.2.1/../../../arm-none-eabi/lib/thumb/v6-m/nofp/libc_nano.a(lib_a-aeabi_memset.o)
 .debug_abbrev  0x0000034b       0x9d /usr/lib/gcc/arm-none-eabi/12.2.1/../../../arm-none-eabi/lib/thumb/v6-m/nofp/libc_nano.a(lib_a-explicit_bzero.o)
 .debug_abbrev  0x000003e8       0xca /usr/lib/gcc/arm-none-eabi/12.2.1/../../../arm-none-eabi/lib/thumb/v6-m/nofp/libc_nano.a(lib_a-memcpy-stub.o)
 .debug_abbrev  0x000004b2       0xc3 /usr/lib/gcc/arm-none-eabi/12.2.1/../../../arm-none-eabi/lib/thumb/v6-m/nofp/libc_nano.a(lib_a-memmove.o)
 .debug_abbrev  0x00000575       0xb7 /usr/lib/gcc/arm-none-eabi/12.2.1/../../../arm-none-eabi/lib/thumb/v6-m/nofp/libc_nano.a(lib_a-memset.o)
 .debug_abbrev  0x0000062c       0x14 /usr/lib/gcc/arm-none-eabi/12.2.1/../../../arm-none-eabi/lib/thumb/v6-m/nofp/libc_nano.a(lib_a-setjmp.o)
 .debug_abbrev  0x00000640       0x90 /usr/lib/gcc/arm-none-eabi/12.2.1/../../../arm-none-eabi/lib/thumb/v6-m/nofp/libc_nano.a(lib_a-strlen-stub.o)
 .debug_abbrev  0x000006d0       0xb1 /usr/lib/gcc/arm-none-eabi/12.2.1/../../../arm-none-eabi/lib/thumb/v6-m/nofp/libc_nano.a(lib_a-bzero.o)

.debug_line     0x00000000      0xd59
 *(.debug_line)
 .debug_line    0x00000000       0x56 /usr/lib/gcc/arm-none-eabi/12.2.1/thumb/v6-m/nofp/libgcc.a(_udivsi3.o)
 .debug_line    0x00000056       0x5d /usr/lib/gcc/arm-none-eabi/12.2.1/thumb/v6-m/nofp/libgcc.a(_divsi3.o)
 .debug_line    0x000000b3       0x4a /usr/lib/gcc/arm-none-eabi/12.2.1/thumb/v6-m/nofp/libgcc.a(_dvmd_tls.o)
 .debug_line    0x000000fd       0xbd /usr/lib/gcc/arm-none-eabi/12.2.1/../../../arm-none-eabi/lib/thumb/v6-m/nofp/libc_nano.a(lib_a-aeabi_memclr.o)
 .debug_line    0x000001ba       0xb7 /usr/lib/gcc/arm-none-eabi/12.2.1/../../../arm-none-eabi/lib/thumb/v6-m/nofp/libc_nano.a(lib_a-aeabi_memcpy.o)
 .debug_line    0x00000271       0xb8 /usr/lib/gcc/arm-none-eabi/12.2.1/../../../arm-none-eabi/lib/thumb/v6-m/nofp/libc_nano.a(lib_a-aeabi_memmove.o)
 .debug_line    0x00000329       0xba /usr/lib/gcc/arm-none-eabi/12.2.1/../../../arm-none-eabi/lib/thumb/v6-m/nofp/libc_nano.a(lib_a-aeabi_memset.o)
 .debug_line    0x000003e3       0xed /usr/lib/gcc/arm-none-eabi/12.2.1/../../../arm-none-eabi/lib/thumb/v6-m/nofp/libc_nano.a(lib_a-explicit_bzero.o)
 .debug_line    0x000004d0      0x1e8 /usr/lib/gcc/arm-none-eabi/12.2.1/../../../arm-none-eabi/lib/thumb/v6-m/nofp/libc_nano.a(lib_a-memcpy-stub.o)
 .debug_line    0x000006b8      0x1db /usr/lib/gcc/arm-none-eabi/12.2.1/../../../arm-none-eabi/lib/thumb/v6-m/nofp/libc_nano.a(lib_a-memmove.o)
 .debug_line    0x00000893      0x1c3 /usr/lib/gcc/arm-none-eabi/12.2.1/../../../arm-none-eabi/lib/thumb/v6-m/nofp/libc_nano.a(lib_a-memset.o)
 .debug_line    0x00000a56       0x63 /usr/lib/gcc/arm-none-eabi/12.2.1/../../../arm-none-eabi/lib/thumb/v6-m/nofp/libc_nano.a(lib_a-setjmp.o)
 .debug_line    0x00000ab9      0x1ad /usr/lib/gcc/arm-none-eabi/12.2.1/../../../arm-none-eabi/lib/thumb/v6-m/nofp/libc_nano.a(lib_a-strlen-stub.o)
 .debug_line    0x00000c66       0xf3 /usr/lib/gcc/arm-none-eabi/12.2.1/../../../arm-none-eabi/lib/thumb/v6-m/nofp/libc_nano.a(lib_a-bzero.o)

.debug_frame    0x00000000      0x1e8
 *(.debug_frame)
 .debug_frame   0x00000000       0x20 /usr/lib/gcc/arm-none-eabi/12.2.1/thumb/v6-m/nofp/libgcc.a(_udivsi3.o)
 .debug_frame   0x00000020       0x20 /usr/lib/gcc/arm-none-eabi/12.2.1/thumb/v6-m/nofp/libgcc.a(_divsi3.o)
 .debug_frame   0x00000040       0x28 /usr/lib/gcc/arm-none-eabi/12.2.1/../../../arm-none-eabi/lib/thumb/v6-m/nofp/libc_nano.a(lib_a-aeabi_memclr.o)
 .debug_frame   0x00000068       0x28 /usr/lib/gcc/arm-none-eabi/12.2.1/../../../arm-none-eabi/lib/thumb/v6-m/nofp/libc_nano.a(lib_a-aeabi_memcpy.o)
 .debug_frame   0x00000090       0x28 /usr/lib/gcc/arm-none-eabi/12.2.1/../../../arm-none-eabi/lib/thumb/v6-m/nofp/libc_nano.a(lib_a-aeabi_memmove.o)
 .debug_frame   0x000000b8       0x28 /usr/lib/gcc/arm-none-eabi/12.2.1/../../../arm-none-eabi/lib/thumb/v6-m/nofp/libc_nano.a(lib_a-aeabi_memset.o)
 .debug_frame   0x000000e0       0x28 /usr/lib/gcc/arm-none-eabi/12.2.1/../../../arm-none-eabi/lib/thumb/v6-m/nofp/libc_nano.a(lib_a-explicit_bzero.o)
 .debug_frame   0x00000108       0x30 /usr/lib/gcc/arm-none-eabi/12.2.1/../../../arm-none-eabi/lib/thumb/v6-m/nofp/libc_nano.a(lib_a-memcpy-stub.o)
 .debug_frame   0x00000138       0x30 /usr/lib/gcc/arm-none-eabi/12.2.1/../../../arm-none-eabi/lib/thumb/v6-m/nofp/libc_nano.a(lib_a-memmove.o)
 .debug_frame   0x00000168       0x30 /usr/lib/gcc/arm-none-eabi/12.2.1/../../../arm-none-eabi/lib/thumb/v6-m/nofp/libc_nano.a(lib_a-memset.o)
 .debug_frame   0x00000198       0x28 /usr/lib/gcc/arm-none-eabi/12.2.1/../../../arm-none-eabi/lib/thumb/v6-m/nofp/libc_nano.a(lib_a-strlen-stub.o)
 .debug_frame   0x000001c0       0x28 /usr/lib/gcc/arm-none-eabi/12.2.1/../../../arm-none-eabi/lib/thumb/v6-m/nofp/libc_nano.a(lib_a-bzero.o)

.debug_str      0x00000000      0x5d5
 *(.debug_str)
 .debug_str     0x00000000       0xbe /usr/lib/gcc/arm-none-eabi/12.2.1/thumb/v6-m/nofp/libgcc.a(_udivsi3.o)
 .debug_str     0x000000be       0x19 /usr/lib/gcc/arm-none-eabi/12.2.1/thumb/v6-m/nofp/libgcc.a(_divsi3.o)
                                 0xbc (size before relaxing)
 .debug_str     0x000000d7       0x1c /usr/lib/gcc/arm-none-eabi/12.2.1/thumb/v6-m/nofp/libgcc.a(_dvmd_tls.o)
                                 0xbf (size before relaxing)
 .debug_str     0x000000f3      0x149 /usr/lib/gcc/arm-none-eabi/12.2.1/../../../arm-none-eabi/lib/thumb/v6-m/nofp/libc_nano.a(lib_a-aeabi_memclr.o)
                                0x156 (size before relaxing)
 .debug_str     0x0000023c       0x58 /usr/lib/gcc/arm-none-eabi/12.2.1/../../../arm-none-eabi/lib/thumb/v6-m/nofp/libc_nano.a(lib_a-aeabi_memcpy.o)
                                0x155 (size before relaxing)
 .debug_str     0x00000294       0x53 /usr/lib/gcc/arm-none-eabi/12.2.1/../../../arm-none-eabi/lib/thumb/v6-m/nofp/libc_nano.a(lib_a-aeabi_memmove.o)
                                0x158 (size before relaxing)
 .debug_str     0x000002e7       0x42 /usr/lib/gcc/arm-none-eabi/12.2.1/../../../arm-none-eabi/lib/thumb/v6-m/nofp/libc_nano.a(lib_a-aeabi_memset.o)
                                0x14e (size before relaxing)
 .debug_str     0x00000329       0xe5 /usr/lib/gcc/arm-none-eabi/12.2.1/../../../arm-none-eabi/lib/thumb/v6-m/nofp/libc_nano.a(lib_a-explicit_bzero.o)
                                0x1ab (size before relaxing)
 .debug_str     0x0000040e       0x68 /usr/lib/gcc/arm-none-eabi/12.2.1/../../../arm-none-eabi/lib/thumb/v6-m/nofp/libc_nano.a(lib_a-memcpy-stub.o)
                                0x1ce (size before relaxing)
 .debug_str     0x00000476       0x4e /usr/lib/gcc/arm-none-eabi/12.2.1/../../../arm-none-eabi/lib/thumb/v6-m/nofp/libc_nano.a(lib_a-memmove.o)
                                0x1c8 (size before relaxing)
 .debug_str     0x000004c4       0x48 /usr/lib/gcc/arm-none-eabi/12.2.1/../../../arm-none-eabi/lib/thumb/v6-m/nofp/libc_nano.a(lib_a-memset.o)
                                0x1a9 (size before relaxing)
 .debug_str     0x0000050c       0x48 /usr/lib/gcc/arm-none-eabi/12.2.1/../../../arm-none-eabi/lib/thumb/v6-m/nofp/libc_nano.a(lib_a-setjmp.o)
                                 0xa5 (size before relaxing)
 .debug_str     0x00000554       0x4e /usr/lib/gcc/arm-none-eabi/12.2.1/../../../arm-none-eabi/lib/thumb/v6-m/nofp/libc_nano.a(lib_a-strlen-stub.o)
                                0x1ba (size before relaxing)
 .debug_str     0x000005a2       0x33 /usr/lib/gcc/arm-none-eabi/12.2.1/../../../arm-none-eabi/lib/thumb/v6-m/nofp/libc_nano.a(lib_a-bzero.o)
                                0x1a1 (size before relaxing)

.debug_loc
 *(.debug_loc)

.debug_macinfo
 *(.debug_macinfo)

.debug_weaknames
 *(.debug_weaknames)

.debug_funcnames
 *(.debug_funcnames)

.debug_typenames
 *(.debug_typenames)

.debug_varnames
 *(.debug_varnames)

ledger.target   0xd0000008        0x5
 *(ledger.target)
 ledger.target  0xd0000008        0x5 build/nanos/obj/sdk/src/app_metadata.o
                0xd0000008                target

ledger.target_name
                0xd000000d        0xc
 *(ledger.target_name)
 ledger.target_name
                0xd000000d        0xc build/nanos/obj/sdk/src/app_metadata.o
                0xd000000d                target_name

ledger.target_id
                0xd0000019        0xa
 *(ledger.target_id)
 ledger.target_id
                0xd0000019        0xa build/nanos/obj/sdk/src/app_metadata.o
                0xd0000019                target_id

ledger.target_version
                0xd0000023        0x5
 *(ledger.target_version)
 ledger.target_version
                0xd0000023        0x5 build/nanos/obj/sdk/src/app_metadata.o
                0xd0000023                target_version

ledger.app_name
                0xd0000028        0x5
 *(ledger.app_name)
 ledger.app_name
                0xd0000028        0x5 build/nanos/obj/sdk/src/app_metadata.o
                0xd0000028                app_name

ledger.app_version
                0xd000002d        0x5
 *(ledger.app_version)
 ledger.app_version
                0xd000002d        0x5 build/nanos/obj/sdk/src/app_metadata.o
                0xd000002d                app_version

ledger.api_level
 *(ledger.api_level)

ledger.sdk_name
                0xd0000032       0x10
 *(ledger.sdk_name)
 ledger.sdk_name
                0xd0000032       0x10 build/nanos/obj/sdk/src/app_metadata.o
                0xd0000032                sdk_name

ledger.sdk_version
                0xd0000042        0x4
 *(ledger.sdk_version)
 ledger.sdk_version
                0xd0000042        0x4 build/nanos/obj/sdk/src/app_metadata.o
                0xd0000042                sdk_version

ledger.sdk_hash
                0xd0000046       0x28
 *(ledger.sdk_hash)
 ledger.sdk_hash
                0xd0000046       0x28 build/nanos/obj/sdk/src/app_metadata.o
                0xd0000046                sdk_hash

ledger.sdk_graphics
                0xd000006e        0x4
 *(ledger.sdk_graphics)
 ledger.sdk_graphics
                0xd000006e        0x4 build/nanos/obj/sdk/src/app_metadata.o
                0xd000006e                sdk_graphics
                0xc0d00000                        PROVIDE (_nvram = ABSOLUTE (_nvram_start))
                0xc0d02e11                        PROVIDE (_envram = ABSOLUTE (_nvram_end))
OUTPUT(build/nanos/bin/app.elf elf32-littlearm)
LOAD linker stubs
LOAD /usr/lib/gcc/arm-none-eabi/12.2.1/../../../arm-none-eabi/lib/thumb/v6-m/nofp/libc.a
LOAD /usr/lib/gcc/arm-none-eabi/12.2.1/../../../arm-none-eabi/lib/thumb/v6-m/nofp/libm.a
LOAD /usr/lib/gcc/arm-none-eabi/12.2.1/thumb/v6-m/nofp/libgcc.a

.debug_line_str
                0x00000000      0x130
 .debug_line_str
                0x00000000       0x97 /usr/lib/gcc/arm-none-eabi/12.2.1/thumb/v6-m/nofp/libgcc.a(_udivsi3.o)
 .debug_line_str
                0x00000097       0x97 /usr/lib/gcc/arm-none-eabi/12.2.1/thumb/v6-m/nofp/libgcc.a(_divsi3.o)
 .debug_line_str
                0x00000097       0x97 /usr/lib/gcc/arm-none-eabi/12.2.1/thumb/v6-m/nofp/libgcc.a(_dvmd_tls.o)
 .debug_line_str
                0x00000097       0x99 /usr/lib/gcc/arm-none-eabi/12.2.1/../../../arm-none-eabi/lib/thumb/v6-m/nofp/libc_nano.a(lib_a-setjmp.o)

.debug_loclists
                0x00000000      0x978
 .debug_loclists
                0x00000000       0x30 /usr/lib/gcc/arm-none-eabi/12.2.1/../../../arm-none-eabi/lib/thumb/v6-m/nofp/libc_nano.a(lib_a-aeabi_memclr.o)
 .debug_loclists
                0x00000030       0x42 /usr/lib/gcc/arm-none-eabi/12.2.1/../../../arm-none-eabi/lib/thumb/v6-m/nofp/libc_nano.a(lib_a-aeabi_memcpy.o)
 .debug_loclists
                0x00000072       0x42 /usr/lib/gcc/arm-none-eabi/12.2.1/../../../arm-none-eabi/lib/thumb/v6-m/nofp/libc_nano.a(lib_a-aeabi_memmove.o)
 .debug_loclists
                0x000000b4       0x50 /usr/lib/gcc/arm-none-eabi/12.2.1/../../../arm-none-eabi/lib/thumb/v6-m/nofp/libc_nano.a(lib_a-aeabi_memset.o)
 .debug_loclists
                0x00000104       0x30 /usr/lib/gcc/arm-none-eabi/12.2.1/../../../arm-none-eabi/lib/thumb/v6-m/nofp/libc_nano.a(lib_a-explicit_bzero.o)
 .debug_loclists
                0x00000134      0x2a3 /usr/lib/gcc/arm-none-eabi/12.2.1/../../../arm-none-eabi/lib/thumb/v6-m/nofp/libc_nano.a(lib_a-memcpy-stub.o)
 .debug_loclists
                0x000003d7      0x35f /usr/lib/gcc/arm-none-eabi/12.2.1/../../../arm-none-eabi/lib/thumb/v6-m/nofp/libc_nano.a(lib_a-memmove.o)
 .debug_loclists
                0x00000736      0x1ba /usr/lib/gcc/arm-none-eabi/12.2.1/../../../arm-none-eabi/lib/thumb/v6-m/nofp/libc_nano.a(lib_a-memset.o)
 .debug_loclists
                0x000008f0       0x51 /usr/lib/gcc/arm-none-eabi/12.2.1/../../../arm-none-eabi/lib/thumb/v6-m/nofp/libc_nano.a(lib_a-strlen-stub.o)
 .debug_loclists
                0x00000941       0x37 /usr/lib/gcc/arm-none-eabi/12.2.1/../../../arm-none-eabi/lib/thumb/v6-m/nofp/libc_nano.a(lib_a-bzero.o)
