     VMA      LMA     Size Align Out     In      Symbol
       0        0        0     1 PAGE_SIZE = 256
       0        0        0     1 STACK_MIN_SIZE = DEFINED ( stack_min_size ) ? stack_min_size : 1500
       0        0        0     1 END_STACK = ORIGIN ( SRAM ) + LENGTH ( SRAM )
c0de0000 c0de0000     2e11     4 .text
c0de0000 c0de0000        0     1         _text = .
c0de0000 c0de0000        0     1         _nvram_start = .
c0de0000 c0de0000       34     4         build/nanox/obj/app/src/main.o:(.boot)
c0de0000 c0de0000        0     1                 $t.1
c0de0001 c0de0001       34     1                 app_main
c0de002c c0de002c        0     1                 $d.2
c0de0034 c0de0034       14     2         build/nanox/obj/sdk/lib_standard_app/main.o:(.boot)
c0de0034 c0de0034        0     1                 $t.4
c0de0035 c0de0035       14     1                 main
c0de0048 c0de0048        0     1         _code = .
c0de0048 c0de0048        6     2         build/nanox/obj/app/src/main.o:(.text.app_exit)
c0de0048 c0de0048        0     1                 $t.0
c0de0049 c0de0049        6     1                 app_exit
c0de0050 c0de0050      3c0     4         build/nanox/obj/app/src/main.o:(.text.app_main_impl)
c0de0050 c0de0050        0     1                 $t.3
c0de0051 c0de0051      3c0     1                 app_main_impl
c0de0404 c0de0404        0     1                 $d.4
c0de0410 c0de0410       18     2         build/nanox/obj/app/src/main.o:(.text.read_u32_be)
c0de0410 c0de0410        0     1                 $t.5
c0de0411 c0de0411       18     1                 read_u32_be
c0de0428 c0de0428       54     2         build/nanox/obj/app/src/main.o:(.text.derive_keypair)
c0de0428 c0de0428        0     1                 $t.6
c0de0429 c0de0429       54     1                 derive_keypair
c0de047c c0de047c      118     4         build/nanox/obj/app/src/main.o:(.text.get_address)
c0de047c c0de047c        0     1                 $t.7
c0de047d c0de047d      118     1                 get_address
c0de0590 c0de0590        0     1                 $d.8
c0de0594 c0de0594       74     2         build/nanox/obj/app/src/main.o:(.text.os_derive_bip32_with_seed_no_throw)
c0de0594 c0de0594        0     1                 $t.9
c0de0595 c0de0595       74     1                 os_derive_bip32_with_seed_no_throw
c0de0608 c0de0608       36     2         build/nanox/obj/app/src/main.o:(.text.sha256_hash)
c0de0608 c0de0608        0     1                 $t.10
c0de0609 c0de0609       36     1                 sha256_hash
c0de063e c0de063e        c     2         build/nanox/obj/app/src/main.o:(.text.OUTLINED_FUNCTION_0)
c0de063e c0de063e        0     1                 $t.11
c0de063f c0de063f        c     1                 OUTLINED_FUNCTION_0
c0de064a c0de064a       d6     2         build/nanox/obj/sdk/io/src/os_io_default_apdu.o:(.text.os_io_handle_default_apdu)
c0de064a c0de064a        0     1                 $t.0
c0de064b c0de064b       d6     1                 os_io_handle_default_apdu
c0de0720 c0de0720        e     2         build/nanox/obj/sdk/io/src/os_io_default_apdu.o:(.text.OUTLINED_FUNCTION_0)
c0de0720 c0de0720        0     1                 $t.1
c0de0721 c0de0721        e     1                 OUTLINED_FUNCTION_0
c0de0730 c0de0730       14     4         build/nanox/obj/sdk/io/src/os_io_seph_ux.o:(.text.io_seph_ux_init_button)
c0de0730 c0de0730        0     1                 $t.0
c0de0731 c0de0731       14     1                 io_seph_ux_init_button
c0de0740 c0de0740        0     1                 $d.1
c0de0744 c0de0744       12     2         build/nanox/obj/sdk/io/src/os_io_seph_ux.o:(.text.io_process_itc_ux_event)
c0de0744 c0de0744        0     1                 $t.2
c0de0745 c0de0745       12     1                 io_process_itc_ux_event
c0de0756 c0de0756       7c     2         build/nanox/obj/sdk/io/src/os_io_seph_ux.o:(.text.io_seph_ux_display_bagl_element)
c0de0756 c0de0756        0     1                 $t.6
c0de0757 c0de0757       7c     1                 io_seph_ux_display_bagl_element
c0de07d4 c0de07d4       70     4         build/nanox/obj/sdk/io/src/os_io_seph_ux.o:(.text.io_seproxyhal_button_push)
c0de07d4 c0de07d4        0     1                 $t.7
c0de07d5 c0de07d5       70     1                 io_seproxyhal_button_push
c0de0840 c0de0840        0     1                 $d.8
c0de0844 c0de0844       84     4         build/nanox/obj/sdk/io_legacy/src/os_io_legacy.o:(.text.io_exchange)
c0de0844 c0de0844        0     1                 $t.11
c0de0845 c0de0845       84     1                 io_exchange
c0de08bc c0de08bc        0     1                 $d.12
c0de08c8 c0de08c8       34     4         build/nanox/obj/sdk/io_legacy/src/os_io_legacy.o:(.text.io_legacy_apdu_tx)
c0de08c8 c0de08c8        0     1                 $t.13
c0de08c9 c0de08c9       34     1                 io_legacy_apdu_tx
c0de08f0 c0de08f0        0     1                 $d.14
c0de08fc c0de08fc      274     4         build/nanox/obj/sdk/io_legacy/src/os_io_legacy.o:(.text.io_legacy_apdu_rx)
c0de08fc c0de08fc        0     1                 $t.15
c0de08fd c0de08fd      274     1                 io_legacy_apdu_rx
c0de0b50 c0de0b50        0     1                 $d.16
c0de0b70 c0de0b70       40     4         build/nanox/obj/sdk/io_legacy/src/os_io_legacy.o:(.text.io_seproxyhal_init)
c0de0b70 c0de0b70        0     1                 $t.17
c0de0b71 c0de0b71       40     1                 io_seproxyhal_init
c0de0ba8 c0de0ba8        0     1                 $d.18
c0de0bb0 c0de0bb0        2     2         build/nanox/obj/sdk/io_legacy/src/os_io_legacy.o:(.text.USB_power)
c0de0bb0 c0de0bb0        0     1                 $t.19
c0de0bb1 c0de0bb1        2     1                 USB_power
c0de0bb2 c0de0bb2        8     2         build/nanox/obj/sdk/io_legacy/src/os_io_legacy.o:(.text.OUTLINED_FUNCTION_0)
c0de0bb2 c0de0bb2        0     1                 $t.21
c0de0bb3 c0de0bb3        8     1                 OUTLINED_FUNCTION_0
c0de0bbc c0de0bbc      50c     4         build/nanox/obj/sdk/lib_bagl/src/bagl.o:(.text.bagl_draw_with_context)
c0de0bbc c0de0bbc        0     1                 $t.1
c0de0bbd c0de0bbd      50c     1                 bagl_draw_with_context
c0de0f68 c0de0f68        0     1                 $d.2
c0de0f6c c0de0f6c        0     1                 $t.3
c0de10b8 c0de10b8        0     1                 $d.4
c0de10c8 c0de10c8       40     4         build/nanox/obj/sdk/lib_bagl/src/bagl.o:(.text.bagl_get_font)
c0de10c8 c0de10c8        0     1                 $t.5
c0de10c9 c0de10c9       40     1                 bagl_get_font
c0de1100 c0de1100        0     1                 $d.6
c0de1108 c0de1108       28     2         build/nanox/obj/sdk/lib_bagl/src/bagl.o:(.text.bagl_compute_line_width)
c0de1108 c0de1108        0     1                 $t.7
c0de1109 c0de1109       28     1                 bagl_compute_line_width
c0de1130 c0de1130      2a4     4         build/nanox/obj/sdk/lib_bagl/src/bagl.o:(.text.bagl_draw_string)
c0de1130 c0de1130        0     1                 $t.8
c0de1131 c0de1131      2a4     1                 bagl_draw_string
c0de13d0 c0de13d0        0     1                 $d.9
c0de13d4 c0de13d4      300     2         build/nanox/obj/sdk/lib_bagl/src/bagl.o:(.text.bagl_draw_circle_helper)
c0de13d4 c0de13d4        0     1                 $t.10
c0de13d5 c0de13d5      300     1                 bagl_draw_circle_helper
c0de16d4 c0de16d4       50     2         build/nanox/obj/sdk/lib_bagl/src/bagl.o:(.text.bagl_draw_glyph)
c0de16d4 c0de16d4        0     1                 $t.11
c0de16d5 c0de16d5       50     1                 bagl_draw_glyph
c0de1724 c0de1724       18     2         build/nanox/obj/sdk/lib_bagl/src/bagl.o:(.text.OUTLINED_FUNCTION_0)
c0de1724 c0de1724        0     1                 $t.14
c0de1725 c0de1725       18     1                 OUTLINED_FUNCTION_0
c0de173c c0de173c        a     2         build/nanox/obj/sdk/lib_bagl/src/bagl.o:(.text.OUTLINED_FUNCTION_1)
c0de173c c0de173c        0     1                 $t.15
c0de173d c0de173d        a     1                 OUTLINED_FUNCTION_1
c0de1746 c0de1746        6     2         build/nanox/obj/sdk/lib_bagl/src/bagl.o:(.text.OUTLINED_FUNCTION_2)
c0de1746 c0de1746        0     1                 $t.16
c0de1747 c0de1747        6     1                 OUTLINED_FUNCTION_2
c0de174c c0de174c        6     2         build/nanox/obj/sdk/lib_bagl/src/bagl.o:(.text.OUTLINED_FUNCTION_3)
c0de174c c0de174c        0     1                 $t.17
c0de174d c0de174d        6     1                 OUTLINED_FUNCTION_3
c0de1752 c0de1752       12     2         build/nanox/obj/sdk/lib_bagl/src/bagl.o:(.text.OUTLINED_FUNCTION_4)
c0de1752 c0de1752        0     1                 $t.18
c0de1753 c0de1753       12     1                 OUTLINED_FUNCTION_4
c0de1764 c0de1764       10     2         build/nanox/obj/sdk/lib_bagl/src/bagl.o:(.text.OUTLINED_FUNCTION_5)
c0de1764 c0de1764        0     1                 $t.19
c0de1765 c0de1765       10     1                 OUTLINED_FUNCTION_5
c0de1774 c0de1774        e     2         build/nanox/obj/sdk/lib_bagl/src/bagl.o:(.text.OUTLINED_FUNCTION_6)
c0de1774 c0de1774        0     1                 $t.20
c0de1775 c0de1775        e     1                 OUTLINED_FUNCTION_6
c0de1782 c0de1782        e     2         build/nanox/obj/sdk/lib_bagl/src/bagl.o:(.text.OUTLINED_FUNCTION_7)
c0de1782 c0de1782        0     1                 $t.21
c0de1783 c0de1783        e     1                 OUTLINED_FUNCTION_7
c0de1790 c0de1790        6     2         build/nanox/obj/sdk/lib_bagl/src/bagl.o:(.text.OUTLINED_FUNCTION_8)
c0de1790 c0de1790        0     1                 $t.22
c0de1791 c0de1791        6     1                 OUTLINED_FUNCTION_8
c0de1796 c0de1796        2     2         build/nanox/obj/sdk/lib_standard_app/io.o:(.text.app_ticker_event_callback)
c0de1796 c0de1796        0     1                 $t.1
c0de1797 c0de1797        2     1                 app_ticker_event_callback
c0de1798 c0de1798      370     4         build/nanox/obj/sdk/lib_standard_app/io.o:(.text.io_event)
c0de1798 c0de1798        0     1                 $t.2
c0de1799 c0de1799      370     1                 io_event
c0de1afc c0de1afc        0     1                 $d.3
c0de1b08 c0de1b08       14     2         build/nanox/obj/sdk/lib_standard_app/io.o:(.text.OUTLINED_FUNCTION_0)
c0de1b08 c0de1b08        0     1                 $t.11
c0de1b09 c0de1b09       14     1                 OUTLINED_FUNCTION_0
c0de1b1c c0de1b1c       10     2         build/nanox/obj/sdk/lib_standard_app/io.o:(.text.OUTLINED_FUNCTION_1)
c0de1b1c c0de1b1c        0     1                 $t.12
c0de1b1d c0de1b1d       10     1                 OUTLINED_FUNCTION_1
c0de1b2c c0de1b2c       10     2         build/nanox/obj/sdk/lib_standard_app/io.o:(.text.OUTLINED_FUNCTION_2)
c0de1b2c c0de1b2c        0     1                 $t.13
c0de1b2d c0de1b2d       10     1                 OUTLINED_FUNCTION_2
c0de1b3c c0de1b3c        e     2         build/nanox/obj/sdk/lib_standard_app/io.o:(.text.OUTLINED_FUNCTION_3)
c0de1b3c c0de1b3c        0     1                 $t.14
c0de1b3d c0de1b3d        e     1                 OUTLINED_FUNCTION_3
c0de1b4a c0de1b4a        e     2         build/nanox/obj/sdk/lib_standard_app/io.o:(.text.OUTLINED_FUNCTION_4)
c0de1b4a c0de1b4a        0     1                 $t.15
c0de1b4b c0de1b4b        e     1                 OUTLINED_FUNCTION_4
c0de1b58 c0de1b58        a     2         build/nanox/obj/sdk/lib_standard_app/io.o:(.text.OUTLINED_FUNCTION_5)
c0de1b58 c0de1b58        0     1                 $t.16
c0de1b59 c0de1b59        a     1                 OUTLINED_FUNCTION_5
c0de1b62 c0de1b62        6     2         build/nanox/obj/sdk/lib_standard_app/io.o:(.text.OUTLINED_FUNCTION_6)
c0de1b62 c0de1b62        0     1                 $t.17
c0de1b63 c0de1b63        6     1                 OUTLINED_FUNCTION_6
c0de1b68 c0de1b68       1c     4         build/nanox/obj/sdk/lib_standard_app/main.o:(.text.common_app_init)
c0de1b68 c0de1b68        0     1                 $t.1
c0de1b69 c0de1b69       1c     1                 common_app_init
c0de1b80 c0de1b80        0     1                 $d.2
c0de1b84 c0de1b84       4e     2         build/nanox/obj/sdk/lib_standard_app/main.o:(.text.standalone_app_main)
c0de1b84 c0de1b84        0     1                 $t.3
c0de1b85 c0de1b85       4e     1                 standalone_app_main
c0de1bd4 c0de1bd4       28     4         build/nanox/obj/sdk/lib_ux/src/ux_flow_engine.o:(.text.ux_flow_check_valid)
c0de1bd4 c0de1bd4        0     1                 $t.2
c0de1bd5 c0de1bd5       28     1                 ux_flow_check_valid
c0de1bf8 c0de1bf8        0     1                 $d.3
c0de1bfc c0de1bfc       38     4         build/nanox/obj/sdk/lib_ux/src/ux_flow_engine.o:(.text.ux_flow_get_current)
c0de1bfc c0de1bfc        0     1                 $t.8
c0de1bfd c0de1bfd       38     1                 ux_flow_get_current
c0de1c30 c0de1c30        0     1                 $d.9
c0de1c34 c0de1c34       80     4         build/nanox/obj/sdk/lib_ux/src/ux_flow_engine.o:(.text.ux_flow_engine_init_step)
c0de1c34 c0de1c34        0     1                 $t.16
c0de1c35 c0de1c35       80     1                 ux_flow_engine_init_step
c0de1cac c0de1cac        0     1                 $d.17
c0de1cb4 c0de1cb4       84     4         build/nanox/obj/sdk/lib_ux/src/ux_flow_engine.o:(.text.ux_flow_init)
c0de1cb4 c0de1cb4        0     1                 $t.20
c0de1cb5 c0de1cb5       84     1                 ux_flow_init
c0de1d34 c0de1d34        0     1                 $d.21
c0de1d38 c0de1d38       20     4         build/nanox/obj/sdk/lib_ux/src/ux_flow_engine.o:(.text.ux_flow_relayout)
c0de1d38 c0de1d38        0     1                 $t.32
c0de1d39 c0de1d39       20     1                 ux_flow_relayout
c0de1d54 c0de1d54        0     1                 $d.33
c0de1d58 c0de1d58       18     2         build/nanox/obj/sdk/lib_ux/src/ux_flow_engine.o:(.text.OUTLINED_FUNCTION_0)
c0de1d58 c0de1d58        0     1                 $t.34
c0de1d59 c0de1d59       18     1                 OUTLINED_FUNCTION_0
c0de1d70 c0de1d70       40     4         build/nanox/obj/sdk/lib_ux/src/ux_stack.o:(.text.ux_stack_redisplay)
c0de1d70 c0de1d70        0     1                 $t.6
c0de1d71 c0de1d71       40     1                 ux_stack_redisplay
c0de1dac c0de1dac        0     1                 $d.7
c0de1db0 c0de1db0       40     4         build/nanox/obj/sdk/lib_ux/src/ux_stack.o:(.text.ux_stack_display)
c0de1db0 c0de1db0        0     1                 $t.8
c0de1db1 c0de1db1       40     1                 ux_stack_display
c0de1dec c0de1dec        0     1                 $d.9
c0de1df0 c0de1df0       34     4         build/nanox/obj/sdk/lib_ux/src/ux_stack.o:(.text.ux_stack_display_element_callback)
c0de1df0 c0de1df0        0     1                 $t.16
c0de1df1 c0de1df1       34     1                 ux_stack_display_element_callback
c0de1e20 c0de1e20        0     1                 $d.17
c0de1e24 c0de1e24       a4     4         build/nanox/obj/sdk/lib_ux/src/ux_stack.o:(.text.ux_stack_display_elements)
c0de1e24 c0de1e24        0     1                 $t.18
c0de1e25 c0de1e25       a4     1                 ux_stack_display_elements
c0de1ec4 c0de1ec4        0     1                 $d.19
c0de1ec8 c0de1ec8        a     1         build/nanox/obj/sdk/src/cx_stubs.o:(.text.cx_ecfp_generate_pair_no_throw)
c0de1ec8 c0de1ec8        0     1                 $t.50
c0de1ec9 c0de1ec9        0     1                 cx_ecfp_generate_pair_no_throw
c0de1ed2 c0de1ed2        a     1         build/nanox/obj/sdk/src/cx_stubs.o:(.text.cx_ecfp_init_private_key_no_throw)
c0de1ed2 c0de1ed2        0     1                 $t.51
c0de1ed3 c0de1ed3        0     1                 cx_ecfp_init_private_key_no_throw
c0de1edc c0de1edc        a     1         build/nanox/obj/sdk/src/cx_stubs.o:(.text.cx_eddsa_sign_no_throw)
c0de1edc c0de1edc        0     1                 $t.58
c0de1edd c0de1edd        0     1                 cx_eddsa_sign_no_throw
c0de1ee6 c0de1ee6        a     1         build/nanox/obj/sdk/src/cx_stubs.o:(.text.cx_hash_no_throw)
c0de1ee6 c0de1ee6        0     1                 $t.68
c0de1ee7 c0de1ee7        0     1                 cx_hash_no_throw
c0de1ef0 c0de1ef0        a     1         build/nanox/obj/sdk/src/cx_stubs.o:(.text.cx_sha256_init_no_throw)
c0de1ef0 c0de1ef0        0     1                 $t.113
c0de1ef1 c0de1ef1        0     1                 cx_sha256_init_no_throw
c0de1efc c0de1efc       10     4         build/nanox/obj/sdk/src/cx_stubs.o:(.text.cx_aes_siv_reset)
c0de1efc c0de1efc        0     1                 $t.144
c0de1efd c0de1efd        0     1                 cx_aes_siv_reset
c0de1f05 c0de1f05        0     1                 cx_trampoline_helper
c0de1f08 c0de1f08        0     1                 $d.145
c0de1f0c c0de1f0c        6     2         build/nanox/obj/sdk/src/os.o:(.text.os_boot)
c0de1f0c c0de1f0c        0     1                 $t.0
c0de1f0d c0de1f0d        6     1                 os_boot
c0de1f12 c0de1f12        c     2         build/nanox/obj/sdk/src/os.o:(.text.os_longjmp)
c0de1f12 c0de1f12        0     1                 $t.3
c0de1f13 c0de1f13        c     1                 os_longjmp
c0de1f20 c0de1f20       3c     4         build/nanox/obj/sdk/src/pic.o:(.text.pic)
c0de1f20 c0de1f20        0     1                 $t.0
c0de1f21 c0de1f21       2a     1                 pic
c0de1f4c c0de1f4c        0     1                 $d.2
c0de1f5c c0de1f5c       10     4         build/nanox/obj/sdk/src/pic.o:(.text.pic_internal)
c0de1f5c c0de1f5c        0     1                 $t.1
c0de1f5d c0de1f5d        c     1                 pic_internal
c0de1f68 c0de1f68        0     1                 $d.3
c0de1f6c c0de1f6c        e     4         build/nanox/obj/sdk/src/svc_call.o:(.text)
c0de1f6c c0de1f6c        0     1                 $t.0
c0de1f6d c0de1f6d        0     1                 SVC_Call
c0de1f74 c0de1f74        0     1                 exception
c0de1f7a c0de1f7a       12     2         build/nanox/obj/sdk/src/syscalls.o:(.text.os_perso_isonboarded)
c0de1f7a c0de1f7a        0     1                 $t.182
c0de1f7b c0de1f7b       12     1                 os_perso_isonboarded
c0de1f8c c0de1f8c       28     4         build/nanox/obj/sdk/src/syscalls.o:(.text.os_perso_derive_node_with_seed_key)
c0de1f8c c0de1f8c        0     1                 $t.189
c0de1f8d c0de1f8d       28     1                 os_perso_derive_node_with_seed_key
c0de1fb0 c0de1fb0        0     1                 $d.190
c0de1fb4 c0de1fb4       20     4         build/nanox/obj/sdk/src/syscalls.o:(.text.os_pki_load_certificate)
c0de1fb4 c0de1fb4        0     1                 $t.195
c0de1fb5 c0de1fb5       20     1                 os_pki_load_certificate
c0de1fd0 c0de1fd0        0     1                 $d.196
c0de1fd4 c0de1fd4       12     2         build/nanox/obj/sdk/src/syscalls.o:(.text.os_perso_is_pin_set)
c0de1fd4 c0de1fd4        0     1                 $t.221
c0de1fd5 c0de1fd5       12     1                 os_perso_is_pin_set
c0de1fe6 c0de1fe6       12     2         build/nanox/obj/sdk/src/syscalls.o:(.text.os_global_pin_is_validated)
c0de1fe6 c0de1fe6        0     1                 $t.222
c0de1fe7 c0de1fe7       12     1                 os_global_pin_is_validated
c0de1ff8 c0de1ff8       14     4         build/nanox/obj/sdk/src/syscalls.o:(.text.os_ux)
c0de1ff8 c0de1ff8        0     1                 $t.230
c0de1ff9 c0de1ff9       14     1                 os_ux
c0de2008 c0de2008        0     1                 $d.231
c0de200c c0de200c       10     2         build/nanox/obj/sdk/src/syscalls.o:(.text.os_flags)
c0de200c c0de200c        0     1                 $t.239
c0de200d c0de200d       10     1                 os_flags
c0de201c c0de201c       18     4         build/nanox/obj/sdk/src/syscalls.o:(.text.os_registry_get_current_app_tag)
c0de201c c0de201c        0     1                 $t.259
c0de201d c0de201d       18     1                 os_registry_get_current_app_tag
c0de2030 c0de2030        0     1                 $d.260
c0de2034 c0de2034       14     4         build/nanox/obj/sdk/src/syscalls.o:(.text.os_sched_exit)
c0de2034 c0de2034        0     1                 $t.266
c0de2035 c0de2035       14     1                 os_sched_exit
c0de2044 c0de2044        0     1                 $d.267
c0de2048 c0de2048       14     4         build/nanox/obj/sdk/src/syscalls.o:(.text.os_io_init)
c0de2048 c0de2048        0     1                 $t.278
c0de2049 c0de2049       14     1                 os_io_init
c0de2058 c0de2058        0     1                 $d.279
c0de205c c0de205c       14     4         build/nanox/obj/sdk/src/syscalls.o:(.text.os_io_start)
c0de205c c0de205c        0     1                 $t.280
c0de205d c0de205d       14     1                 os_io_start
c0de206c c0de206c        0     1                 $d.281
c0de2070 c0de2070       18     4         build/nanox/obj/sdk/src/syscalls.o:(.text.os_io_tx_cmd)
c0de2070 c0de2070        0     1                 $t.284
c0de2071 c0de2071       18     1                 os_io_tx_cmd
c0de2084 c0de2084        0     1                 $d.285
c0de2088 c0de2088       18     4         build/nanox/obj/sdk/src/syscalls.o:(.text.os_io_rx_evt)
c0de2088 c0de2088        0     1                 $t.286
c0de2089 c0de2089       18     1                 os_io_rx_evt
c0de209c c0de209c        0     1                 $d.287
c0de20a0 c0de20a0       10     2         build/nanox/obj/sdk/src/syscalls.o:(.text.try_context_get)
c0de20a0 c0de20a0        0     1                 $t.292
c0de20a1 c0de20a1       10     1                 try_context_get
c0de20b0 c0de20b0       14     4         build/nanox/obj/sdk/src/syscalls.o:(.text.try_context_set)
c0de20b0 c0de20b0        0     1                 $t.293
c0de20b1 c0de20b1       14     1                 try_context_set
c0de20c0 c0de20c0        0     1                 $d.294
c0de20c4 c0de20c4       18     4         build/nanox/obj/sdk/src/syscalls.o:(.text.os_sched_last_status)
c0de20c4 c0de20c4        0     1                 $t.295
c0de20c5 c0de20c5       18     1                 os_sched_last_status
c0de20d8 c0de20d8        0     1                 $d.296
c0de20dc c0de20dc       10     2         build/nanox/obj/sdk/src/syscalls.o:(.text.screen_update)
c0de20dc c0de20dc        0     1                 $t.309
c0de20dd c0de20dd       10     1                 screen_update
c0de20ec c0de20ec       30     4         build/nanox/obj/sdk/src/syscalls.o:(.text.bagl_hal_draw_bitmap_within_rect)
c0de20ec c0de20ec        0     1                 $t.312
c0de20ed c0de20ed       30     1                 bagl_hal_draw_bitmap_within_rect
c0de2118 c0de2118        0     1                 $d.313
c0de211c c0de211c       20     4         build/nanox/obj/sdk/src/syscalls.o:(.text.bagl_hal_draw_rect)
c0de211c c0de211c        0     1                 $t.314
c0de211d c0de211d       20     1                 bagl_hal_draw_rect
c0de2138 c0de2138        0     1                 $d.315
c0de213c c0de213c        8     2         build/nanox/obj/sdk/src/syscalls.o:(.text.OUTLINED_FUNCTION_0)
c0de213c c0de213c        0     1                 $t.317
c0de213d c0de213d        8     1                 OUTLINED_FUNCTION_0
c0de2144 c0de2144        4     4         /opt/nanox-secure-sdk/arch/st33/lib/libclang_rt.builtins.a(aeabi_memcpy.S.o):(.text)
c0de2144 c0de2144        0     1                 $t.0
c0de2145 c0de2145        4     1                 __aeabi_memcpy
c0de2145 c0de2145        4     1                 __aeabi_memcpy4
c0de2145 c0de2145        4     1                 __aeabi_memcpy8
c0de2148 c0de2148       14     4         /opt/nanox-secure-sdk/arch/st33/lib/libclang_rt.builtins.a(aeabi_memset.S.o):(.text)
c0de2148 c0de2148        0     1                 $t.0
c0de2149 c0de2149        a     1                 __aeabi_memset
c0de2149 c0de2149        a     1                 __aeabi_memset4
c0de2149 c0de2149        a     1                 __aeabi_memset8
c0de2155 c0de2155        8     1                 __aeabi_memclr
c0de2155 c0de2155        8     1                 __aeabi_memclr4
c0de2155 c0de2155        8     1                 __aeabi_memclr8
c0de215c c0de215c        4     2         /opt/nanox-secure-sdk/arch/st33/lib/libc.a(lib_a-explicit_bzero.o):(.text.explicit_bzero)
c0de215c c0de215c        0     1                 $t
c0de215d c0de215d        4     1                 explicit_bzero
c0de2160 c0de2160        8     2         /opt/nanox-secure-sdk/arch/st33/lib/libc.a(lib_a-bzero.o):(.text.bzero)
c0de2160 c0de2160        0     1                 $t
c0de2161 c0de2161        8     1                 bzero
c0de2168 c0de2168       1c     2         /opt/nanox-secure-sdk/arch/st33/lib/libc.a(lib_a-memcpy-stub.o):(.text.memcpy)
c0de2168 c0de2168        0     1                 $t
c0de2169 c0de2169       1c     1                 memcpy
c0de2184 c0de2184       10     2         /opt/nanox-secure-sdk/arch/st33/lib/libc.a(lib_a-memset.o):(.text.memset)
c0de2184 c0de2184        0     1                 $t
c0de2185 c0de2185       10     1                 memset
c0de2194 c0de2194       1c     4         /opt/nanox-secure-sdk/arch/st33/lib/libc.a(lib_a-setjmp.o):(.text)
c0de2194 c0de2194        0     1                 $t
c0de2195 c0de2195        c     1                 setjmp
c0de21a1 c0de21a1        e     1                 longjmp
c0de21b0 c0de21b0       10     2         /opt/nanox-secure-sdk/arch/st33/lib/libc.a(lib_a-strlen.o):(.text)
c0de21b0 c0de21b0        0     1                 $t
c0de21b1 c0de21b1       10     1                 strlen
c0de21c0 c0de21c0        0     1         _ecode = .
c0de21c0 c0de21c0       3f     1         <internal>:(.text)
c0de2200 c0de2200       14     4         build/nanox/obj/app/src/main.o:(.rodata..L__const.handle_sign_msg.defpath)
c0de2200 c0de2200       14     1                 .L__const.handle_sign_msg.defpath
c0de2214 c0de2214      1ec     1         build/nanox/obj/sdk/lib_bagl/src/bagl_fonts.o:(.rodata.bitmapOPEN_SANS_EXTRABOLD_11PX)
c0de2214 c0de2214      1ec     1                 bitmapOPEN_SANS_EXTRABOLD_11PX
c0de2400 c0de2400      17c     4         build/nanox/obj/sdk/lib_bagl/src/bagl_fonts.o:(.rodata.charactersOPEN_SANS_EXTRABOLD_11PX)
c0de2400 c0de2400      17c     1                 charactersOPEN_SANS_EXTRABOLD_11PX
c0de257c c0de257c       10     4         build/nanox/obj/sdk/lib_bagl/src/bagl_fonts.o:(.rodata.fontOPEN_SANS_EXTRABOLD_11PX)
c0de257c c0de257c       10     1                 fontOPEN_SANS_EXTRABOLD_11PX
c0de258c c0de258c      353     1         build/nanox/obj/sdk/lib_bagl/src/bagl_fonts.o:(.rodata.bitmapOPEN_SANS_LIGHT_16PX)
c0de258c c0de258c      353     1                 bitmapOPEN_SANS_LIGHT_16PX
c0de28e0 c0de28e0      17c     4         build/nanox/obj/sdk/lib_bagl/src/bagl_fonts.o:(.rodata.charactersOPEN_SANS_LIGHT_16PX)
c0de28e0 c0de28e0      17c     1                 charactersOPEN_SANS_LIGHT_16PX
c0de2a5c c0de2a5c       10     4         build/nanox/obj/sdk/lib_bagl/src/bagl_fonts.o:(.rodata.fontOPEN_SANS_LIGHT_16PX)
c0de2a5c c0de2a5c       10     1                 fontOPEN_SANS_LIGHT_16PX
c0de2a6c c0de2a6c      18f     1         build/nanox/obj/sdk/lib_bagl/src/bagl_fonts.o:(.rodata.bitmapOPEN_SANS_REGULAR_11PX)
c0de2a6c c0de2a6c      18f     1                 bitmapOPEN_SANS_REGULAR_11PX
c0de2bfc c0de2bfc      17c     4         build/nanox/obj/sdk/lib_bagl/src/bagl_fonts.o:(.rodata.charactersOPEN_SANS_REGULAR_11PX)
c0de2bfc c0de2bfc      17c     1                 charactersOPEN_SANS_REGULAR_11PX
c0de2d78 c0de2d78       10     4         build/nanox/obj/sdk/lib_bagl/src/bagl_fonts.o:(.rodata.fontOPEN_SANS_REGULAR_11PX)
c0de2d78 c0de2d78       10     1                 fontOPEN_SANS_REGULAR_11PX
c0de2d88 c0de2d88        c     4         build/nanox/obj/sdk/lib_bagl/src/bagl_fonts.o:(.rodata.C_bagl_fonts)
c0de2d88 c0de2d88        c     1                 C_bagl_fonts
c0de2d94 c0de2d94        4     4         build/nanox/obj/sdk/lib_bagl/src/bagl_fonts.o:(.rodata.C_bagl_fonts_count)
c0de2d94 c0de2d94        4     1                 C_bagl_fonts_count
c0de2d98 c0de2d98        0     1         . = ALIGN ( 4 )
c0de2d98 c0de2d98        0     1         _etext = .
c0de2d98 c0de2d98       68     1         . = ALIGN ( PAGE_SIZE )
c0de2e00 c0de2e00        0     1         _nvram_data = .
c0de2e00 c0de2e00        0     1         . = ALIGN ( PAGE_SIZE )
c0de2e00 c0de2e00        0     1         _envram_data = .
c0de2e00 c0de2e00        0     1         _install_parameters = .
c0de2e00 c0de2e00       11     1         build/nanox/obj/sdk/src/app_metadata.o:(.install_parameters)
c0de2e00 c0de2e00       11     1                 install_parameters
c0de2e11 c0de2e11        0     1         _einstall_parameters = .
c0de2e11 c0de2e11        0     1         _nvram_end = .
d0000000 d0000000        0     1 .data
d0000000 d0000000        0     1         . = ALIGN ( 4 )
d0000000 d0000000        0     1         _data = .
d0000000 d0000000        0     1         _edata = .
d0000000 d0000000        0     1 
da7a0000 da7a0000     7000     4 .bss
da7a0000 da7a0000        0     1         _bss = .
da7a0000 da7a0000        0     1         __stack_chk_guard = .
da7a0000 da7a0000        4     1         . += 4
da7a0004 da7a0004       7c     4         build/nanox/obj/app/src/main.o:(.bss.G_app_state)
da7a0004 da7a0004       7c     1                 G_app_state
da7a0080 da7a0080      111     1         build/nanox/obj/sdk/io/src/os_io.o:(.bss.G_io_tx_buffer)
da7a0080 da7a0080      111     1                 G_io_tx_buffer
da7a0191 da7a0191      111     1         build/nanox/obj/sdk/io/src/os_io.o:(.bss.G_io_rx_buffer)
da7a0191 da7a0191      111     1                 G_io_rx_buffer
da7a02a4 da7a02a4        8     4         build/nanox/obj/sdk/io/src/os_io_seph_ux.o:(.bss.G_ux_os)
da7a02a4 da7a02a4        8     1                 G_ux_os
da7a02ac da7a02ac        8     2         build/nanox/obj/sdk/io_legacy/src/os_io_legacy.o:(.bss.G_io_app)
da7a02ac da7a02ac        8     1                 G_io_app
da7a02b4 da7a02b4        2     1         build/nanox/obj/sdk/io_legacy/src/os_io_legacy.o:(.bss..L_MergedGlobals)
da7a02b4 da7a02b4        2     1                 .L_MergedGlobals
da7a02b4 da7a02b4        1     1                 need_to_start_io
da7a02b5 da7a02b5        1     1                 io_os_legacy_apdu_type
da7a02b6 da7a02b6      110     1         build/nanox/obj/sdk/lib_standard_app/io.o:(.bss.G_io_seproxyhal_spi_buffer)
da7a02b6 da7a02b6      110     1                 G_io_seproxyhal_spi_buffer
da7a03c8 da7a03c8      110     4         build/nanox/obj/sdk/lib_standard_app/main.o:(.bss.G_ux)
da7a03c8 da7a03c8      110     1                 G_ux
da7a04d8 da7a04d8        c     4         build/nanox/obj/sdk/lib_standard_app/main.o:(.bss.G_ux_params)
da7a04d8 da7a04d8        c     1                 G_ux_params
da7a04e4 da7a04e4        1     1         build/nanox/obj/sdk/lib_u2f_legacy/src/u2f_legacy.o:(.bss.G_io_u2f)
da7a04e4 da7a04e4        1     1                 G_io_u2f
da7a04e5 da7a04e5        0     1         _ebss = .
da7a04e5 da7a04e5        3     1         . = ALIGN ( 4 )
da7a04e8 da7a04e8        0     1         app_stack_canary = .
da7a04e8 da7a04e8        4     1         . += 4
da7a04ec da7a04ec        0     1         _stack = .
da7a04ec da7a04ec     6b14     1         . = END_STACK
da7a7000 da7a7000        0     1         _estack = .
da7a7000 da7a7000        0     1 
       0        0       5d     1 .comment
       0        0       5d     1         <internal>:(.comment)
       0        0        5     1 ledger.target
       0        0        5     1         build/nanox/obj/sdk/src/app_metadata.o:(ledger.target)
       0        0        5     1                 target
       0        0        c     1 ledger.target_name
       0        0        c     1         build/nanox/obj/sdk/src/app_metadata.o:(ledger.target_name)
       0        0        c     1                 target_name
       0        0        a     1 ledger.target_id
       0        0        a     1         build/nanox/obj/sdk/src/app_metadata.o:(ledger.target_id)
       0        0        a     1                 target_id
       0        0        5     1 ledger.app_name
       0        0        5     1         build/nanox/obj/sdk/src/app_metadata.o:(ledger.app_name)
       0        0        5     1                 app_name
       0        0        5     1 ledger.app_version
       0        0        5     1         build/nanox/obj/sdk/src/app_metadata.o:(ledger.app_version)
       0        0        5     1                 app_version
       0        0        2     1 ledger.api_level
       0        0        2     1         build/nanox/obj/sdk/src/app_metadata.o:(ledger.api_level)
       0        0        2     1                 api_level
       0        0       11     1 ledger.sdk_name
       0        0       11     1         build/nanox/obj/sdk/src/app_metadata.o:(ledger.sdk_name)
       0        0       11     1                 sdk_name
       0        0        8     1 ledger.sdk_version
       0        0        8     1         build/nanox/obj/sdk/src/app_metadata.o:(ledger.sdk_version)
       0        0        8     1                 sdk_version
       0        0       28     1 ledger.sdk_hash
       0        0       28     1         build/nanox/obj/sdk/src/app_metadata.o:(ledger.sdk_hash)
       0        0       28     1                 sdk_hash
       0        0        4     1 ledger.sdk_graphics
       0        0        4     1         build/nanox/obj/sdk/src/app_metadata.o:(ledger.sdk_graphics)
       0        0        4     1                 sdk_graphics
       0        0        3     1 ledger.app_flags
       0        0        3     1         build/nanox/obj/sdk/src/app_metadata.o:(ledger.app_flags)
       0        0        3     1                 app_flags
da7a7000 da7a7000        0     1 PROVIDE ( _nvram = ABSOLUTE ( _nvram_start ) )
da7a7000 da7a7000        0     1 PROVIDE ( _envram = ABSOLUTE ( _nvram_end ) )
       0        0       43     1 .ARM.attributes
       0        0       43     1         build/nanox/gen_src/glyphs.o:(.ARM.attributes)
       0        0     17d0     4 .symtab
       0        0     17d0     4         <internal>:(.symtab)
       0        0      103     1 .shstrtab
       0        0      103     1         <internal>:(.shstrtab)
       0        0     1231     1 .strtab
       0        0     1231     1         <internal>:(.strtab)
